Archive member included to satisfy reference by file (symbol)

/opt/st/stm32cubeide_1.19.0/plugins/com.st.stm32cube.ide.mcu.externaltools.gnu-tools-for-stm32.13.3.rel1.linux64_1.0.0.202410170706/tools/bin/../lib/gcc/arm-none-eabi/13.3.1/../../../../arm-none-eabi/lib/thumb/v7e-m+dp/hard/libc_nano.a(libc_a-exit.o)
                              /opt/st/stm32cubeide_1.19.0/plugins/com.st.stm32cube.ide.mcu.externaltools.gnu-tools-for-stm32.13.3.rel1.linux64_1.0.0.202410170706/tools/bin/../lib/gcc/arm-none-eabi/13.3.1/../../../../arm-none-eabi/lib/thumb/v7e-m+dp/hard/crt0.o (exit)
/opt/st/stm32cubeide_1.19.0/plugins/com.st.stm32cube.ide.mcu.externaltools.gnu-tools-for-stm32.13.3.rel1.linux64_1.0.0.202410170706/tools/bin/../lib/gcc/arm-none-eabi/13.3.1/../../../../arm-none-eabi/lib/thumb/v7e-m+dp/hard/libc_nano.a(libc_a-malloc.o)
                              ./Core/Inc/USBD_CDC/CK_USBD_BUFFER.o (malloc)
/opt/st/stm32cubeide_1.19.0/plugins/com.st.stm32cube.ide.mcu.externaltools.gnu-tools-for-stm32.13.3.rel1.linux64_1.0.0.202410170706/tools/bin/../lib/gcc/arm-none-eabi/13.3.1/../../../../arm-none-eabi/lib/thumb/v7e-m+dp/hard/libc_nano.a(libc_a-mallocr.o)
                              /opt/st/stm32cubeide_1.19.0/plugins/com.st.stm32cube.ide.mcu.externaltools.gnu-tools-for-stm32.13.3.rel1.linux64_1.0.0.202410170706/tools/bin/../lib/gcc/arm-none-eabi/13.3.1/../../../../arm-none-eabi/lib/thumb/v7e-m+dp/hard/libc_nano.a(libc_a-malloc.o) (_malloc_r)
/opt/st/stm32cubeide_1.19.0/plugins/com.st.stm32cube.ide.mcu.externaltools.gnu-tools-for-stm32.13.3.rel1.linux64_1.0.0.202410170706/tools/bin/../lib/gcc/arm-none-eabi/13.3.1/../../../../arm-none-eabi/lib/thumb/v7e-m+dp/hard/libc_nano.a(libc_a-mlock.o)
                              /opt/st/stm32cubeide_1.19.0/plugins/com.st.stm32cube.ide.mcu.externaltools.gnu-tools-for-stm32.13.3.rel1.linux64_1.0.0.202410170706/tools/bin/../lib/gcc/arm-none-eabi/13.3.1/../../../../arm-none-eabi/lib/thumb/v7e-m+dp/hard/libc_nano.a(libc_a-mallocr.o) (__malloc_lock)
/opt/st/stm32cubeide_1.19.0/plugins/com.st.stm32cube.ide.mcu.externaltools.gnu-tools-for-stm32.13.3.rel1.linux64_1.0.0.202410170706/tools/bin/../lib/gcc/arm-none-eabi/13.3.1/../../../../arm-none-eabi/lib/thumb/v7e-m+dp/hard/libc_nano.a(libc_a-findfp.o)
                              /opt/st/stm32cubeide_1.19.0/plugins/com.st.stm32cube.ide.mcu.externaltools.gnu-tools-for-stm32.13.3.rel1.linux64_1.0.0.202410170706/tools/bin/../lib/gcc/arm-none-eabi/13.3.1/../../../../arm-none-eabi/lib/thumb/v7e-m+dp/hard/libc_nano.a(libc_a-exit.o) (__stdio_exit_handler)
/opt/st/stm32cubeide_1.19.0/plugins/com.st.stm32cube.ide.mcu.externaltools.gnu-tools-for-stm32.13.3.rel1.linux64_1.0.0.202410170706/tools/bin/../lib/gcc/arm-none-eabi/13.3.1/../../../../arm-none-eabi/lib/thumb/v7e-m+dp/hard/libc_nano.a(libc_a-fwalk.o)
                              /opt/st/stm32cubeide_1.19.0/plugins/com.st.stm32cube.ide.mcu.externaltools.gnu-tools-for-stm32.13.3.rel1.linux64_1.0.0.202410170706/tools/bin/../lib/gcc/arm-none-eabi/13.3.1/../../../../arm-none-eabi/lib/thumb/v7e-m+dp/hard/libc_nano.a(libc_a-findfp.o) (_fwalk_sglue)
/opt/st/stm32cubeide_1.19.0/plugins/com.st.stm32cube.ide.mcu.externaltools.gnu-tools-for-stm32.13.3.rel1.linux64_1.0.0.202410170706/tools/bin/../lib/gcc/arm-none-eabi/13.3.1/../../../../arm-none-eabi/lib/thumb/v7e-m+dp/hard/libc_nano.a(libc_a-stdio.o)
                              /opt/st/stm32cubeide_1.19.0/plugins/com.st.stm32cube.ide.mcu.externaltools.gnu-tools-for-stm32.13.3.rel1.linux64_1.0.0.202410170706/tools/bin/../lib/gcc/arm-none-eabi/13.3.1/../../../../arm-none-eabi/lib/thumb/v7e-m+dp/hard/libc_nano.a(libc_a-findfp.o) (__sread)
/opt/st/stm32cubeide_1.19.0/plugins/com.st.stm32cube.ide.mcu.externaltools.gnu-tools-for-stm32.13.3.rel1.linux64_1.0.0.202410170706/tools/bin/../lib/gcc/arm-none-eabi/13.3.1/../../../../arm-none-eabi/lib/thumb/v7e-m+dp/hard/libc_nano.a(libc_a-memset.o)
                              /opt/st/stm32cubeide_1.19.0/plugins/com.st.stm32cube.ide.mcu.externaltools.gnu-tools-for-stm32.13.3.rel1.linux64_1.0.0.202410170706/tools/bin/../lib/gcc/arm-none-eabi/13.3.1/../../../../arm-none-eabi/lib/thumb/v7e-m+dp/hard/crt0.o (memset)
/opt/st/stm32cubeide_1.19.0/plugins/com.st.stm32cube.ide.mcu.externaltools.gnu-tools-for-stm32.13.3.rel1.linux64_1.0.0.202410170706/tools/bin/../lib/gcc/arm-none-eabi/13.3.1/../../../../arm-none-eabi/lib/thumb/v7e-m+dp/hard/libc_nano.a(libc_a-closer.o)
                              /opt/st/stm32cubeide_1.19.0/plugins/com.st.stm32cube.ide.mcu.externaltools.gnu-tools-for-stm32.13.3.rel1.linux64_1.0.0.202410170706/tools/bin/../lib/gcc/arm-none-eabi/13.3.1/../../../../arm-none-eabi/lib/thumb/v7e-m+dp/hard/libc_nano.a(libc_a-stdio.o) (_close_r)
/opt/st/stm32cubeide_1.19.0/plugins/com.st.stm32cube.ide.mcu.externaltools.gnu-tools-for-stm32.13.3.rel1.linux64_1.0.0.202410170706/tools/bin/../lib/gcc/arm-none-eabi/13.3.1/../../../../arm-none-eabi/lib/thumb/v7e-m+dp/hard/libc_nano.a(libc_a-reent.o)
[...]
Memory Configuration

Name             Origin             Length             Attributes
FLASH            0x08000000         0x001e0000         xr
DTCMRAM          0x20000000         0x00020000         xrw
RAM_D1           0x24000000         0x00080000         xrw
RAM_D2           0x30000000         0x00048000         xrw
RAM_D3           0x38000000         0x00010000         xrw
ITCMRAM          0x00000000         0x00010000         xrw
*default*        0x00000000         0xffffffff

Linker script and memory map

LOAD /opt/st/stm32cubeide_1.19.0/plugins/com.st.stm32cube.ide.mcu.externaltools.gnu-tools-for-stm32.13.3.rel1.linux64_1.0.0.202410170706/tools/bin/../lib/gcc/arm-none-eabi/13.3.1/thumb/v7e-m+dp/hard/crti.o
LOAD /opt/st/stm32cubeide_1.19.0/plugins/com.st.stm32cube.ide.mcu.externaltools.gnu-tools-for-stm32.13.3.rel1.linux64_1.0.0.202410170706/tools/bin/../lib/gcc/arm-none-eabi/13.3.1/thumb/v7e-m+dp/hard/crtbegin.o
LOAD /opt/st/stm32cubeide_1.19.0/plugins/com.st.stm32cube.ide.mcu.externaltools.gnu-tools-for-stm32.13.3.rel1.linux64_1.0.0.202410170706/tools/bin/../lib/gcc/arm-none-eabi/13.3.1/../../../../arm-none-eabi/lib/thumb/v7e-m+dp/hard/crt0.o
LOAD ./Core/Inc/CK_GPIO.o
LOAD ./Core/Inc/CK_SPI.o
LOAD ./Core/Inc/CK_SYSTEM.o
LOAD ./Core/Inc/CK_TIME_HAL.o
LOAD ./Core/Inc/USBD_CDC/CK_USBD_BUFFER.o
LOAD ./Core/Inc/USBD_CDC/usb_device.o
LOAD ./Core/Inc/USBD_CDC/usbd_cdc.o
LOAD ./Core/Inc/USBD_CDC/usbd_cdc_if.o
LOAD ./Core/Inc/USBD_CDC/usbd_conf.o
LOAD ./Core/Inc/USBD_CDC/usbd_core.o
LOAD ./Core/Inc/USBD_CDC/usbd_ctlreq.o
LOAD ./Core/Inc/USBD_CDC/usbd_desc.o
LOAD ./Core/Inc/USBD_CDC/usbd_ioreq.o
LOAD ./Core/Src/main.o
LOAD ./Core/Src/stm32h7xx_hal_msp.o
LOAD ./Core/Src/stm32h7xx_it.o
LOAD ./Core/Src/syscalls.o
LOAD ./Core/Src/sysmem.o
LOAD ./Core/Src/system_stm32h7xx.o
LOAD ./Core/Startup/startup_stm32h743vihx.o
LOAD ./Drivers/STM32H7xx_HAL_Driver/Src/stm32h7xx_hal.o
LOAD ./Drivers/STM32H7xx_HAL_Driver/Src/stm32h7xx_hal_cortex.o
LOAD ./Drivers/STM32H7xx_HAL_Driver/Src/stm32h7xx_hal_dma.o
LOAD ./Drivers/STM32H7xx_HAL_Driver/Src/stm32h7xx_hal_dma_ex.o
LOAD ./Drivers/STM32H7xx_HAL_Driver/Src/stm32h7xx_hal_exti.o
LOAD ./Drivers/STM32H7xx_HAL_Driver/Src/stm32h7xx_hal_flash.o
LOAD ./Drivers/STM32H7xx_HAL_Driver/Src/stm32h7xx_hal_flash_ex.o
LOAD ./Drivers/STM32H7xx_HAL_Driver/Src/stm32h7xx_hal_gpio.o
LOAD ./Drivers/STM32H7xx_HAL_Driver/Src/stm32h7xx_hal_hsem.o
LOAD ./Drivers/STM32H7xx_HAL_Driver/Src/stm32h7xx_hal_i2c.o
LOAD ./Drivers/STM32H7xx_HAL_Driver/Src/stm32h7xx_hal_i2c_ex.o
LOAD ./Drivers/STM32H7xx_HAL_Driver/Src/stm32h7xx_hal_mdma.o
LOAD ./Drivers/STM32H7xx_HAL_Driver/Src/stm32h7xx_hal_pcd.o
LOAD ./Drivers/STM32H7xx_HAL_Driver/Src/stm32h7xx_hal_pcd_ex.o
LOAD ./Drivers/STM32H7xx_HAL_Driver/Src/stm32h7xx_hal_pwr.o
LOAD ./Drivers/STM32H7xx_HAL_Driver/Src/stm32h7xx_hal_pwr_ex.o
LOAD ./Drivers/STM32H7xx_HAL_Driver/Src/stm32h7xx_hal_rcc.o
LOAD ./Drivers/STM32H7xx_HAL_Driver/Src/stm32h7xx_hal_rcc_ex.o
LOAD ./Drivers/STM32H7xx_HAL_Driver/Src/stm32h7xx_hal_sd.o
LOAD ./Drivers/STM32H7xx_HAL_Driver/Src/stm32h7xx_hal_sd_ex.o
LOAD ./Drivers/STM32H7xx_HAL_Driver/Src/stm32h7xx_hal_spi.o
LOAD ./Drivers/STM32H7xx_HAL_Driver/Src/stm32h7xx_hal_spi_ex.o
LOAD ./Drivers/STM32H7xx_HAL_Driver/Src/stm32h7xx_hal_tim.o
LOAD ./Drivers/STM32H7xx_HAL_Driver/Src/stm32h7xx_hal_tim_ex.o
LOAD ./Drivers/STM32H7xx_HAL_Driver/Src/stm32h7xx_ll_delayblock.o
LOAD ./Drivers/STM32H7xx_HAL_Driver/Src/stm32h7xx_ll_sdmmc.o
LOAD ./Drivers/STM32H7xx_HAL_Driver/Src/stm32h7xx_ll_usb.o
START GROUP
LOAD /opt/st/stm32cubeide_1.19.0/plugins/com.st.stm32cube.ide.mcu.externaltools.gnu-tools-for-stm32.13.3.rel1.linux64_1.0.0.202410170706/tools/bin/../lib/gcc/arm-none-eabi/13.3.1/../../../../arm-none-eabi/lib/thumb/v7e-m+dp/hard/libc_nano.a
LOAD /opt/st/stm32cubeide_1.19.0/plugins/com.st.stm32cube.ide.mcu.externaltools.gnu-tools-for-stm32.13.3.rel1.linux64_1.0.0.202410170706/tools/bin/../lib/gcc/arm-none-eabi/13.3.1/../../../../arm-none-eabi/lib/thumb/v7e-m+dp/hard/libm.a
END GROUP
START GROUP
LOAD /opt/st/stm32cubeide_1.19.0/plugins/com.st.stm32cube.ide.mcu.externaltools.gnu-tools-for-stm32.13.3.rel1.linux64_1.0.0.202410170706/tools/bin/../lib/gcc/arm-none-eabi/13.3.1/thumb/v7e-m+dp/hard/libgcc.a
LOAD /opt/st/stm32cubeide_1.19.0/plugins/com.st.stm32cube.ide.mcu.externaltools.gnu-tools-for-stm32.13.3.rel1.linux64_1.0.0.202410170706/tools/bin/../lib/gcc/arm-none-eabi/13.3.1/../../../../arm-none-eabi/lib/thumb/v7e-m+dp/hard/libc_nano.a
END GROUP
START GROUP
LOAD /opt/st/stm32cubeide_1.19.0/plugins/com.st.stm32cube.ide.mcu.externaltools.gnu-tools-for-stm32.13.3.rel1.linux64_1.0.0.202410170706/tools/bin/../lib/gcc/arm-none-eabi/13.3.1/thumb/v7e-m+dp/hard/libgcc.a
LOAD /opt/st/stm32cubeide_1.19.0/plugins/com.st.stm32cube.ide.mcu.externaltools.gnu-tools-for-stm32.13.3.rel1.linux64_1.0.0.202410170706/tools/bin/../lib/gcc/arm-none-eabi/13.3.1/../../../../arm-none-eabi/lib/thumb/v7e-m+dp/hard/libc_nano.a
LOAD /opt/st/stm32cubeide_1.19.0/plugins/com.st.stm32cube.ide.mcu.externaltools.gnu-tools-for-stm32.13.3.rel1.linux64_1.0.0.202410170706/tools/bin/../lib/gcc/arm-none-eabi/13.3.1/../../../../arm-none-eabi/lib/thumb/v7e-m+dp/hard/libnosys.a
END GROUP
START GROUP
LOAD /opt/st/stm32cubeide_1.19.0/plugins/com.st.stm32cube.ide.mcu.externaltools.gnu-tools-for-stm32.13.3.rel1.linux64_1.0.0.202410170706/tools/bin/../lib/gcc/arm-none-eabi/13.3.1/thumb/v7e-m+dp/hard/libgcc.a
LOAD /opt/st/stm32cubeide_1.19.0/plugins/com.st.stm32cube.ide.mcu.externaltools.gnu-tools-for-stm32.13.3.rel1.linux64_1.0.0.202410170706/tools/bin/../lib/gcc/arm-none-eabi/13.3.1/../../../../arm-none-eabi/lib/thumb/v7e-m+dp/hard/libc_nano.a
LOAD /opt/st/stm32cubeide_1.19.0/plugins/com.st.stm32cube.ide.mcu.externaltools.gnu-tools-for-stm32.13.3.rel1.linux64_1.0.0.202410170706/tools/bin/../lib/gcc/arm-none-eabi/13.3.1/../../../../arm-none-eabi/lib/thumb/v7e-m+dp/hard/libnosys.a
END GROUP
LOAD /opt/st/stm32cubeide_1.19.0/plugins/com.st.stm32cube.ide.mcu.externaltools.gnu-tools-for-stm32.13.3.rel1.linux64_1.0.0.202410170706/tools/bin/../lib/gcc/arm-none-eabi/13.3.1/thumb/v7e-m+dp/hard/crtend.o
LOAD /opt/st/stm32cubeide_1.19.0/plugins/com.st.stm32cube.ide.mcu.externaltools.gnu-tools-for-stm32.13.3.rel1.linux64_1.0.0.202410170706/tools/bin/../lib/gcc/arm-none-eabi/13.3.1/thumb/v7e-m+dp/hard/crtn.o
                0x24080000                        _estack = (ORIGIN (RAM_D1) + LENGTH (RAM_D1))
                0x00000200                        _Min_Heap_Size = 0x200
                0x00000400                        _Min_Stack_Size = 0x400

.isr_vector     0x08000000      0x298
                0x08000000                        . = ALIGN (0x4)
 *(.isr_vector)
 .isr_vector    0x08000000      0x298 ./Core/Startup/startup_stm32h743vihx.o
                0x08000000                g_pfnVectors
                0x08000298                        . = ALIGN (0x4)

.text           0x08000298     0x6e28
                0x08000298                        . = ALIGN (0x4)
 *(.text)
 .text          0x08000298       0x40 /opt/st/stm32cubeide_1.19.0/plugins/com.st.stm32cube.ide.mcu.externaltools.gnu-tools-for-stm32.13.3.rel1.linux64_1.0.0.202410170706/tools/bin/../lib/gcc/arm-none-eabi/13.3.1/thumb/v7e-m+dp/hard/crtbegin.o
 *(.text*)
 .text.CK_GPIO_Init
                0x080002d8       0x62 ./Core/Inc/CK_GPIO.o
                0x080002d8                CK_GPIO_Init
 *fill*         0x0800033a        0x2 
 .text.CK_GPIO_ClockEnable
                0x0800033c       0x3c ./Core/Inc/CK_GPIO.o
                0x0800033c                CK_GPIO_ClockEnable
 .text.CK_GPIO_SetPin
                0x08000378       0x2a ./Core/Inc/CK_GPIO.o
                0x08000378                CK_GPIO_SetPin
 .text.CK_GPIO_ClearPin
                0x080003a2       0x2c ./Core/Inc/CK_GPIO.o
                0x080003a2                CK_GPIO_ClearPin
 .text.CK_GPIO_TogglePin
                0x080003ce       0x26 ./Core/Inc/CK_GPIO.o
                0x080003ce                CK_GPIO_TogglePin
 .text.CK_SYSTEM_SetSystemClock
                0x080003f4      0x12c ./Core/Inc/CK_SYSTEM.o
                0x080003f4                CK_SYSTEM_SetSystemClock
 .text.HAL_IncTick
                0x08000520       0x34 ./Core/Inc/CK_TIME_HAL.o
                0x08000520                HAL_IncTick
 .text.HAL_GetTick
                0x08000554       0x18 ./Core/Inc/CK_TIME_HAL.o
                0x08000554                HAL_GetTick
 .text.CK_TIME_GetMicroSec_SYSTICK
                0x0800056c       0x64 ./Core/Inc/CK_TIME_HAL.o
                0x0800056c                CK_TIME_GetMicroSec_SYSTICK
 .text.CK_TIME_GetMilliSec_SYSTICK
                0x080005d0       0x18 ./Core/Inc/CK_TIME_HAL.o
                0x080005d0                CK_TIME_GetMilliSec_SYSTICK
 .text.CK_TIME_GetMicroSec
                0x080005e8        0xe ./Core/Inc/CK_TIME_HAL.o
                0x080005e8                CK_TIME_GetMicroSec
 .text.CK_TIME_GetMilliSec
                0x080005f6        0xe ./Core/Inc/CK_TIME_HAL.o
                0x080005f6                CK_TIME_GetMilliSec
 .text.CK_TIME_DelayMilliSec
                0x08000604       0x26 ./Core/Inc/CK_TIME_HAL.o
                0x08000604                CK_TIME_DelayMilliSec
 .text.CK_TIME_DelayMicroSec
                0x0800062a       0x2a ./Core/Inc/CK_TIME_HAL.o
                0x0800062a                CK_TIME_DelayMicroSec
 .text.main     0x08000654      0x638 ./Core/Src/main.o
                0x08000654                main
 .text.SDMMC1_IRQHandler
                0x08000c8c       0x14 ./Core/Src/main.o
                0x08000c8c                SDMMC1_IRQHandler
 .text.HAL_SD_RxCpltCallback
                0x08000ca0       0x20 ./Core/Src/main.o
                0x08000ca0                HAL_SD_RxCpltCallback
 .text.HAL_SD_TxCpltCallback
                0x08000cc0       0x20 ./Core/Src/main.o
                0x08000cc0                HAL_SD_TxCpltCallback
 .text.HAL_SD_ErrorCallback
                0x08000ce0       0x14 ./Core/Src/main.o
                0x08000ce0                HAL_SD_ErrorCallback
 .text.Wait_SDCARD_Ready
                0x08000cf4       0x38 ./Core/Src/main.o
                0x08000cf4                Wait_SDCARD_Ready
 .text.Error_Handler
                0x08000d2c        0xc ./Core/Src/main.o
                0x08000d2c                Error_Handler
 .text.HAL_MspInit
                0x08000d38       0x34 ./Core/Src/stm32h7xx_hal_msp.o
                0x08000d38                HAL_MspInit
 .text.NMI_Handler
                0x08000d6c        0x8 ./Core/Src/stm32h7xx_it.o
                0x08000d6c                NMI_Handler
 .text.HardFault_Handler
                0x08000d74        0x8 ./Core/Src/stm32h7xx_it.o
                0x08000d74                HardFault_Handler
 .text.MemManage_Handler
                0x08000d7c        0x8 ./Core/Src/stm32h7xx_it.o
                0x08000d7c                MemManage_Handler
 .text.BusFault_Handler
                0x08000d84        0x8 ./Core/Src/stm32h7xx_it.o
                0x08000d84                BusFault_Handler
 .text.UsageFault_Handler
                0x08000d8c        0x8 ./Core/Src/stm32h7xx_it.o
                0x08000d8c                UsageFault_Handler
 .text.SVC_Handler
                0x08000d94        0xe ./Core/Src/stm32h7xx_it.o
                0x08000d94                SVC_Handler
 .text.DebugMon_Handler
                0x08000da2        0xe ./Core/Src/stm32h7xx_it.o
                0x08000da2                DebugMon_Handler
 .text.PendSV_Handler
                0x08000db0        0xe ./Core/Src/stm32h7xx_it.o
                0x08000db0                PendSV_Handler
 .text.SysTick_Handler
                0x08000dbe        0xc ./Core/Src/stm32h7xx_it.o
                0x08000dbe                SysTick_Handler
 *fill*         0x08000dca        0x2 
 .text.SystemInit
                0x08000dcc      0x110 ./Core/Src/system_stm32h7xx.o
                0x08000dcc                SystemInit
 .text.Reset_Handler
                0x08000edc       0x50 ./Core/Startup/startup_stm32h743vihx.o
                0x08000edc                Reset_Handler
 .text.Default_Handler
                0x08000f2c        0x2 ./Core/Startup/startup_stm32h743vihx.o
                0x08000f2c                RTC_Alarm_IRQHandler
                0x08000f2c                EXTI2_IRQHandler
                0x08000f2c                TIM8_CC_IRQHandler
                0x08000f2c                HRTIM1_Master_IRQHandler
                0x08000f2c                UART8_IRQHandler
                0x08000f2c                SPI4_IRQHandler
                0x08000f2c                TIM1_CC_IRQHandler
                0x08000f2c                BDMA_Channel6_IRQHandler
                0x08000f2c                DMA2_Stream5_IRQHandler
                0x08000f2c                HRTIM1_FLT_IRQHandler
                0x08000f2c                JPEG_IRQHandler
                0x08000f2c                DMA1_Stream5_IRQHandler
                0x08000f2c                BDMA_Channel1_IRQHandler
                0x08000f2c                HRTIM1_TIMD_IRQHandler
                0x08000f2c                TAMP_STAMP_IRQHandler
                0x08000f2c                EXTI3_IRQHandler
                0x08000f2c                LPTIM4_IRQHandler
                0x08000f2c                TIM8_TRG_COM_TIM14_IRQHandler
                0x08000f2c                LPTIM2_IRQHandler
                0x08000f2c                DFSDM1_FLT1_IRQHandler
                0x08000f2c                DMAMUX2_OVR_IRQHandler
                0x08000f2c                TIM8_UP_TIM13_IRQHandler
                0x08000f2c                I2C3_ER_IRQHandler
                0x08000f2c                DFSDM1_FLT2_IRQHandler
                0x08000f2c                MDMA_IRQHandler
                0x08000f2c                LPTIM3_IRQHandler
                0x08000f2c                HSEM1_IRQHandler
                0x08000f2c                EXTI0_IRQHandler
                0x08000f2c                I2C2_EV_IRQHandler
                0x08000f2c                DMA1_Stream2_IRQHandler
                0x08000f2c                FPU_IRQHandler
                0x08000f2c                OTG_HS_WKUP_IRQHandler
                0x08000f2c                FDCAN1_IT1_IRQHandler
                0x08000f2c                LTDC_ER_IRQHandler
                0x08000f2c                DMA2_Stream2_IRQHandler
                0x08000f2c                HRTIM1_TIME_IRQHandler
                0x08000f2c                SPI1_IRQHandler
                0x08000f2c                TIM6_DAC_IRQHandler
                0x08000f2c                DCMI_IRQHandler
                0x08000f2c                HRTIM1_TIMC_IRQHandler
                0x08000f2c                DMA2_Stream3_IRQHandler
                0x08000f2c                SAI2_IRQHandler
                0x08000f2c                DFSDM1_FLT3_IRQHandler
                0x08000f2c                USART6_IRQHandler
                0x08000f2c                TIM17_IRQHandler
                0x08000f2c                USART3_IRQHandler
                0x08000f2c                BDMA_Channel7_IRQHandler
                0x08000f2c                LPTIM5_IRQHandler
                0x08000f2c                UART5_IRQHandler
                0x08000f2c                ADC3_IRQHandler
                0x08000f2c                DMA2_Stream0_IRQHandler
                0x08000f2c                TIM4_IRQHandler
                0x08000f2c                BDMA_Channel2_IRQHandler
                0x08000f2c                QUADSPI_IRQHandler
                0x08000f2c                I2C1_EV_IRQHandler
                0x08000f2c                DMA1_Stream6_IRQHandler
                0x08000f2c                DMAMUX1_OVR_IRQHandler
                0x08000f2c                DMA1_Stream1_IRQHandler
                0x08000f2c                TIM16_IRQHandler
                0x08000f2c                UART4_IRQHandler
                0x08000f2c                BDMA_Channel5_IRQHandler
                0x08000f2c                TIM3_IRQHandler
                0x08000f2c                RCC_IRQHandler
                0x08000f2c                TIM8_BRK_TIM12_IRQHandler
                0x08000f2c                TIM1_TRG_COM_IRQHandler
                0x08000f2c                Default_Handler
                0x08000f2c                ECC_IRQHandler
                0x08000f2c                CEC_IRQHandler
                0x08000f2c                EXTI15_10_IRQHandler
                0x08000f2c                BDMA_Channel0_IRQHandler
                0x08000f2c                ADC_IRQHandler
                0x08000f2c                DMA1_Stream7_IRQHandler
                0x08000f2c                HRTIM1_TIMA_IRQHandler
                0x08000f2c                SPI5_IRQHandler
                0x08000f2c                TIM7_IRQHandler
                0x08000f2c                TIM5_IRQHandler
                0x08000f2c                DMA2_Stream7_IRQHandler
                0x08000f2c                TIM15_IRQHandler
                0x08000f2c                PVD_AVD_IRQHandler
                0x08000f2c                I2C3_EV_IRQHandler
                0x08000f2c                EXTI9_5_IRQHandler
                0x08000f2c                RTC_WKUP_IRQHandler
                0x08000f2c                LTDC_IRQHandler
                0x08000f2c                SAI3_IRQHandler
                0x08000f2c                ETH_WKUP_IRQHandler
                0x08000f2c                SPDIF_RX_IRQHandler
                0x08000f2c                SPI2_IRQHandler
                0x08000f2c                OTG_HS_EP1_IN_IRQHandler
                0x08000f2c                DMA1_Stream0_IRQHandler
                0x08000f2c                CRS_IRQHandler
                0x08000f2c                EXTI4_IRQHandler
                0x08000f2c                RNG_IRQHandler
                0x08000f2c                HRTIM1_TIMB_IRQHandler
                0x08000f2c                FDCAN2_IT1_IRQHandler
                0x08000f2c                ETH_IRQHandler
                0x08000f2c                TIM1_UP_IRQHandler
                0x08000f2c                BDMA_Channel4_IRQHandler
                0x08000f2c                OTG_HS_EP1_OUT_IRQHandler
                0x08000f2c                WWDG_IRQHandler
                0x08000f2c                SPI6_IRQHandler
                0x08000f2c                MDIOS_IRQHandler
                0x08000f2c                I2C4_EV_IRQHandler
                0x08000f2c                FDCAN2_IT0_IRQHandler
                0x08000f2c                LPUART1_IRQHandler
                0x08000f2c                FDCAN1_IT0_IRQHandler
                0x08000f2c                TIM2_IRQHandler
                0x08000f2c                OTG_FS_WKUP_IRQHandler
                0x08000f2c                OTG_HS_IRQHandler
                0x08000f2c                DMA2D_IRQHandler
                0x08000f2c                TIM1_BRK_IRQHandler
                0x08000f2c                EXTI1_IRQHandler
                0x08000f2c                SDMMC2_IRQHandler
                0x08000f2c                OTG_FS_EP1_OUT_IRQHandler
                0x08000f2c                BDMA_Channel3_IRQHandler
                0x08000f2c                UART7_IRQHandler
                0x08000f2c                MDIOS_WKUP_IRQHandler
                0x08000f2c                USART2_IRQHandler
                0x08000f2c                DFSDM1_FLT0_IRQHandler
                0x08000f2c                SAI4_IRQHandler
                0x08000f2c                I2C2_ER_IRQHandler
                0x08000f2c                DMA2_Stream1_IRQHandler
                0x08000f2c                FLASH_IRQHandler
                0x08000f2c                DMA2_Stream4_IRQHandler
                0x08000f2c                USART1_IRQHandler
                0x08000f2c                OTG_FS_IRQHandler
                0x08000f2c                SPI3_IRQHandler
                0x08000f2c                WAKEUP_PIN_IRQHandler
                0x08000f2c                DMA1_Stream4_IRQHandler
                0x08000f2c                OTG_FS_EP1_IN_IRQHandler
                0x08000f2c                I2C1_ER_IRQHandler
                0x08000f2c                FMC_IRQHandler
                0x08000f2c                FDCAN_CAL_IRQHandler
                0x08000f2c                SWPMI1_IRQHandler
                0x08000f2c                COMP1_IRQHandler
                0x08000f2c                LPTIM1_IRQHandler
                0x08000f2c                I2C4_ER_IRQHandler
                0x08000f2c                DMA2_Stream6_IRQHandler
                0x08000f2c                SAI1_IRQHandler
                0x08000f2c                DMA1_Stream3_IRQHandler
 *fill*         0x08000f2e        0x2 
 .text.HAL_Init
                0x08000f30       0x78 ./Drivers/STM32H7xx_HAL_Driver/Src/stm32h7xx_hal.o
                0x08000f30                HAL_Init
 .text.HAL_InitTick
                0x08000fa8       0x6c ./Drivers/STM32H7xx_HAL_Driver/Src/stm32h7xx_hal.o
                0x08000fa8                HAL_InitTick
 .text.HAL_Delay
                0x08001014       0x48 ./Drivers/STM32H7xx_HAL_Driver/Src/stm32h7xx_hal.o
                0x08001014                HAL_Delay
 .text.HAL_GetREVID
                0x0800105c       0x18 ./Drivers/STM32H7xx_HAL_Driver/Src/stm32h7xx_hal.o
                0x0800105c                HAL_GetREVID
 .text.__NVIC_SetPriorityGrouping
                0x08001074       0x48 ./Drivers/STM32H7xx_HAL_Driver/Src/stm32h7xx_hal_cortex.o
 .text.__NVIC_GetPriorityGrouping
                0x080010bc       0x1c ./Drivers/STM32H7xx_HAL_Driver/Src/stm32h7xx_hal_cortex.o
 .text.__NVIC_EnableIRQ
                0x080010d8       0x3c ./Drivers/STM32H7xx_HAL_Driver/Src/stm32h7xx_hal_cortex.o
 .text.__NVIC_SetPriority
                0x08001114       0x54 ./Drivers/STM32H7xx_HAL_Driver/Src/stm32h7xx_hal_cortex.o
 .text.NVIC_EncodePriority
                0x08001168       0x66 ./Drivers/STM32H7xx_HAL_Driver/Src/stm32h7xx_hal_cortex.o
 *fill*         0x080011ce        0x2 
 .text.SysTick_Config
                0x080011d0       0x44 ./Drivers/STM32H7xx_HAL_Driver/Src/stm32h7xx_hal_cortex.o
 .text.HAL_NVIC_SetPriorityGrouping
                0x08001214       0x16 ./Drivers/STM32H7xx_HAL_Driver/Src/stm32h7xx_hal_cortex.o
                0x08001214                HAL_NVIC_SetPriorityGrouping
 .text.HAL_NVIC_SetPriority
                0x0800122a       0x34 ./Drivers/STM32H7xx_HAL_Driver/Src/stm32h7xx_hal_cortex.o
                0x0800122a                HAL_NVIC_SetPriority
 .text.HAL_NVIC_EnableIRQ
                0x0800125e       0x1c ./Drivers/STM32H7xx_HAL_Driver/Src/stm32h7xx_hal_cortex.o
                0x0800125e                HAL_NVIC_EnableIRQ
 .text.HAL_SYSTICK_Config
                0x0800127a       0x18 ./Drivers/STM32H7xx_HAL_Driver/Src/stm32h7xx_hal_cortex.o
                0x0800127a                HAL_SYSTICK_Config
 *fill*         0x08001292        0x2 
 .text.HAL_GPIO_Init
                0x08001294      0x360 ./Drivers/STM32H7xx_HAL_Driver/Src/stm32h7xx_hal_gpio.o
                0x08001294                HAL_GPIO_Init
 .text.HAL_GPIO_TogglePin
                0x080015f4       0x34 ./Drivers/STM32H7xx_HAL_Driver/Src/stm32h7xx_hal_gpio.o
                0x080015f4                HAL_GPIO_TogglePin
 .text.HAL_PWREx_ConfigSupply
                0x08001628       0x74 ./Drivers/STM32H7xx_HAL_Driver/Src/stm32h7xx_hal_pwr_ex.o
                0x08001628                HAL_PWREx_ConfigSupply
 .text.HAL_RCC_OscConfig
                0x0800169c      0x85c ./Drivers/STM32H7xx_HAL_Driver/Src/stm32h7xx_hal_rcc.o
                0x0800169c                HAL_RCC_OscConfig
 .text.HAL_RCC_ClockConfig
                0x08001ef8      0x36c ./Drivers/STM32H7xx_HAL_Driver/Src/stm32h7xx_hal_rcc.o
                0x08001ef8                HAL_RCC_ClockConfig
 .text.HAL_RCC_GetSysClockFreq
                0x08002264      0x2f4 ./Drivers/STM32H7xx_HAL_Driver/Src/stm32h7xx_hal_rcc.o
                0x08002264                HAL_RCC_GetSysClockFreq
 .text.HAL_RCC_GetHCLKFreq
                0x08002558       0x60 ./Drivers/STM32H7xx_HAL_Driver/Src/stm32h7xx_hal_rcc.o
                0x08002558                HAL_RCC_GetHCLKFreq
 .text.HAL_RCC_GetPCLK1Freq
                0x080025b8       0x2c ./Drivers/STM32H7xx_HAL_Driver/Src/stm32h7xx_hal_rcc.o
                0x080025b8                HAL_RCC_GetPCLK1Freq
 .text.HAL_RCC_GetPCLK2Freq
                0x080025e4       0x2c ./Drivers/STM32H7xx_HAL_Driver/Src/stm32h7xx_hal_rcc.o
                0x080025e4                HAL_RCC_GetPCLK2Freq
 .text.HAL_RCCEx_PeriphCLKConfig
                0x08002610      0xe8c ./Drivers/STM32H7xx_HAL_Driver/Src/stm32h7xx_hal_rcc_ex.o
                0x08002610                HAL_RCCEx_PeriphCLKConfig
 .text.HAL_RCCEx_GetPeriphCLKFreq
                0x0800349c      0x9a4 ./Drivers/STM32H7xx_HAL_Driver/Src/stm32h7xx_hal_rcc_ex.o
                0x0800349c                HAL_RCCEx_GetPeriphCLKFreq
 .text.HAL_RCCEx_GetD3PCLK1Freq
                0x08003e40       0x2c ./Drivers/STM32H7xx_HAL_Driver/Src/stm32h7xx_hal_rcc_ex.o
                0x08003e40                HAL_RCCEx_GetD3PCLK1Freq
 .text.HAL_RCCEx_GetPLL2ClockFreq
                0x08003e6c      0x2a8 ./Drivers/STM32H7xx_HAL_Driver/Src/stm32h7xx_hal_rcc_ex.o
                0x08003e6c                HAL_RCCEx_GetPLL2ClockFreq
 .text.HAL_RCCEx_GetPLL3ClockFreq
                0x08004114      0x2a8 ./Drivers/STM32H7xx_HAL_Driver/Src/stm32h7xx_hal_rcc_ex.o
                0x08004114                HAL_RCCEx_GetPLL3ClockFreq
 .text.HAL_RCCEx_GetPLL1ClockFreq
                0x080043bc      0x2a4 ./Drivers/STM32H7xx_HAL_Driver/Src/stm32h7xx_hal_rcc_ex.o
                0x080043bc                HAL_RCCEx_GetPLL1ClockFreq
 .text.RCCEx_PLL2_Config
                0x08004660      0x164 ./Drivers/STM32H7xx_HAL_Driver/Src/stm32h7xx_hal_rcc_ex.o
 .text.RCCEx_PLL3_Config
                0x080047c4      0x164 ./Drivers/STM32H7xx_HAL_Driver/Src/stm32h7xx_hal_rcc_ex.o
 .text.HAL_SD_Init
                0x08004928      0x106 ./Drivers/STM32H7xx_HAL_Driver/Src/stm32h7xx_hal_sd.o
                0x08004928                HAL_SD_Init
 *fill*         0x08004a2e        0x2 
 .text.HAL_SD_InitCard
                0x08004a30      0x12c ./Drivers/STM32H7xx_HAL_Driver/Src/stm32h7xx_hal_sd.o
                0x08004a30                HAL_SD_InitCard
 .text.HAL_SD_MspInit
                0x08004b5c       0x14 ./Drivers/STM32H7xx_HAL_Driver/Src/stm32h7xx_hal_sd.o
                0x08004b5c                HAL_SD_MspInit
 .text.HAL_SD_ReadBlocks_DMA
                0x08004b70      0x150 ./Drivers/STM32H7xx_HAL_Driver/Src/stm32h7xx_hal_sd.o
                0x08004b70                HAL_SD_ReadBlocks_DMA
 .text.HAL_SD_WriteBlocks_DMA
                0x08004cc0      0x150 ./Drivers/STM32H7xx_HAL_Driver/Src/stm32h7xx_hal_sd.o
                0x08004cc0                HAL_SD_WriteBlocks_DMA
 .text.HAL_SD_IRQHandler
                0x08004e10      0x370 ./Drivers/STM32H7xx_HAL_Driver/Src/stm32h7xx_hal_sd.o
                0x08004e10                HAL_SD_IRQHandler
 .text.HAL_SD_GetCardCSD
                0x08005180      0x348 ./Drivers/STM32H7xx_HAL_Driver/Src/stm32h7xx_hal_sd.o
                0x08005180                HAL_SD_GetCardCSD
 .text.HAL_SD_GetCardStatus
                0x080054c8      0x17c ./Drivers/STM32H7xx_HAL_Driver/Src/stm32h7xx_hal_sd.o
                0x080054c8                HAL_SD_GetCardStatus
 .text.HAL_SD_ConfigWideBusOperation
                0x08005644      0x224 ./Drivers/STM32H7xx_HAL_Driver/Src/stm32h7xx_hal_sd.o
                0x08005644                HAL_SD_ConfigWideBusOperation
 .text.HAL_SD_ConfigSpeedBusOperation
                0x08005868      0x14c ./Drivers/STM32H7xx_HAL_Driver/Src/stm32h7xx_hal_sd.o
                0x08005868                HAL_SD_ConfigSpeedBusOperation
 .text.HAL_SD_GetCardState
                0x080059b4       0x40 ./Drivers/STM32H7xx_HAL_Driver/Src/stm32h7xx_hal_sd.o
                0x080059b4                HAL_SD_GetCardState
 .text.SD_InitCard
                0x080059f4      0x19c ./Drivers/STM32H7xx_HAL_Driver/Src/stm32h7xx_hal_sd.o
 .text.SD_PowerON
                0x08005b90      0x11c ./Drivers/STM32H7xx_HAL_Driver/Src/stm32h7xx_hal_sd.o
 .text.SD_SendSDStatus
                0x08005cac      0x1a0 ./Drivers/STM32H7xx_HAL_Driver/Src/stm32h7xx_hal_sd.o
 .text.SD_SendStatus
                0x08005e4c       0x50 ./Drivers/STM32H7xx_HAL_Driver/Src/stm32h7xx_hal_sd.o
 .text.SD_WideBus_Enable
                0x08005e9c       0x96 ./Drivers/STM32H7xx_HAL_Driver/Src/stm32h7xx_hal_sd.o
 .text.SD_WideBus_Disable
                0x08005f32       0x96 ./Drivers/STM32H7xx_HAL_Driver/Src/stm32h7xx_hal_sd.o
 .text.SD_FindSCR
                0x08005fc8      0x1a0 ./Drivers/STM32H7xx_HAL_Driver/Src/stm32h7xx_hal_sd.o
 .text.SD_Read_IT
                0x08006168       0x8c ./Drivers/STM32H7xx_HAL_Driver/Src/stm32h7xx_hal_sd.o
 .text.SD_Write_IT
                0x080061f4       0x94 ./Drivers/STM32H7xx_HAL_Driver/Src/stm32h7xx_hal_sd.o
 .text.SD_HighSpeed
                0x08006288      0x1a0 ./Drivers/STM32H7xx_HAL_Driver/Src/stm32h7xx_hal_sd.o
 .text.HAL_SDEx_Read_DMADoubleBuf0CpltCallback
                0x08006428       0x14 ./Drivers/STM32H7xx_HAL_Driver/Src/stm32h7xx_hal_sd.o
                0x08006428                HAL_SDEx_Read_DMADoubleBuf0CpltCallback
 .text.HAL_SDEx_Read_DMADoubleBuf1CpltCallback
                0x0800643c       0x14 ./Drivers/STM32H7xx_HAL_Driver/Src/stm32h7xx_hal_sd.o
                0x0800643c                HAL_SDEx_Read_DMADoubleBuf1CpltCallback
 .text.HAL_SDEx_Write_DMADoubleBuf0CpltCallback
                0x08006450       0x14 ./Drivers/STM32H7xx_HAL_Driver/Src/stm32h7xx_hal_sd.o
                0x08006450                HAL_SDEx_Write_DMADoubleBuf0CpltCallback
 .text.HAL_SDEx_Write_DMADoubleBuf1CpltCallback
                0x08006464       0x14 ./Drivers/STM32H7xx_HAL_Driver/Src/stm32h7xx_hal_sd.o
                0x08006464                HAL_SDEx_Write_DMADoubleBuf1CpltCallback
 .text.SDMMC_Init
                0x08006478       0x54 ./Drivers/STM32H7xx_HAL_Driver/Src/stm32h7xx_ll_sdmmc.o
                0x08006478                SDMMC_Init
 .text.SDMMC_ReadFIFO
                0x080064cc       0x1a ./Drivers/STM32H7xx_HAL_Driver/Src/stm32h7xx_ll_sdmmc.o
                0x080064cc                SDMMC_ReadFIFO
 .text.SDMMC_WriteFIFO
                0x080064e6       0x22 ./Drivers/STM32H7xx_HAL_Driver/Src/stm32h7xx_ll_sdmmc.o
                0x080064e6                SDMMC_WriteFIFO
 .text.SDMMC_PowerState_ON
                0x08006508       0x22 ./Drivers/STM32H7xx_HAL_Driver/Src/stm32h7xx_ll_sdmmc.o
                0x08006508                SDMMC_PowerState_ON
 .text.SDMMC_GetPowerState
                0x0800652a       0x1c ./Drivers/STM32H7xx_HAL_Driver/Src/stm32h7xx_ll_sdmmc.o
                0x0800652a                SDMMC_GetPowerState
 *fill*         0x08006546        0x2 
 .text.SDMMC_SendCommand
                0x08006548       0x54 ./Drivers/STM32H7xx_HAL_Driver/Src/stm32h7xx_ll_sdmmc.o
                0x08006548                SDMMC_SendCommand
 .text.SDMMC_GetCommandResponse
                0x0800659c       0x1a ./Drivers/STM32H7xx_HAL_Driver/Src/stm32h7xx_ll_sdmmc.o
                0x0800659c                SDMMC_GetCommandResponse
 .text.SDMMC_GetResponse
                0x080065b6       0x26 ./Drivers/STM32H7xx_HAL_Driver/Src/stm32h7xx_ll_sdmmc.o
                0x080065b6                SDMMC_GetResponse
 .text.SDMMC_ConfigData
                0x080065dc       0x58 ./Drivers/STM32H7xx_HAL_Driver/Src/stm32h7xx_ll_sdmmc.o
                0x080065dc                SDMMC_ConfigData
 .text.SDMMC_CmdBlockLength
                0x08006634       0x46 ./Drivers/STM32H7xx_HAL_Driver/Src/stm32h7xx_ll_sdmmc.o
                0x08006634                SDMMC_CmdBlockLength
 .text.SDMMC_CmdReadSingleBlock
                0x0800667a       0x46 ./Drivers/STM32H7xx_HAL_Driver/Src/stm32h7xx_ll_sdmmc.o
                0x0800667a                SDMMC_CmdReadSingleBlock
 .text.SDMMC_CmdReadMultiBlock
                0x080066c0       0x46 ./Drivers/STM32H7xx_HAL_Driver/Src/stm32h7xx_ll_sdmmc.o
                0x080066c0                SDMMC_CmdReadMultiBlock
 .text.SDMMC_CmdWriteSingleBlock
                0x08006706       0x46 ./Drivers/STM32H7xx_HAL_Driver/Src/stm32h7xx_ll_sdmmc.o
                0x08006706                SDMMC_CmdWriteSingleBlock
 .text.SDMMC_CmdWriteMultiBlock
                0x0800674c       0x46 ./Drivers/STM32H7xx_HAL_Driver/Src/stm32h7xx_ll_sdmmc.o
                0x0800674c                SDMMC_CmdWriteMultiBlock
 *fill*         0x08006792        0x2 
 .text.SDMMC_CmdStopTransfer
                0x08006794       0x78 ./Drivers/STM32H7xx_HAL_Driver/Src/stm32h7xx_ll_sdmmc.o
                0x08006794                SDMMC_CmdStopTransfer
 .text.SDMMC_CmdSelDesel
                0x0800680c       0x46 ./Drivers/STM32H7xx_HAL_Driver/Src/stm32h7xx_ll_sdmmc.o
                0x0800680c                SDMMC_CmdSelDesel
 .text.SDMMC_CmdGoIdleState
                0x08006852       0x3c ./Drivers/STM32H7xx_HAL_Driver/Src/stm32h7xx_ll_sdmmc.o
                0x08006852                SDMMC_CmdGoIdleState
 .text.SDMMC_CmdOperCond
                0x0800688e       0x40 ./Drivers/STM32H7xx_HAL_Driver/Src/stm32h7xx_ll_sdmmc.o
                0x0800688e                SDMMC_CmdOperCond
 .text.SDMMC_CmdAppCommand
                0x080068ce       0x46 ./Drivers/STM32H7xx_HAL_Driver/Src/stm32h7xx_ll_sdmmc.o
                0x080068ce                SDMMC_CmdAppCommand
 .text.SDMMC_CmdAppOperCommand
                0x08006914       0x40 ./Drivers/STM32H7xx_HAL_Driver/Src/stm32h7xx_ll_sdmmc.o
                0x08006914                SDMMC_CmdAppOperCommand
 .text.SDMMC_CmdBusWidth
                0x08006954       0x46 ./Drivers/STM32H7xx_HAL_Driver/Src/stm32h7xx_ll_sdmmc.o
                0x08006954                SDMMC_CmdBusWidth
 .text.SDMMC_CmdSendSCR
                0x0800699a       0x44 ./Drivers/STM32H7xx_HAL_Driver/Src/stm32h7xx_ll_sdmmc.o
                0x0800699a                SDMMC_CmdSendSCR
 .text.SDMMC_CmdSendCID
                0x080069de       0x3e ./Drivers/STM32H7xx_HAL_Driver/Src/stm32h7xx_ll_sdmmc.o
                0x080069de                SDMMC_CmdSendCID
 .text.SDMMC_CmdSendCSD
                0x08006a1c       0x40 ./Drivers/STM32H7xx_HAL_Driver/Src/stm32h7xx_ll_sdmmc.o
                0x08006a1c                SDMMC_CmdSendCSD
 .text.SDMMC_CmdSetRelAdd
                0x08006a5c       0x44 ./Drivers/STM32H7xx_HAL_Driver/Src/stm32h7xx_ll_sdmmc.o
                0x08006a5c                SDMMC_CmdSetRelAdd
 .text.SDMMC_CmdSendStatus
                0x08006aa0       0x46 ./Drivers/STM32H7xx_HAL_Driver/Src/stm32h7xx_ll_sdmmc.o
                0x08006aa0                SDMMC_CmdSendStatus
 .text.SDMMC_CmdStatusRegister
                0x08006ae6       0x44 ./Drivers/STM32H7xx_HAL_Driver/Src/stm32h7xx_ll_sdmmc.o
                0x08006ae6                SDMMC_CmdStatusRegister
 .text.SDMMC_CmdSwitch
                0x08006b2a       0x46 ./Drivers/STM32H7xx_HAL_Driver/Src/stm32h7xx_ll_sdmmc.o
                0x08006b2a                SDMMC_CmdSwitch
 .text.SDMMC_GetCmdResp1
                0x08006b70      0x1e4 ./Drivers/STM32H7xx_HAL_Driver/Src/stm32h7xx_ll_sdmmc.o
                0x08006b70                SDMMC_GetCmdResp1
 .text.SDMMC_GetCmdResp2
                0x08006d54       0x94 ./Drivers/STM32H7xx_HAL_Driver/Src/stm32h7xx_ll_sdmmc.o
                0x08006d54                SDMMC_GetCmdResp2
 .text.SDMMC_GetCmdResp3
                0x08006de8       0x80 ./Drivers/STM32H7xx_HAL_Driver/Src/stm32h7xx_ll_sdmmc.o
                0x08006de8                SDMMC_GetCmdResp3
 .text.SDMMC_GetCmdResp6
                0x08006e68       0xf0 ./Drivers/STM32H7xx_HAL_Driver/Src/stm32h7xx_ll_sdmmc.o
                0x08006e68                SDMMC_GetCmdResp6
 .text.SDMMC_GetCmdResp7
                0x08006f58       0x9c ./Drivers/STM32H7xx_HAL_Driver/Src/stm32h7xx_ll_sdmmc.o
                0x08006f58                SDMMC_GetCmdResp7
 .text.SDMMC_GetCmdError
                0x08006ff4       0x5c ./Drivers/STM32H7xx_HAL_Driver/Src/stm32h7xx_ll_sdmmc.o
 .text.memset   0x08007050       0x10 /opt/st/stm32cubeide_1.19.0/plugins/com.st.stm32cube.ide.mcu.externaltools.gnu-tools-for-stm32.13.3.rel1.linux64_1.0.0.202410170706/tools/bin/../lib/gcc/arm-none-eabi/13.3.1/../../../../arm-none-eabi/lib/thumb/v7e-m+dp/hard/libc_nano.a(libc_a-memset.o)
                0x08007050                memset
 .text.__libc_init_array
                0x08007060       0x48 /opt/st/stm32cubeide_1.19.0/plugins/com.st.stm32cube.ide.mcu.externaltools.gnu-tools-for-stm32.13.3.rel1.linux64_1.0.0.202410170706/tools/bin/../lib/gcc/arm-none-eabi/13.3.1/../../../../arm-none-eabi/lib/thumb/v7e-m+dp/hard/libc_nano.a(libc_a-init.o)
                0x08007060                __libc_init_array
 *(.glue_7)
 .glue_7        0x080070a8        0x0 linker stubs
 *(.glue_7t)
 .glue_7t       0x080070a8        0x0 linker stubs
 *(.eh_frame)
 .eh_frame      0x080070a8        0x0 /opt/st/stm32cubeide_1.19.0/plugins/com.st.stm32cube.ide.mcu.externaltools.gnu-tools-for-stm32.13.3.rel1.linux64_1.0.0.202410170706/tools/bin/../lib/gcc/arm-none-eabi/13.3.1/thumb/v7e-m+dp/hard/crtbegin.o
 *(.init)
 .init          0x080070a8        0x4 /opt/st/stm32cubeide_1.19.0/plugins/com.st.stm32cube.ide.mcu.externaltools.gnu-tools-for-stm32.13.3.rel1.linux64_1.0.0.202410170706/tools/bin/../lib/gcc/arm-none-eabi/13.3.1/thumb/v7e-m+dp/hard/crti.o
                0x080070a8                _init
 .init          0x080070ac        0x8 /opt/st/stm32cubeide_1.19.0/plugins/com.st.stm32cube.ide.mcu.externaltools.gnu-tools-for-stm32.13.3.rel1.linux64_1.0.0.202410170706/tools/bin/../lib/gcc/arm-none-eabi/13.3.1/thumb/v7e-m+dp/hard/crtn.o
 *(.fini)
 .fini          0x080070b4        0x4 /opt/st/stm32cubeide_1.19.0/plugins/com.st.stm32cube.ide.mcu.externaltools.gnu-tools-for-stm32.13.3.rel1.linux64_1.0.0.202410170706/tools/bin/../lib/gcc/arm-none-eabi/13.3.1/thumb/v7e-m+dp/hard/crti.o
                0x080070b4                _fini
 .fini          0x080070b8        0x8 /opt/st/stm32cubeide_1.19.0/plugins/com.st.stm32cube.ide.mcu.externaltools.gnu-tools-for-stm32.13.3.rel1.linux64_1.0.0.202410170706/tools/bin/../lib/gcc/arm-none-eabi/13.3.1/thumb/v7e-m+dp/hard/crtn.o
                0x080070c0                        . = ALIGN (0x4)
                0x080070c0                        _etext = .

.vfp11_veneer   0x080070c0        0x0
 .vfp11_veneer  0x080070c0        0x0 linker stubs

.v4_bx          0x080070c0        0x0
 .v4_bx         0x080070c0        0x0 linker stubs

.iplt           0x080070c0        0x0
 .iplt          0x080070c0        0x0 /opt/st/stm32cubeide_1.19.0/plugins/com.st.stm32cube.ide.mcu.externaltools.gnu-tools-for-stm32.13.3.rel1.linux64_1.0.0.202410170706/tools/bin/../lib/gcc/arm-none-eabi/13.3.1/thumb/v7e-m+dp/hard/crtbegin.o

.rodata         0x080070c0       0x10
                0x080070c0                        . = ALIGN (0x4)
 *(.rodata)
 *(.rodata*)
 .rodata.D1CorePrescTable
                0x080070c0       0x10 ./Core/Src/system_stm32h7xx.o
                0x080070c0                D1CorePrescTable
                0x080070d0                        . = ALIGN (0x4)

.rel.dyn        0x080070d0        0x0
 .rel.iplt      0x080070d0        0x0 /opt/st/stm32cubeide_1.19.0/plugins/com.st.stm32cube.ide.mcu.externaltools.gnu-tools-for-stm32.13.3.rel1.linux64_1.0.0.202410170706/tools/bin/../lib/gcc/arm-none-eabi/13.3.1/thumb/v7e-m+dp/hard/crtbegin.o

.ARM.extab
 *(.ARM.extab* .gnu.linkonce.armextab.*)

.ARM            0x080070d0        0x0
                0x080070d0                        __exidx_start = .
 *(.ARM.exidx*)
                0x080070d0                        __exidx_end = .

.preinit_array  0x080070d0        0x0
                0x080070d0                        PROVIDE (__preinit_array_start = .)
 *(.preinit_array*)
                0x080070d0                        PROVIDE (__preinit_array_end = .)

.init_array     0x080070d0        0x4
                0x080070d0                        PROVIDE (__init_array_start = .)
 *(SORT_BY_NAME(.init_array.*))
 *(.init_array*)
 .init_array    0x080070d0        0x4 /opt/st/stm32cubeide_1.19.0/plugins/com.st.stm32cube.ide.mcu.externaltools.gnu-tools-for-stm32.13.3.rel1.linux64_1.0.0.202410170706/tools/bin/../lib/gcc/arm-none-eabi/13.3.1/thumb/v7e-m+dp/hard/crtbegin.o
                0x080070d4                        PROVIDE (__init_array_end = .)

.fini_array     0x080070d4        0x4
                [!provide]                        PROVIDE (__fini_array_start = .)
 *(SORT_BY_NAME(.fini_array.*))
 *(.fini_array*)
 .fini_array    0x080070d4        0x4 /opt/st/stm32cubeide_1.19.0/plugins/com.st.stm32cube.ide.mcu.externaltools.gnu-tools-for-stm32.13.3.rel1.linux64_1.0.0.202410170706/tools/bin/../lib/gcc/arm-none-eabi/13.3.1/thumb/v7e-m+dp/hard/crtbegin.o
                [!provide]                        PROVIDE (__fini_array_end = .)
                0x080070d8                        _sidata = LOADADDR (.data)

.data           0x24000000       0x44 load address 0x080070d8
                0x24000000                        . = ALIGN (0x4)
                0x24000000                        _sdata = .
 *(.data)
 *(.data*)
 .data.card     0x24000000       0x2c ./Core/Src/main.o
                0x24000000                card
 .data.is_tx_dma_done
                0x2400002c        0x4 ./Core/Src/main.o
                0x2400002c                is_tx_dma_done
 .data.test_data
                0x24000030        0x1 ./Core/Src/main.o
                0x24000030                test_data
 *fill*         0x24000031        0x3 
 .data.SystemCoreClock
                0x24000034        0x4 ./Core/Src/system_stm32h7xx.o
                0x24000034                SystemCoreClock
 .data.SystemD2Clock
                0x24000038        0x4 ./Core/Src/system_stm32h7xx.o
                0x24000038                SystemD2Clock
 .data.uwTickPrio
                0x2400003c        0x4 ./Drivers/STM32H7xx_HAL_Driver/Src/stm32h7xx_hal.o
                0x2400003c                uwTickPrio
 .data.uwTickFreq
                0x24000040        0x1 ./Drivers/STM32H7xx_HAL_Driver/Src/stm32h7xx_hal.o
                0x24000040                uwTickFreq
 *(.RamFunc)
 *(.RamFunc*)
                0x24000044                        . = ALIGN (0x4)
 *fill*         0x24000041        0x3 
                0x24000044                        _edata = .

.igot.plt       0x24000044        0x0 load address 0x0800711c
 .igot.plt      0x24000044        0x0 /opt/st/stm32cubeide_1.19.0/plugins/com.st.stm32cube.ide.mcu.externaltools.gnu-tools-for-stm32.13.3.rel1.linux64_1.0.0.202410170706/tools/bin/../lib/gcc/arm-none-eabi/13.3.1/thumb/v7e-m+dp/hard/crtbegin.o
                0x24000044                        . = ALIGN (0x4)

.bss            0x24000060    0x584e4 load address 0x0800711c
                0x24000060                        _sbss = .
                0x24000060                        __bss_start__ = _sbss
 *(.bss)
 .bss           0x24000060       0x1c /opt/st/stm32cubeide_1.19.0/plugins/com.st.stm32cube.ide.mcu.externaltools.gnu-tools-for-stm32.13.3.rel1.linux64_1.0.0.202410170706/tools/bin/../lib/gcc/arm-none-eabi/13.3.1/thumb/v7e-m+dp/hard/crtbegin.o
 *(.bss*)
 .bss.F_CPU     0x2400007c        0x4 ./Core/Inc/CK_SYSTEM.o
                0x2400007c                F_CPU
 .bss.sysTickCounter
                0x24000080        0x4 ./Core/Inc/CK_TIME_HAL.o
                0x24000080                sysTickCounter
 .bss.timeout_num
                0x24000084        0x4 ./Core/Inc/CK_TIME_HAL.o
                0x24000084                timeout_num
 .bss.hsd1      0x24000088       0x7c ./Core/Src/main.o
                0x24000088                hsd1
 .bss.is_rx_dma_done
                0x24000104        0x4 ./Core/Src/main.o
                0x24000104                is_rx_dma_done
 *fill*         0x24000108       0x18 
 .bss.writeCache
                0x24000120    0x38400 ./Core/Src/main.o
                0x24000120                writeCache
 .bss.rx_array  0x24038520    0x20000 ./Core/Src/main.o
                0x24038520                rx_array
 .bss.time1     0x24058520        0x4 ./Core/Src/main.o
                0x24058520                time1
 .bss.time2     0x24058524        0x4 ./Core/Src/main.o
                0x24058524                time2
 .bss.tx_sector_counter
                0x24058528        0x4 ./Core/Src/main.o
                0x24058528                tx_sector_counter
 .bss.rx_sector_counter
                0x2405852c        0x4 ./Core/Src/main.o
                0x2405852c                rx_sector_counter
 .bss.loop_counter
                0x24058530        0x4 ./Core/Src/main.o
                0x24058530                loop_counter
 .bss.write_done
                0x24058534        0x1 ./Core/Src/main.o
                0x24058534                write_done
 .bss.read_done
                0x24058535        0x1 ./Core/Src/main.o
                0x24058535                read_done
 *fill*         0x24058536        0x2 
 .bss.compare_error_count
                0x24058538        0x4 ./Core/Src/main.o
                0x24058538                compare_error_count
 .bss.compare_checked_bytes
                0x2405853c        0x4 ./Core/Src/main.o
                0x2405853c                compare_checked_bytes
 .bss.sampling_state
                0x24058540        0x1 ./Core/Src/main.o
                0x24058540                sampling_state
 *(COMMON)
                0x24058544                        . = ALIGN (0x4)
 *fill*         0x24058541        0x3 
                0x24058544                        _ebss = .
                0x24058544                        __bss_end__ = _ebss

._user_heap_stack
                0x24058544      0x604 load address 0x0800711c
                0x24058548                        . = ALIGN (0x8)
 *fill*         0x24058544        0x4 
                [!provide]                        PROVIDE (end = .)
                0x24058548                        PROVIDE (_end = .)
                0x24058748                        . = (. + _Min_Heap_Size)
 *fill*         0x24058548      0x200 
                0x24058b48                        . = (. + _Min_Stack_Size)
 *fill*         0x24058748      0x400 
                0x24058b48                        . = ALIGN (0x8)

/DISCARD/
 libc.a(*)
 libm.a(*)
 libgcc.a(*)

.ARM.attributes
                0x00000000       0x2e
 *(.ARM.attributes)
 .ARM.attributes
                0x00000000       0x20 /opt/st/stm32cubeide_1.19.0/plugins/com.st.stm32cube.ide.mcu.externaltools.gnu-tools-for-stm32.13.3.rel1.linux64_1.0.0.202410170706/tools/bin/../lib/gcc/arm-none-eabi/13.3.1/thumb/v7e-m+dp/hard/crti.o
 .ARM.attributes
                0x00000020       0x32 /opt/st/stm32cubeide_1.19.0/plugins/com.st.stm32cube.ide.mcu.externaltools.gnu-tools-for-stm32.13.3.rel1.linux64_1.0.0.202410170706/tools/bin/../lib/gcc/arm-none-eabi/13.3.1/thumb/v7e-m+dp/hard/crtbegin.o
 .ARM.attributes
                0x00000052       0x32 ./Core/Inc/CK_GPIO.o
 .ARM.attributes
                0x00000084       0x32 ./Core/Inc/CK_SYSTEM.o
 .ARM.attributes
                0x000000b6       0x32 ./Core/Inc/CK_TIME_HAL.o
 .ARM.attributes
                0x000000e8       0x32 ./Core/Src/main.o
 .ARM.attributes
                0x0000011a       0x32 ./Core/Src/stm32h7xx_hal_msp.o
 .ARM.attributes
                0x0000014c       0x32 ./Core/Src/stm32h7xx_it.o
 .ARM.attributes
                0x0000017e       0x32 ./Core/Src/system_stm32h7xx.o
 .ARM.attributes
                0x000001b0       0x21 ./Core/Startup/startup_stm32h743vihx.o
 .ARM.attributes
                0x000001d1       0x32 ./Drivers/STM32H7xx_HAL_Driver/Src/stm32h7xx_hal.o
 .ARM.attributes
                0x00000203       0x32 ./Drivers/STM32H7xx_HAL_Driver/Src/stm32h7xx_hal_cortex.o
 .ARM.attributes
                0x00000235       0x32 ./Drivers/STM32H7xx_HAL_Driver/Src/stm32h7xx_hal_gpio.o
 .ARM.attributes
                0x00000267       0x32 ./Drivers/STM32H7xx_HAL_Driver/Src/stm32h7xx_hal_pwr_ex.o
 .ARM.attributes
                0x00000299       0x32 ./Drivers/STM32H7xx_HAL_Driver/Src/stm32h7xx_hal_rcc.o
 .ARM.attributes
                0x000002cb       0x32 ./Drivers/STM32H7xx_HAL_Driver/Src/stm32h7xx_hal_rcc_ex.o
 .ARM.attributes
                0x000002fd       0x32 ./Drivers/STM32H7xx_HAL_Driver/Src/stm32h7xx_hal_sd.o
 .ARM.attributes
                0x0000032f       0x32 ./Drivers/STM32H7xx_HAL_Driver/Src/stm32h7xx_ll_sdmmc.o
 .ARM.attributes
                0x00000361       0x32 /opt/st/stm32cubeide_1.19.0/plugins/com.st.stm32cube.ide.mcu.externaltools.gnu-tools-for-stm32.13.3.rel1.linux64_1.0.0.202410170706/tools/bin/../lib/gcc/arm-none-eabi/13.3.1/../../../../arm-none-eabi/lib/thumb/v7e-m+dp/hard/libc_nano.a(libc_a-memset.o)
 .ARM.attributes
                0x00000393       0x32 /opt/st/stm32cubeide_1.19.0/plugins/com.st.stm32cube.ide.mcu.externaltools.gnu-tools-for-stm32.13.3.rel1.linux64_1.0.0.202410170706/tools/bin/../lib/gcc/arm-none-eabi/13.3.1/../../../../arm-none-eabi/lib/thumb/v7e-m+dp/hard/libc_nano.a(libc_a-init.o)
 .ARM.attributes
                0x000003c5       0x20 /opt/st/stm32cubeide_1.19.0/plugins/com.st.stm32cube.ide.mcu.externaltools.gnu-tools-for-stm32.13.3.rel1.linux64_1.0.0.202410170706/tools/bin/../lib/gcc/arm-none-eabi/13.3.1/thumb/v7e-m+dp/hard/crtn.o
OUTPUT(STM32H743VI_SDIO.elf elf32-littlearm)
LOAD linker stubs
LOAD /opt/st/stm32cubeide_1.19.0/plugins/com.st.stm32cube.ide.mcu.externaltools.gnu-tools-for-stm32.13.3.rel1.linux64_1.0.0.202410170706/tools/bin/../lib/gcc/arm-none-eabi/13.3.1/../../../../arm-none-eabi/lib/thumb/v7e-m+dp/hard/libc.a
LOAD /opt/st/stm32cubeide_1.19.0/plugins/com.st.stm32cube.ide.mcu.externaltools.gnu-tools-for-stm32.13.3.rel1.linux64_1.0.0.202410170706/tools/bin/../lib/gcc/arm-none-eabi/13.3.1/../../../../arm-none-eabi/lib/thumb/v7e-m+dp/hard/libm.a
LOAD /opt/st/stm32cubeide_1.19.0/plugins/com.st.stm32cube.ide.mcu.externaltools.gnu-tools-for-stm32.13.3.rel1.linux64_1.0.0.202410170706/tools/bin/../lib/gcc/arm-none-eabi/13.3.1/thumb/v7e-m+dp/hard/libgcc.a

.debug_info     0x00000000     0xd9ac
 .debug_info    0x00000000      0x81e ./Core/Inc/CK_GPIO.o
 .debug_info    0x0000081e      0xdb3 ./Core/Inc/CK_SYSTEM.o
 .debug_info    0x000015d1      0x246 ./Core/Inc/CK_TIME_HAL.o
 .debug_info    0x00001817     0x2084 ./Core/Src/main.o
 .debug_info    0x0000389b      0x464 ./Core/Src/stm32h7xx_hal_msp.o
 .debug_info    0x00003cff      0x128 ./Core/Src/stm32h7xx_it.o
 .debug_info    0x00003e27      0xcef ./Core/Src/system_stm32h7xx.o
 .debug_info    0x00004b16       0x30 ./Core/Startup/startup_stm32h743vihx.o
 .debug_info    0x00004b46     0x153b ./Drivers/STM32H7xx_HAL_Driver/Src/stm32h7xx_hal.o
 .debug_info    0x00006081     0x1060 ./Drivers/STM32H7xx_HAL_Driver/Src/stm32h7xx_hal_cortex.o
 .debug_info    0x000070e1      0xc4b ./Drivers/STM32H7xx_HAL_Driver/Src/stm32h7xx_hal_gpio.o
 .debug_info    0x00007d2c     0x1008 ./Drivers/STM32H7xx_HAL_Driver/Src/stm32h7xx_hal_pwr_ex.o
 .debug_info    0x00008d34      0xe7a ./Drivers/STM32H7xx_HAL_Driver/Src/stm32h7xx_hal_rcc.o
 .debug_info    0x00009bae     0x11f2 ./Drivers/STM32H7xx_HAL_Driver/Src/stm32h7xx_hal_rcc_ex.o
 .debug_info    0x0000ada0     0x1a39 ./Drivers/STM32H7xx_HAL_Driver/Src/stm32h7xx_hal_sd.o
 .debug_info    0x0000c7d9     0x11d3 ./Drivers/STM32H7xx_HAL_Driver/Src/stm32h7xx_ll_sdmmc.o

.debug_abbrev   0x00000000     0x2067
 .debug_abbrev  0x00000000      0x1d9 ./Core/Inc/CK_GPIO.o
 .debug_abbrev  0x000001d9      0x258 ./Core/Inc/CK_SYSTEM.o
 .debug_abbrev  0x00000431      0x18f ./Core/Inc/CK_TIME_HAL.o
 .debug_abbrev  0x000005c0      0x3d5 ./Core/Src/main.o
 .debug_abbrev  0x00000995       0xdb ./Core/Src/stm32h7xx_hal_msp.o
 .debug_abbrev  0x00000a70       0x73 ./Core/Src/stm32h7xx_it.o
 .debug_abbrev  0x00000ae3      0x14c ./Core/Src/system_stm32h7xx.o
 .debug_abbrev  0x00000c2f       0x24 ./Core/Startup/startup_stm32h743vihx.o
 .debug_abbrev  0x00000c53      0x295 ./Drivers/STM32H7xx_HAL_Driver/Src/stm32h7xx_hal.o
 .debug_abbrev  0x00000ee8      0x339 ./Drivers/STM32H7xx_HAL_Driver/Src/stm32h7xx_hal_cortex.o
 .debug_abbrev  0x00001221      0x1fe ./Drivers/STM32H7xx_HAL_Driver/Src/stm32h7xx_hal_gpio.o
 .debug_abbrev  0x0000141f      0x2a7 ./Drivers/STM32H7xx_HAL_Driver/Src/stm32h7xx_hal_pwr_ex.o
 .debug_abbrev  0x000016c6      0x2c7 ./Drivers/STM32H7xx_HAL_Driver/Src/stm32h7xx_hal_rcc.o
 .debug_abbrev  0x0000198d      0x269 ./Drivers/STM32H7xx_HAL_Driver/Src/stm32h7xx_hal_rcc_ex.o
 .debug_abbrev  0x00001bf6      0x26b ./Drivers/STM32H7xx_HAL_Driver/Src/stm32h7xx_hal_sd.o
 .debug_abbrev  0x00001e61      0x206 ./Drivers/STM32H7xx_HAL_Driver/Src/stm32h7xx_ll_sdmmc.o

.debug_aranges  0x00000000      0xb38
 .debug_aranges
                0x00000000       0x48 ./Core/Inc/CK_GPIO.o
 .debug_aranges
                0x00000048       0x60 ./Core/Inc/CK_SYSTEM.o
 .debug_aranges
                0x000000a8       0x68 ./Core/Inc/CK_TIME_HAL.o
 .debug_aranges
                0x00000110       0x60 ./Core/Src/main.o
 .debug_aranges
                0x00000170       0x20 ./Core/Src/stm32h7xx_hal_msp.o
 .debug_aranges
                0x00000190       0x60 ./Core/Src/stm32h7xx_it.o
 .debug_aranges
                0x000001f0       0x28 ./Core/Src/system_stm32h7xx.o
 .debug_aranges
                0x00000218       0x28 ./Core/Startup/startup_stm32h743vihx.o
 .debug_aranges
                0x00000240      0x198 ./Drivers/STM32H7xx_HAL_Driver/Src/stm32h7xx_hal.o
 .debug_aranges
                0x000003d8      0x120 ./Drivers/STM32H7xx_HAL_Driver/Src/stm32h7xx_hal_cortex.o
 .debug_aranges
                0x000004f8       0x58 ./Drivers/STM32H7xx_HAL_Driver/Src/stm32h7xx_hal_gpio.o
 .debug_aranges
                0x00000550      0x158 ./Drivers/STM32H7xx_HAL_Driver/Src/stm32h7xx_hal_pwr_ex.o
 .debug_aranges
                0x000006a8       0x88 ./Drivers/STM32H7xx_HAL_Driver/Src/stm32h7xx_hal_rcc.o
 .debug_aranges
                0x00000730       0xf8 ./Drivers/STM32H7xx_HAL_Driver/Src/stm32h7xx_hal_rcc_ex.o
 .debug_aranges
                0x00000828      0x170 ./Drivers/STM32H7xx_HAL_Driver/Src/stm32h7xx_hal_sd.o
 .debug_aranges
                0x00000998      0x1a0 ./Drivers/STM32H7xx_HAL_Driver/Src/stm32h7xx_ll_sdmmc.o

.debug_rnglists
                0x00000000      0x85e
 .debug_rnglists
                0x00000000       0x31 ./Core/Inc/CK_GPIO.o
 .debug_rnglists
                0x00000031       0x47 ./Core/Inc/CK_SYSTEM.o
 .debug_rnglists
                0x00000078       0x49 ./Core/Inc/CK_TIME_HAL.o
 .debug_rnglists
                0x000000c1       0x46 ./Core/Src/main.o
 .debug_rnglists
                0x00000107       0x13 ./Core/Src/stm32h7xx_hal_msp.o
 .debug_rnglists
                0x0000011a       0x43 ./Core/Src/stm32h7xx_it.o
 .debug_rnglists
                0x0000015d       0x1b ./Core/Src/system_stm32h7xx.o
 .debug_rnglists
                0x00000178       0x19 ./Core/Startup/startup_stm32h743vihx.o
 .debug_rnglists
                0x00000191      0x131 ./Drivers/STM32H7xx_HAL_Driver/Src/stm32h7xx_hal.o
 .debug_rnglists
                0x000002c2       0xd4 ./Drivers/STM32H7xx_HAL_Driver/Src/stm32h7xx_hal_cortex.o
 .debug_rnglists
                0x00000396       0x3f ./Drivers/STM32H7xx_HAL_Driver/Src/stm32h7xx_hal_gpio.o
 .debug_rnglists
                0x000003d5      0x102 ./Drivers/STM32H7xx_HAL_Driver/Src/stm32h7xx_hal_pwr_ex.o
 .debug_rnglists
                0x000004d7       0x68 ./Drivers/STM32H7xx_HAL_Driver/Src/stm32h7xx_hal_rcc.o
 .debug_rnglists
                0x0000053f       0xc0 ./Drivers/STM32H7xx_HAL_Driver/Src/stm32h7xx_hal_rcc_ex.o
 .debug_rnglists
                0x000005ff      0x127 ./Drivers/STM32H7xx_HAL_Driver/Src/stm32h7xx_hal_sd.o
 .debug_rnglists
                0x00000726      0x138 ./Drivers/STM32H7xx_HAL_Driver/Src/stm32h7xx_ll_sdmmc.o

.debug_macro    0x00000000    0x36cad
 .debug_macro   0x00000000      0x2f4 ./Core/Inc/CK_GPIO.o
 .debug_macro   0x000002f4      0xaf0 ./Core/Inc/CK_GPIO.o
 .debug_macro   0x00000de4       0x2e ./Core/Inc/CK_GPIO.o
 .debug_macro   0x00000e12       0x3b ./Core/Inc/CK_GPIO.o
 .debug_macro   0x00000e4d       0x22 ./Core/Inc/CK_GPIO.o
 .debug_macro   0x00000e6f       0x8e ./Core/Inc/CK_GPIO.o
 .debug_macro   0x00000efd       0x51 ./Core/Inc/CK_GPIO.o
 .debug_macro   0x00000f4e      0x103 ./Core/Inc/CK_GPIO.o
 .debug_macro   0x00001051       0x6a ./Core/Inc/CK_GPIO.o
 .debug_macro   0x000010bb      0x1df ./Core/Inc/CK_GPIO.o
 .debug_macro   0x0000129a       0x1c ./Core/Inc/CK_GPIO.o
 .debug_macro   0x000012b6       0x22 ./Core/Inc/CK_GPIO.o
 .debug_macro   0x000012d8       0xfb ./Core/Inc/CK_GPIO.o
 .debug_macro   0x000013d3     0x1305 ./Core/Inc/CK_GPIO.o
 .debug_macro   0x000026d8      0x11f ./Core/Inc/CK_GPIO.o
 .debug_macro   0x000027f7       0x27 ./Core/Inc/CK_GPIO.o
 .debug_macro   0x0000281e    0x25862 ./Core/Inc/CK_GPIO.o
 .debug_macro   0x00028080       0x6d ./Core/Inc/CK_GPIO.o
 .debug_macro   0x000280ed      0x23e ./Core/Inc/CK_GPIO.o
 .debug_macro   0x0002832b     0x3d1e ./Core/Inc/CK_GPIO.o
 .debug_macro   0x0002c049      0x190 ./Core/Inc/CK_GPIO.o
 .debug_macro   0x0002c1d9       0x61 ./Core/Inc/CK_GPIO.o
 .debug_macro   0x0002c23a       0x29 ./Core/Inc/CK_GPIO.o
 .debug_macro   0x0002c263       0x43 ./Core/Inc/CK_GPIO.o
 .debug_macro   0x0002c2a6       0x34 ./Core/Inc/CK_GPIO.o
 .debug_macro   0x0002c2da      0x370 ./Core/Inc/CK_GPIO.o
 .debug_macro   0x0002c64a       0x16 ./Core/Inc/CK_GPIO.o
 .debug_macro   0x0002c660       0x4a ./Core/Inc/CK_GPIO.o
 .debug_macro   0x0002c6aa       0x34 ./Core/Inc/CK_GPIO.o
 .debug_macro   0x0002c6de       0x10 ./Core/Inc/CK_GPIO.o
 .debug_macro   0x0002c6ee       0x58 ./Core/Inc/CK_GPIO.o
 .debug_macro   0x0002c746       0x8e ./Core/Inc/CK_GPIO.o
 .debug_macro   0x0002c7d4       0x1c ./Core/Inc/CK_GPIO.o
 .debug_macro   0x0002c7f0      0x185 ./Core/Inc/CK_GPIO.o
 .debug_macro   0x0002c975      0x19b ./Core/Inc/CK_GPIO.o
 .debug_macro   0x0002cb10       0x5d ./Core/Inc/CK_GPIO.o
 .debug_macro   0x0002cb6d     0x2382 ./Core/Inc/CK_GPIO.o
 .debug_macro   0x0002eeef     0x1002 ./Core/Inc/CK_GPIO.o
 .debug_macro   0x0002fef1      0x14d ./Core/Inc/CK_GPIO.o
 .debug_macro   0x0003003e      0x114 ./Core/Inc/CK_GPIO.o
 .debug_macro   0x00030152      0x3b2 ./Core/Inc/CK_GPIO.o
 .debug_macro   0x00030504       0xac ./Core/Inc/CK_GPIO.o
 .debug_macro   0x000305b0      0x72d ./Core/Inc/CK_GPIO.o
 .debug_macro   0x00030cdd      0x228 ./Core/Inc/CK_GPIO.o
 .debug_macro   0x00030f05       0x66 ./Core/Inc/CK_GPIO.o
 .debug_macro   0x00030f6b      0x3bb ./Core/Inc/CK_GPIO.o
 .debug_macro   0x00031326      0x3e4 ./Core/Inc/CK_GPIO.o
 .debug_macro   0x0003170a      0x275 ./Core/Inc/CK_GPIO.o
 .debug_macro   0x0003197f      0x3ca ./Core/Inc/CK_GPIO.o
 .debug_macro   0x00031d49      0x408 ./Core/Inc/CK_GPIO.o
 .debug_macro   0x00032151       0x51 ./Core/Inc/CK_GPIO.o
 .debug_macro   0x000321a2       0x4a ./Core/Inc/CK_GPIO.o
 .debug_macro   0x000321ec      0x22c ./Core/Inc/CK_GPIO.o
 .debug_macro   0x00032418       0x67 ./Core/Inc/CK_GPIO.o
 .debug_macro   0x0003247f       0xa5 ./Core/Inc/CK_GPIO.o
 .debug_macro   0x00032524      0x1c4 ./Core/Inc/CK_GPIO.o
 .debug_macro   0x000326e8      0x25e ./Core/Inc/CK_GPIO.o
 .debug_macro   0x00032946       0x35 ./Core/Inc/CK_GPIO.o
 .debug_macro   0x0003297b      0x81b ./Core/Inc/CK_GPIO.o
 .debug_macro   0x00033196       0x16 ./Core/Inc/CK_GPIO.o
 .debug_macro   0x000331ac      0x1ce ./Core/Inc/CK_GPIO.o
 .debug_macro   0x0003337a      0x5e4 ./Core/Inc/CK_GPIO.o
 .debug_macro   0x0003395e       0x9e ./Core/Inc/CK_GPIO.o
 .debug_macro   0x000339fc      0x248 ./Core/Inc/CK_GPIO.o
 .debug_macro   0x00033c44       0x90 ./Core/Inc/CK_GPIO.o
 .debug_macro   0x00033cd4      0x5a0 ./Core/Inc/CK_GPIO.o
 .debug_macro   0x00034274      0x2f4 ./Core/Inc/CK_SYSTEM.o
 .debug_macro   0x00034568      0x2fe ./Core/Inc/CK_TIME_HAL.o
 .debug_macro   0x00034866      0x351 ./Core/Src/main.o
 .debug_macro   0x00034bb7      0x2f4 ./Core/Src/stm32h7xx_hal_msp.o
 .debug_macro   0x00034eab      0x2fe ./Core/Src/stm32h7xx_it.o
 .debug_macro   0x000351a9      0x2ea ./Core/Src/system_stm32h7xx.o
 .debug_macro   0x00035493      0x314 ./Drivers/STM32H7xx_HAL_Driver/Src/stm32h7xx_hal.o
 .debug_macro   0x000357a7      0x2ea ./Drivers/STM32H7xx_HAL_Driver/Src/stm32h7xx_hal_cortex.o
 .debug_macro   0x00035a91      0x2f1 ./Drivers/STM32H7xx_HAL_Driver/Src/stm32h7xx_hal_gpio.o
 .debug_macro   0x00035d82      0x323 ./Drivers/STM32H7xx_HAL_Driver/Src/stm32h7xx_hal_pwr_ex.o
 .debug_macro   0x000360a5      0x30e ./Drivers/STM32H7xx_HAL_Driver/Src/stm32h7xx_hal_rcc.o
 .debug_macro   0x000363b3      0x308 ./Drivers/STM32H7xx_HAL_Driver/Src/stm32h7xx_hal_rcc_ex.o
 .debug_macro   0x000366bb      0x307 ./Drivers/STM32H7xx_HAL_Driver/Src/stm32h7xx_hal_sd.o
 .debug_macro   0x000369c2      0x2eb ./Drivers/STM32H7xx_HAL_Driver/Src/stm32h7xx_ll_sdmmc.o

.debug_line     0x00000000     0xe57f
 .debug_line    0x00000000      0x93d ./Core/Inc/CK_GPIO.o
 .debug_line    0x0000093d      0xa41 ./Core/Inc/CK_SYSTEM.o
 .debug_line    0x0000137e      0x9bf ./Core/Inc/CK_TIME_HAL.o
 .debug_line    0x00001d3d      0xff5 ./Core/Src/main.o
 .debug_line    0x00002d32      0x886 ./Core/Src/stm32h7xx_hal_msp.o
 .debug_line    0x000035b8      0x936 ./Core/Src/stm32h7xx_it.o
 .debug_line    0x00003eee      0xa4b ./Core/Src/system_stm32h7xx.o
 .debug_line    0x00004939       0x7a ./Core/Startup/startup_stm32h743vihx.o
 .debug_line    0x000049b3      0xe5f ./Drivers/STM32H7xx_HAL_Driver/Src/stm32h7xx_hal.o
 .debug_line    0x00005812      0xe1f ./Drivers/STM32H7xx_HAL_Driver/Src/stm32h7xx_hal_cortex.o
 .debug_line    0x00006631      0xce8 ./Drivers/STM32H7xx_HAL_Driver/Src/stm32h7xx_hal_gpio.o
 .debug_line    0x00007319      0xfd7 ./Drivers/STM32H7xx_HAL_Driver/Src/stm32h7xx_hal_pwr_ex.o
 .debug_line    0x000082f0     0x14a4 ./Drivers/STM32H7xx_HAL_Driver/Src/stm32h7xx_hal_rcc.o
 .debug_line    0x00009794     0x1c18 ./Drivers/STM32H7xx_HAL_Driver/Src/stm32h7xx_hal_rcc_ex.o
 .debug_line    0x0000b3ac     0x2066 ./Drivers/STM32H7xx_HAL_Driver/Src/stm32h7xx_hal_sd.o
 .debug_line    0x0000d412     0x116d ./Drivers/STM32H7xx_HAL_Driver/Src/stm32h7xx_ll_sdmmc.o

.debug_str      0x00000000   0x1598bf
 .debug_str     0x00000000   0x1598bf ./Core/Inc/CK_GPIO.o
                             0x155883 (size before relaxing)
 .debug_str     0x001598bf   0x1559fa ./Core/Inc/CK_SYSTEM.o
 .debug_str     0x001598bf   0x15546d ./Core/Inc/CK_TIME_HAL.o
 .debug_str     0x001598bf   0x156f76 ./Core/Src/main.o
 .debug_str     0x001598bf   0x15556e ./Core/Src/stm32h7xx_hal_msp.o
 .debug_str     0x001598bf   0x1553cd ./Core/Src/stm32h7xx_it.o
 .debug_str     0x001598bf   0x1558a1 ./Core/Src/system_stm32h7xx.o
 .debug_str     0x001598bf       0x8d ./Core/Startup/startup_stm32h743vihx.o
 .debug_str     0x001598bf   0x1567b7 ./Drivers/STM32H7xx_HAL_Driver/Src/stm32h7xx_hal.o
 .debug_str     0x001598bf   0x1561ba ./Drivers/STM32H7xx_HAL_Driver/Src/stm32h7xx_hal_cortex.o
 .debug_str     0x001598bf   0x155858 ./Drivers/STM32H7xx_HAL_Driver/Src/stm32h7xx_hal_gpio.o
 .debug_str     0x001598bf   0x155d19 ./Drivers/STM32H7xx_HAL_Driver/Src/stm32h7xx_hal_pwr_ex.o
 .debug_str     0x001598bf   0x155c3c ./Drivers/STM32H7xx_HAL_Driver/Src/stm32h7xx_hal_rcc.o
 .debug_str     0x001598bf   0x1560f4 ./Drivers/STM32H7xx_HAL_Driver/Src/stm32h7xx_hal_rcc_ex.o
 .debug_str     0x001598bf   0x156206 ./Drivers/STM32H7xx_HAL_Driver/Src/stm32h7xx_hal_sd.o
 .debug_str     0x001598bf   0x1559f1 ./Drivers/STM32H7xx_HAL_Driver/Src/stm32h7xx_ll_sdmmc.o

.comment        0x00000000       0x43
 .comment       0x00000000       0x43 ./Core/Inc/CK_GPIO.o
                                 0x44 (size before relaxing)
 .comment       0x00000043       0x44 ./Core/Inc/CK_SYSTEM.o
 .comment       0x00000043       0x44 ./Core/Inc/CK_TIME_HAL.o
 .comment       0x00000043       0x44 ./Core/Src/main.o
 .comment       0x00000043       0x44 ./Core/Src/stm32h7xx_hal_msp.o
 .comment       0x00000043       0x44 ./Core/Src/stm32h7xx_it.o
 .comment       0x00000043       0x44 ./Core/Src/system_stm32h7xx.o
 .comment       0x00000043       0x44 ./Drivers/STM32H7xx_HAL_Driver/Src/stm32h7xx_hal.o
 .comment       0x00000043       0x44 ./Drivers/STM32H7xx_HAL_Driver/Src/stm32h7xx_hal_cortex.o
 .comment       0x00000043       0x44 ./Drivers/STM32H7xx_HAL_Driver/Src/stm32h7xx_hal_gpio.o
 .comment       0x00000043       0x44 ./Drivers/STM32H7xx_HAL_Driver/Src/stm32h7xx_hal_pwr_ex.o
 .comment       0x00000043       0x44 ./Drivers/STM32H7xx_HAL_Driver/Src/stm32h7xx_hal_rcc.o
 .comment       0x00000043       0x44 ./Drivers/STM32H7xx_HAL_Driver/Src/stm32h7xx_hal_rcc_ex.o
 .comment       0x00000043       0x44 ./Drivers/STM32H7xx_HAL_Driver/Src/stm32h7xx_hal_sd.o
 .comment       0x00000043       0x44 ./Drivers/STM32H7xx_HAL_Driver/Src/stm32h7xx_ll_sdmmc.o

.debug_frame    0x00000000     0x2c6c
 .debug_frame   0x00000000       0xf8 ./Core/Inc/CK_GPIO.o
 .debug_frame   0x000000f8      0x138 ./Core/Inc/CK_SYSTEM.o
 .debug_frame   0x00000230      0x160 ./Core/Inc/CK_TIME_HAL.o
 .debug_frame   0x00000390      0x14c ./Core/Src/main.o
 .debug_frame   0x000004dc       0x38 ./Core/Src/stm32h7xx_hal_msp.o
 .debug_frame   0x00000514      0x104 ./Core/Src/stm32h7xx_it.o
 .debug_frame   0x00000618       0x58 ./Core/Src/system_stm32h7xx.o
 .debug_frame   0x00000670      0x690 ./Drivers/STM32H7xx_HAL_Driver/Src/stm32h7xx_hal.o
 .debug_frame   0x00000d00      0x4b8 ./Drivers/STM32H7xx_HAL_Driver/Src/stm32h7xx_hal_cortex.o
 .debug_frame   0x000011b8      0x14c ./Drivers/STM32H7xx_HAL_Driver/Src/stm32h7xx_hal_gpio.o
 .debug_frame   0x00001304      0x580 ./Drivers/STM32H7xx_HAL_Driver/Src/stm32h7xx_hal_pwr_ex.o
 .debug_frame   0x00001884      0x1f8 ./Drivers/STM32H7xx_HAL_Driver/Src/stm32h7xx_hal_rcc.o
 .debug_frame   0x00001a7c      0x3f4 ./Drivers/STM32H7xx_HAL_Driver/Src/stm32h7xx_hal_rcc_ex.o
 .debug_frame   0x00001e70      0x670 ./Drivers/STM32H7xx_HAL_Driver/Src/stm32h7xx_hal_sd.o
 .debug_frame   0x000024e0      0x740 ./Drivers/STM32H7xx_HAL_Driver/Src/stm32h7xx_ll_sdmmc.o
 .debug_frame   0x00002c20       0x20 /opt/st/stm32cubeide_1.19.0/plugins/com.st.stm32cube.ide.mcu.externaltools.gnu-tools-for-stm32.13.3.rel1.linux64_1.0.0.202410170706/tools/bin/../lib/gcc/arm-none-eabi/13.3.1/../../../../arm-none-eabi/lib/thumb/v7e-m+dp/hard/libc_nano.a(libc_a-memset.o)
 .debug_frame   0x00002c40       0x2c /opt/st/stm32cubeide_1.19.0/plugins/com.st.stm32cube.ide.mcu.externaltools.gnu-tools-for-stm32.13.3.rel1.linux64_1.0.0.202410170706/tools/bin/../lib/gcc/arm-none-eabi/13.3.1/../../../../arm-none-eabi/lib/thumb/v7e-m+dp/hard/libc_nano.a(libc_a-init.o)

.debug_line_str
                0x00000000       0x71
 .debug_line_str
                0x00000000       0x71 ./Core/Startup/startup_stm32h743vihx.o
