Archive member included to satisfy reference by file (symbol)

/Applications/STM32CubeIDE.app/Contents/Eclipse/plugins/com.st.stm32cube.ide.mcu.externaltools.gnu-tools-for-stm32.9-2020-q2-update.macos64_2.0.0.202105311346/tools/bin/../lib/gcc/arm-none-eabi/9.3.1/../../../../arm-none-eabi/lib/thumb/v7e-m+dp/hard/libc_nano.a(lib_a-errno.o)
                              ./Core/Src/syscalls.o (__errno)
/Applications/STM32CubeIDE.app/Contents/Eclipse/plugins/com.st.stm32cube.ide.mcu.externaltools.gnu-tools-for-stm32.9-2020-q2-update.macos64_2.0.0.202105311346/tools/bin/../lib/gcc/arm-none-eabi/9.3.1/../../../../arm-none-eabi/lib/thumb/v7e-m+dp/hard/libc_nano.a(lib_a-exit.o)
                              /Applications/STM32CubeIDE.app/Contents/Eclipse/plugins/com.st.stm32cube.ide.mcu.externaltools.gnu-tools-for-stm32.9-2020-q2-update.macos64_2.0.0.202105311346/tools/bin/../lib/gcc/arm-none-eabi/9.3.1/../../../../arm-none-eabi/lib/thumb/v7e-m+dp/hard/crt0.o (exit)
/Applications/STM32CubeIDE.app/Contents/Eclipse/plugins/com.st.stm32cube.ide.mcu.externaltools.gnu-tools-for-stm32.9-2020-q2-update.macos64_2.0.0.202105311346/tools/bin/../lib/gcc/arm-none-eabi/9.3.1/../../../../arm-none-eabi/lib/thumb/v7e-m+dp/hard/libc_nano.a(lib_a-impure.o)
                              /Applications/STM32CubeIDE.app/Contents/Eclipse/plugins/com.st.stm32cube.ide.mcu.externaltools.gnu-tools-for-stm32.9-2020-q2-update.macos64_2.0.0.202105311346/tools/bin/../lib/gcc/arm-none-eabi/9.3.1/../../../../arm-none-eabi/lib/thumb/v7e-m+dp/hard/libc_nano.a(lib_a-exit.o) (_global_impure_ptr)
/Applications/STM32CubeIDE.app/Contents/Eclipse/plugins/com.st.stm32cube.ide.mcu.externaltools.gnu-tools-for-stm32.9-2020-q2-update.macos64_2.0.0.202105311346/tools/bin/../lib/gcc/arm-none-eabi/9.3.1/../../../../arm-none-eabi/lib/thumb/v7e-m+dp/hard/libc_nano.a(lib_a-init.o)
                              /Applications/STM32CubeIDE.app/Contents/Eclipse/plugins/com.st.stm32cube.ide.mcu.externaltools.gnu-tools-for-stm32.9-2020-q2-update.macos64_2.0.0.202105311346/tools/bin/../lib/gcc/arm-none-eabi/9.3.1/../../../../arm-none-eabi/lib/thumb/v7e-m+dp/hard/crt0.o (__libc_init_array)
/Applications/STM32CubeIDE.app/Contents/Eclipse/plugins/com.st.stm32cube.ide.mcu.externaltools.gnu-tools-for-stm32.9-2020-q2-update.macos64_2.0.0.202105311346/tools/bin/../lib/gcc/arm-none-eabi/9.3.1/../../../../arm-none-eabi/lib/thumb/v7e-m+dp/hard/libc_nano.a(lib_a-malloc.o)
                              ./Core/Inc/USBD_CDC/CK_USBD_BUFFER.o (malloc)
/Applications/STM32CubeIDE.app/Contents/Eclipse/plugins/com.st.stm32cube.ide.mcu.externaltools.gnu-tools-for-stm32.9-2020-q2-update.macos64_2.0.0.202105311346/tools/bin/../lib/gcc/arm-none-eabi/9.3.1/../../../../arm-none-eabi/lib/thumb/v7e-m+dp/hard/libc_nano.a(lib_a-memcpy-stub.o)
                              ./Core/Inc/USBD_CDC/CK_USBD_BUFFER.o (memcpy)
/Applications/STM32CubeIDE.app/Contents/Eclipse/plugins/com.st.stm32cube.ide.mcu.externaltools.gnu-tools-for-stm32.9-2020-q2-update.macos64_2.0.0.202105311346/tools/bin/../lib/gcc/arm-none-eabi/9.3.1/../../../../arm-none-eabi/lib/thumb/v7e-m+dp/hard/libc_nano.a(lib_a-memset.o)
                              /Applications/STM32CubeIDE.app/Contents/Eclipse/plugins/com.st.stm32cube.ide.mcu.externaltools.gnu-tools-for-stm32.9-2020-q2-update.macos64_2.0.0.202105311346/tools/bin/../lib/gcc/arm-none-eabi/9.3.1/../../../../arm-none-eabi/lib/thumb/v7e-m+dp/hard/crt0.o (memset)
/Applications/STM32CubeIDE.app/Contents/Eclipse/plugins/com.st.stm32cube.ide.mcu.externaltools.gnu-tools-for-stm32.9-2020-q2-update.macos64_2.0.0.202105311346/tools/bin/../lib/gcc/arm-none-eabi/9.3.1/../../../../arm-none-eabi/lib/thumb/v7e-m+dp/hard/libc_nano.a(lib_a-nano-freer.o)
                              /Applications/STM32CubeIDE.app/Contents/Eclipse/plugins/com.st.stm32cube.ide.mcu.externaltools.gnu-tools-for-stm32.9-2020-q2-update.macos64_2.0.0.202105311346/tools/bin/../lib/gcc/arm-none-eabi/9.3.1/../../../../arm-none-eabi/lib/thumb/v7e-m+dp/hard/libc_nano.a(lib_a-malloc.o) (_free_r)
/Applications/STM32CubeIDE.app/Contents/Eclipse/plugins/com.st.stm32cube.ide.mcu.externaltools.gnu-tools-for-stm32.9-2020-q2-update.macos64_2.0.0.202105311346/tools/bin/../lib/gcc/arm-none-eabi/9.3.1/../../../../arm-none-eabi/lib/thumb/v7e-m+dp/hard/libc_nano.a(lib_a-nano-mallocr.o)
                              /Applications/STM32CubeIDE.app/Contents/Eclipse/plugins/com.st.stm32cube.ide.mcu.externaltools.gnu-tools-for-stm32.9-2020-q2-update.macos64_2.0.0.202105311346/tools/bin/../lib/gcc/arm-none-eabi/9.3.1/../../../../arm-none-eabi/lib/thumb/v7e-m+dp/hard/libc_nano.a(lib_a-malloc.o) (_malloc_r)
/Applications/STM32CubeIDE.app/Contents/Eclipse/plugins/com.st.stm32cube.ide.mcu.externaltools.gnu-tools-for-stm32.9-2020-q2-update.macos64_2.0.0.202105311346/tools/bin/../lib/gcc/arm-none-eabi/9.3.1/../../../../arm-none-eabi/lib/thumb/v7e-m+dp/hard/libc_nano.a(lib_a-sbrkr.o)
[...]
Memory Configuration

Name             Origin             Length             Attributes
FLASH            0x0000000008000000 0x00000000001e0000 xr
DTCMRAM          0x0000000020000000 0x0000000000020000 xrw
RAM_D1           0x0000000024000000 0x0000000000080000 xrw
RAM_D2           0x0000000030000000 0x0000000000048000 xrw
RAM_D3           0x0000000038000000 0x0000000000010000 xrw
ITCMRAM          0x0000000000000000 0x0000000000010000 xrw
*default*        0x0000000000000000 0xffffffffffffffff

Linker script and memory map

LOAD /Applications/STM32CubeIDE.app/Contents/Eclipse/plugins/com.st.stm32cube.ide.mcu.externaltools.gnu-tools-for-stm32.9-2020-q2-update.macos64_2.0.0.202105311346/tools/bin/../lib/gcc/arm-none-eabi/9.3.1/thumb/v7e-m+dp/hard/crti.o
LOAD /Applications/STM32CubeIDE.app/Contents/Eclipse/plugins/com.st.stm32cube.ide.mcu.externaltools.gnu-tools-for-stm32.9-2020-q2-update.macos64_2.0.0.202105311346/tools/bin/../lib/gcc/arm-none-eabi/9.3.1/thumb/v7e-m+dp/hard/crtbegin.o
LOAD /Applications/STM32CubeIDE.app/Contents/Eclipse/plugins/com.st.stm32cube.ide.mcu.externaltools.gnu-tools-for-stm32.9-2020-q2-update.macos64_2.0.0.202105311346/tools/bin/../lib/gcc/arm-none-eabi/9.3.1/../../../../arm-none-eabi/lib/thumb/v7e-m+dp/hard/crt0.o
LOAD ./Core/Inc/CK_GPIO.o
LOAD ./Core/Inc/CK_SPI.o
LOAD ./Core/Inc/CK_SYSTEM.o
LOAD ./Core/Inc/CK_TIME_HAL.o
LOAD ./Core/Inc/USBD_CDC/CK_USBD_BUFFER.o
LOAD ./Core/Inc/USBD_CDC/usb_device.o
LOAD ./Core/Inc/USBD_CDC/usbd_cdc.o
LOAD ./Core/Inc/USBD_CDC/usbd_cdc_if.o
LOAD ./Core/Inc/USBD_CDC/usbd_conf.o
LOAD ./Core/Inc/USBD_CDC/usbd_core.o
LOAD ./Core/Inc/USBD_CDC/usbd_ctlreq.o
LOAD ./Core/Inc/USBD_CDC/usbd_desc.o
LOAD ./Core/Inc/USBD_CDC/usbd_ioreq.o
LOAD ./Core/Src/main.o
LOAD ./Core/Src/stm32h7xx_hal_msp.o
LOAD ./Core/Src/stm32h7xx_it.o
LOAD ./Core/Src/syscalls.o
LOAD ./Core/Src/sysmem.o
LOAD ./Core/Src/system_stm32h7xx.o
LOAD ./Core/Startup/startup_stm32h743vihx.o
LOAD ./Drivers/STM32H7xx_HAL_Driver/Src/stm32h7xx_hal.o
LOAD ./Drivers/STM32H7xx_HAL_Driver/Src/stm32h7xx_hal_adc.o
LOAD ./Drivers/STM32H7xx_HAL_Driver/Src/stm32h7xx_hal_adc_ex.o
LOAD ./Drivers/STM32H7xx_HAL_Driver/Src/stm32h7xx_hal_cortex.o
LOAD ./Drivers/STM32H7xx_HAL_Driver/Src/stm32h7xx_hal_dma.o
LOAD ./Drivers/STM32H7xx_HAL_Driver/Src/stm32h7xx_hal_dma_ex.o
LOAD ./Drivers/STM32H7xx_HAL_Driver/Src/stm32h7xx_hal_exti.o
LOAD ./Drivers/STM32H7xx_HAL_Driver/Src/stm32h7xx_hal_flash.o
LOAD ./Drivers/STM32H7xx_HAL_Driver/Src/stm32h7xx_hal_flash_ex.o
LOAD ./Drivers/STM32H7xx_HAL_Driver/Src/stm32h7xx_hal_gpio.o
LOAD ./Drivers/STM32H7xx_HAL_Driver/Src/stm32h7xx_hal_hsem.o
LOAD ./Drivers/STM32H7xx_HAL_Driver/Src/stm32h7xx_hal_i2c.o
LOAD ./Drivers/STM32H7xx_HAL_Driver/Src/stm32h7xx_hal_i2c_ex.o
LOAD ./Drivers/STM32H7xx_HAL_Driver/Src/stm32h7xx_hal_mdma.o
LOAD ./Drivers/STM32H7xx_HAL_Driver/Src/stm32h7xx_hal_pcd.o
LOAD ./Drivers/STM32H7xx_HAL_Driver/Src/stm32h7xx_hal_pcd_ex.o
LOAD ./Drivers/STM32H7xx_HAL_Driver/Src/stm32h7xx_hal_pwr.o
LOAD ./Drivers/STM32H7xx_HAL_Driver/Src/stm32h7xx_hal_pwr_ex.o
LOAD ./Drivers/STM32H7xx_HAL_Driver/Src/stm32h7xx_hal_rcc.o
LOAD ./Drivers/STM32H7xx_HAL_Driver/Src/stm32h7xx_hal_rcc_ex.o
LOAD ./Drivers/STM32H7xx_HAL_Driver/Src/stm32h7xx_hal_spi.o
LOAD ./Drivers/STM32H7xx_HAL_Driver/Src/stm32h7xx_hal_spi_ex.o
LOAD ./Drivers/STM32H7xx_HAL_Driver/Src/stm32h7xx_hal_tim.o
LOAD ./Drivers/STM32H7xx_HAL_Driver/Src/stm32h7xx_hal_tim_ex.o
LOAD ./Drivers/STM32H7xx_HAL_Driver/Src/stm32h7xx_hal_usart.o
LOAD ./Drivers/STM32H7xx_HAL_Driver/Src/stm32h7xx_hal_usart_ex.o
LOAD ./Drivers/STM32H7xx_HAL_Driver/Src/stm32h7xx_ll_usb.o
START GROUP
LOAD /Applications/STM32CubeIDE.app/Contents/Eclipse/plugins/com.st.stm32cube.ide.mcu.externaltools.gnu-tools-for-stm32.9-2020-q2-update.macos64_2.0.0.202105311346/tools/bin/../lib/gcc/arm-none-eabi/9.3.1/../../../../arm-none-eabi/lib/thumb/v7e-m+dp/hard/libc_nano.a
LOAD /Applications/STM32CubeIDE.app/Contents/Eclipse/plugins/com.st.stm32cube.ide.mcu.externaltools.gnu-tools-for-stm32.9-2020-q2-update.macos64_2.0.0.202105311346/tools/bin/../lib/gcc/arm-none-eabi/9.3.1/../../../../arm-none-eabi/lib/thumb/v7e-m+dp/hard/libm.a
END GROUP
START GROUP
LOAD /Applications/STM32CubeIDE.app/Contents/Eclipse/plugins/com.st.stm32cube.ide.mcu.externaltools.gnu-tools-for-stm32.9-2020-q2-update.macos64_2.0.0.202105311346/tools/bin/../lib/gcc/arm-none-eabi/9.3.1/thumb/v7e-m+dp/hard/libgcc.a
LOAD /Applications/STM32CubeIDE.app/Contents/Eclipse/plugins/com.st.stm32cube.ide.mcu.externaltools.gnu-tools-for-stm32.9-2020-q2-update.macos64_2.0.0.202105311346/tools/bin/../lib/gcc/arm-none-eabi/9.3.1/../../../../arm-none-eabi/lib/thumb/v7e-m+dp/hard/libc_nano.a
END GROUP
START GROUP
LOAD /Applications/STM32CubeIDE.app/Contents/Eclipse/plugins/com.st.stm32cube.ide.mcu.externaltools.gnu-tools-for-stm32.9-2020-q2-update.macos64_2.0.0.202105311346/tools/bin/../lib/gcc/arm-none-eabi/9.3.1/thumb/v7e-m+dp/hard/libgcc.a
LOAD /Applications/STM32CubeIDE.app/Contents/Eclipse/plugins/com.st.stm32cube.ide.mcu.externaltools.gnu-tools-for-stm32.9-2020-q2-update.macos64_2.0.0.202105311346/tools/bin/../lib/gcc/arm-none-eabi/9.3.1/../../../../arm-none-eabi/lib/thumb/v7e-m+dp/hard/libc_nano.a
LOAD /Applications/STM32CubeIDE.app/Contents/Eclipse/plugins/com.st.stm32cube.ide.mcu.externaltools.gnu-tools-for-stm32.9-2020-q2-update.macos64_2.0.0.202105311346/tools/bin/../lib/gcc/arm-none-eabi/9.3.1/../../../../arm-none-eabi/lib/thumb/v7e-m+dp/hard/libnosys.a
END GROUP
START GROUP
LOAD /Applications/STM32CubeIDE.app/Contents/Eclipse/plugins/com.st.stm32cube.ide.mcu.externaltools.gnu-tools-for-stm32.9-2020-q2-update.macos64_2.0.0.202105311346/tools/bin/../lib/gcc/arm-none-eabi/9.3.1/thumb/v7e-m+dp/hard/libgcc.a
LOAD /Applications/STM32CubeIDE.app/Contents/Eclipse/plugins/com.st.stm32cube.ide.mcu.externaltools.gnu-tools-for-stm32.9-2020-q2-update.macos64_2.0.0.202105311346/tools/bin/../lib/gcc/arm-none-eabi/9.3.1/../../../../arm-none-eabi/lib/thumb/v7e-m+dp/hard/libc_nano.a
LOAD /Applications/STM32CubeIDE.app/Contents/Eclipse/plugins/com.st.stm32cube.ide.mcu.externaltools.gnu-tools-for-stm32.9-2020-q2-update.macos64_2.0.0.202105311346/tools/bin/../lib/gcc/arm-none-eabi/9.3.1/../../../../arm-none-eabi/lib/thumb/v7e-m+dp/hard/libnosys.a
END GROUP
LOAD /Applications/STM32CubeIDE.app/Contents/Eclipse/plugins/com.st.stm32cube.ide.mcu.externaltools.gnu-tools-for-stm32.9-2020-q2-update.macos64_2.0.0.202105311346/tools/bin/../lib/gcc/arm-none-eabi/9.3.1/thumb/v7e-m+dp/hard/crtend.o
LOAD /Applications/STM32CubeIDE.app/Contents/Eclipse/plugins/com.st.stm32cube.ide.mcu.externaltools.gnu-tools-for-stm32.9-2020-q2-update.macos64_2.0.0.202105311346/tools/bin/../lib/gcc/arm-none-eabi/9.3.1/thumb/v7e-m+dp/hard/crtn.o
                0x0000000024080000                _estack = (ORIGIN (RAM_D1) + LENGTH (RAM_D1))
                0x0000000000000200                _Min_Heap_Size = 0x200
                0x0000000000000400                _Min_Stack_Size = 0x400

.isr_vector     0x0000000008000000      0x298
                0x0000000008000000                . = ALIGN (0x4)
 *(.isr_vector)
 .isr_vector    0x0000000008000000      0x298 ./Core/Startup/startup_stm32h743vihx.o
                0x0000000008000000                g_pfnVectors
                0x0000000008000298                . = ALIGN (0x4)

.text           0x0000000008000298     0x8738
                0x0000000008000298                . = ALIGN (0x4)
 *(.text)
 .text          0x0000000008000298       0x40 /Applications/STM32CubeIDE.app/Contents/Eclipse/plugins/com.st.stm32cube.ide.mcu.externaltools.gnu-tools-for-stm32.9-2020-q2-update.macos64_2.0.0.202105311346/tools/bin/../lib/gcc/arm-none-eabi/9.3.1/thumb/v7e-m+dp/hard/crtbegin.o
 .text          0x00000000080002d8       0x10 /Applications/STM32CubeIDE.app/Contents/Eclipse/plugins/com.st.stm32cube.ide.mcu.externaltools.gnu-tools-for-stm32.9-2020-q2-update.macos64_2.0.0.202105311346/tools/bin/../lib/gcc/arm-none-eabi/9.3.1/../../../../arm-none-eabi/lib/thumb/v7e-m+dp/hard/libc_nano.a(lib_a-strlen.o)
                0x00000000080002d8                strlen
 *(.text*)
 .text.CK_GPIO_Init
                0x00000000080002e8       0x62 ./Core/Inc/CK_GPIO.o
                0x00000000080002e8                CK_GPIO_Init
 *fill*         0x000000000800034a        0x2 
 .text.CK_GPIO_ClockEnable
                0x000000000800034c       0x3c ./Core/Inc/CK_GPIO.o
                0x000000000800034c                CK_GPIO_ClockEnable
 .text.CK_GPIO_SetPin
                0x0000000008000388       0x2a ./Core/Inc/CK_GPIO.o
                0x0000000008000388                CK_GPIO_SetPin
 .text.CK_GPIO_ClearPin
                0x00000000080003b2       0x2c ./Core/Inc/CK_GPIO.o
                0x00000000080003b2                CK_GPIO_ClearPin
 *fill*         0x00000000080003de        0x2 
 .text.CK_SPI_Init
                0x00000000080003e0       0xc0 ./Core/Inc/CK_SPI.o
                0x00000000080003e0                CK_SPI_Init
 .text.CK_SPI_WriteRegister
                0x00000000080004a0       0x4c ./Core/Inc/CK_SPI.o
                0x00000000080004a0                CK_SPI_WriteRegister
 .text.CK_SPI_ReadRegister
                0x00000000080004ec      0x138 ./Core/Inc/CK_SPI.o
                0x00000000080004ec                CK_SPI_ReadRegister
 .text.CK_SPI_Transfer
                0x0000000008000624       0xd8 ./Core/Inc/CK_SPI.o
                0x0000000008000624                CK_SPI_Transfer
 .text.CK_SPI_TimeOutCounter
                0x00000000080006fc       0x30 ./Core/Inc/CK_SPI.o
                0x00000000080006fc                CK_SPI_TimeOutCounter
 .text.CK_SYSTEM_SetSystemClock
                0x000000000800072c      0x12c ./Core/Inc/CK_SYSTEM.o
                0x000000000800072c                CK_SYSTEM_SetSystemClock
 .text.HAL_IncTick
                0x0000000008000858       0x34 ./Core/Inc/CK_TIME_HAL.o
                0x0000000008000858                HAL_IncTick
 .text.HAL_GetTick
                0x000000000800088c       0x18 ./Core/Inc/CK_TIME_HAL.o
                0x000000000800088c                HAL_GetTick
 .text.CK_TIME_GetMicroSec_SYSTICK
                0x00000000080008a4       0x64 ./Core/Inc/CK_TIME_HAL.o
                0x00000000080008a4                CK_TIME_GetMicroSec_SYSTICK
 .text.CK_TIME_GetMicroSec
                0x0000000008000908        0xe ./Core/Inc/CK_TIME_HAL.o
                0x0000000008000908                CK_TIME_GetMicroSec
 .text.CK_TIME_DelayMilliSec
                0x0000000008000916       0x26 ./Core/Inc/CK_TIME_HAL.o
                0x0000000008000916                CK_TIME_DelayMilliSec
 .text.CK_TIME_DelayMicroSec
                0x000000000800093c       0x2a ./Core/Inc/CK_TIME_HAL.o
                0x000000000800093c                CK_TIME_DelayMicroSec
 .text.CK_USBD_BUFFER_Init
                0x0000000008000966       0x34 ./Core/Inc/USBD_CDC/CK_USBD_BUFFER.o
                0x0000000008000966                CK_USBD_BUFFER_Init
 .text.CK_USBD_BUFFER_BufferWrite
                0x000000000800099a       0x54 ./Core/Inc/USBD_CDC/CK_USBD_BUFFER.o
                0x000000000800099a                CK_USBD_BUFFER_BufferWrite
 .text.CK_USBD_BUFFER_IsBufferFull
                0x00000000080009ee       0x36 ./Core/Inc/USBD_CDC/CK_USBD_BUFFER.o
                0x00000000080009ee                CK_USBD_BUFFER_IsBufferFull
 .text.CK_USBD_Init
                0x0000000008000a24       0x4c ./Core/Inc/USBD_CDC/usb_device.o
                0x0000000008000a24                CK_USBD_Init
 .text.CK_USBD_Transmit
                0x0000000008000a70       0x30 ./Core/Inc/USBD_CDC/usb_device.o
                0x0000000008000a70                CK_USBD_Transmit
 .text.CK_USBD_WriteRxBuffer
                0x0000000008000aa0       0x60 ./Core/Inc/USBD_CDC/usb_device.o
                0x0000000008000aa0                CK_USBD_WriteRxBuffer
 .text.CK_USBD_WriteTxBuffer
                0x0000000008000b00       0x40 ./Core/Inc/USBD_CDC/usb_device.o
                0x0000000008000b00                CK_USBD_WriteTxBuffer
 .text.CK_USBD_IntPrint
                0x0000000008000b40       0xdc ./Core/Inc/USBD_CDC/usb_device.o
                0x0000000008000b40                CK_USBD_IntPrint
 .text.CK_USBD_IntPrintln
                0x0000000008000c1c       0xe0 ./Core/Inc/USBD_CDC/usb_device.o
                0x0000000008000c1c                CK_USBD_IntPrintln
 .text.CK_USBD_StringPrint
                0x0000000008000cfc       0x3e ./Core/Inc/USBD_CDC/usb_device.o
                0x0000000008000cfc                CK_USBD_StringPrint
 .text.USBD_CDC_Init
                0x0000000008000d3a       0xfe ./Core/Inc/USBD_CDC/usbd_cdc.o
 .text.USBD_CDC_DeInit
                0x0000000008000e38       0x74 ./Core/Inc/USBD_CDC/usbd_cdc.o
 .text.USBD_CDC_Setup
                0x0000000008000eac      0x190 ./Core/Inc/USBD_CDC/usbd_cdc.o
 .text.USBD_CDC_DataIn
                0x000000000800103c       0xca ./Core/Inc/USBD_CDC/usbd_cdc.o
 .text.USBD_CDC_DataOut
                0x0000000008001106       0x56 ./Core/Inc/USBD_CDC/usbd_cdc.o
 .text.USBD_CDC_EP0_RxReady
                0x000000000800115c       0x5a ./Core/Inc/USBD_CDC/usbd_cdc.o
 *fill*         0x00000000080011b6        0x2 
 .text.USBD_CDC_GetFSCfgDesc
                0x00000000080011b8       0x20 ./Core/Inc/USBD_CDC/usbd_cdc.o
 .text.USBD_CDC_GetHSCfgDesc
                0x00000000080011d8       0x20 ./Core/Inc/USBD_CDC/usbd_cdc.o
 .text.USBD_CDC_GetOtherSpeedCfgDesc
                0x00000000080011f8       0x20 ./Core/Inc/USBD_CDC/usbd_cdc.o
 .text.USBD_CDC_GetDeviceQualifierDescriptor
                0x0000000008001218       0x20 ./Core/Inc/USBD_CDC/usbd_cdc.o
                0x0000000008001218                USBD_CDC_GetDeviceQualifierDescriptor
 .text.USBD_CDC_RegisterInterface
                0x0000000008001238       0x2a ./Core/Inc/USBD_CDC/usbd_cdc.o
                0x0000000008001238                USBD_CDC_RegisterInterface
 .text.USBD_CDC_SetTxBuffer
                0x0000000008001262       0x3c ./Core/Inc/USBD_CDC/usbd_cdc.o
                0x0000000008001262                USBD_CDC_SetTxBuffer
 .text.USBD_CDC_SetRxBuffer
                0x000000000800129e       0x32 ./Core/Inc/USBD_CDC/usbd_cdc.o
                0x000000000800129e                USBD_CDC_SetRxBuffer
 .text.USBD_CDC_TransmitPacket
                0x00000000080012d0       0x60 ./Core/Inc/USBD_CDC/usbd_cdc.o
                0x00000000080012d0                USBD_CDC_TransmitPacket
 .text.USBD_CDC_ReceivePacket
                0x0000000008001330       0x54 ./Core/Inc/USBD_CDC/usbd_cdc.o
                0x0000000008001330                USBD_CDC_ReceivePacket
 .text.CDC_Init_FS
                0x0000000008001384       0x28 ./Core/Inc/USBD_CDC/usbd_cdc_if.o
 .text.CDC_DeInit_FS
                0x00000000080013ac       0x10 ./Core/Inc/USBD_CDC/usbd_cdc_if.o
 .text.CDC_Control_FS
                0x00000000080013bc       0xbc ./Core/Inc/USBD_CDC/usbd_cdc_if.o
 .text.CDC_Receive_FS
                0x0000000008001478       0x30 ./Core/Inc/USBD_CDC/usbd_cdc_if.o
 .text.CDC_Transmit_FS
                0x00000000080014a8       0x4c ./Core/Inc/USBD_CDC/usbd_cdc_if.o
                0x00000000080014a8                CDC_Transmit_FS
 .text.CDC_TransmitCplt_FS
                0x00000000080014f4       0x22 ./Core/Inc/USBD_CDC/usbd_cdc_if.o
 *fill*         0x0000000008001516        0x2 
 .text.HAL_PCD_MspInit
                0x0000000008001518       0xd8 ./Core/Inc/USBD_CDC/usbd_conf.o
                0x0000000008001518                HAL_PCD_MspInit
 .text.HAL_PCD_SetupStageCallback
                0x00000000080015f0       0x24 ./Core/Inc/USBD_CDC/usbd_conf.o
                0x00000000080015f0                HAL_PCD_SetupStageCallback
 .text.HAL_PCD_DataOutStageCallback
                0x0000000008001614       0x36 ./Core/Inc/USBD_CDC/usbd_conf.o
                0x0000000008001614                HAL_PCD_DataOutStageCallback
 .text.HAL_PCD_DataInStageCallback
                0x000000000800164a       0x34 ./Core/Inc/USBD_CDC/usbd_conf.o
                0x000000000800164a                HAL_PCD_DataInStageCallback
 .text.HAL_PCD_SOFCallback
                0x000000000800167e       0x1c ./Core/Inc/USBD_CDC/usbd_conf.o
                0x000000000800167e                HAL_PCD_SOFCallback
 .text.HAL_PCD_ResetCallback
                0x000000000800169a       0x4a ./Core/Inc/USBD_CDC/usbd_conf.o
                0x000000000800169a                HAL_PCD_ResetCallback
 .text.HAL_PCD_SuspendCallback
                0x00000000080016e4       0x4c ./Core/Inc/USBD_CDC/usbd_conf.o
                0x00000000080016e4                HAL_PCD_SuspendCallback
 .text.HAL_PCD_ResumeCallback
                0x0000000008001730       0x1c ./Core/Inc/USBD_CDC/usbd_conf.o
                0x0000000008001730                HAL_PCD_ResumeCallback
 .text.HAL_PCD_ISOOUTIncompleteCallback
                0x000000000800174c       0x24 ./Core/Inc/USBD_CDC/usbd_conf.o
                0x000000000800174c                HAL_PCD_ISOOUTIncompleteCallback
 .text.HAL_PCD_ISOINIncompleteCallback
                0x0000000008001770       0x24 ./Core/Inc/USBD_CDC/usbd_conf.o
                0x0000000008001770                HAL_PCD_ISOINIncompleteCallback
 .text.HAL_PCD_ConnectCallback
                0x0000000008001794       0x1c ./Core/Inc/USBD_CDC/usbd_conf.o
                0x0000000008001794                HAL_PCD_ConnectCallback
 .text.HAL_PCD_DisconnectCallback
                0x00000000080017b0       0x1c ./Core/Inc/USBD_CDC/usbd_conf.o
                0x00000000080017b0                HAL_PCD_DisconnectCallback
 .text.USBD_LL_Init
                0x00000000080017cc       0x98 ./Core/Inc/USBD_CDC/usbd_conf.o
                0x00000000080017cc                USBD_LL_Init
 .text.USBD_LL_Start
                0x0000000008001864       0x36 ./Core/Inc/USBD_CDC/usbd_conf.o
                0x0000000008001864                USBD_LL_Start
 .text.USBD_LL_OpenEP
                0x000000000800189a       0x4c ./Core/Inc/USBD_CDC/usbd_conf.o
                0x000000000800189a                USBD_LL_OpenEP
 .text.USBD_LL_CloseEP
                0x00000000080018e6       0x3e ./Core/Inc/USBD_CDC/usbd_conf.o
                0x00000000080018e6                USBD_LL_CloseEP
 .text.USBD_LL_StallEP
                0x0000000008001924       0x3e ./Core/Inc/USBD_CDC/usbd_conf.o
                0x0000000008001924                USBD_LL_StallEP
 .text.USBD_LL_ClearStallEP
                0x0000000008001962       0x3e ./Core/Inc/USBD_CDC/usbd_conf.o
                0x0000000008001962                USBD_LL_ClearStallEP
 .text.USBD_LL_IsStallEP
                0x00000000080019a0       0x58 ./Core/Inc/USBD_CDC/usbd_conf.o
                0x00000000080019a0                USBD_LL_IsStallEP
 .text.USBD_LL_SetUSBAddress
                0x00000000080019f8       0x3e ./Core/Inc/USBD_CDC/usbd_conf.o
                0x00000000080019f8                USBD_LL_SetUSBAddress
 .text.USBD_LL_Transmit
                0x0000000008001a36       0x42 ./Core/Inc/USBD_CDC/usbd_conf.o
                0x0000000008001a36                USBD_LL_Transmit
 .text.USBD_LL_PrepareReceive
                0x0000000008001a78       0x42 ./Core/Inc/USBD_CDC/usbd_conf.o
                0x0000000008001a78                USBD_LL_PrepareReceive
 .text.USBD_LL_GetRxDataSize
                0x0000000008001aba       0x26 ./Core/Inc/USBD_CDC/usbd_conf.o
                0x0000000008001aba                USBD_LL_GetRxDataSize
 .text.USBD_static_malloc
                0x0000000008001ae0       0x1c ./Core/Inc/USBD_CDC/usbd_conf.o
                0x0000000008001ae0                USBD_static_malloc
 .text.USBD_static_free
                0x0000000008001afc       0x14 ./Core/Inc/USBD_CDC/usbd_conf.o
                0x0000000008001afc                USBD_static_free
 .text.USBD_Get_USB_Status
                0x0000000008001b10       0x58 ./Core/Inc/USBD_CDC/usbd_conf.o
                0x0000000008001b10                USBD_Get_USB_Status
 .text.USBD_Init
                0x0000000008001b68       0x60 ./Core/Inc/USBD_CDC/usbd_core.o
                0x0000000008001b68                USBD_Init
 .text.USBD_RegisterClass
                0x0000000008001bc8       0x4e ./Core/Inc/USBD_CDC/usbd_core.o
                0x0000000008001bc8                USBD_RegisterClass
 .text.USBD_Start
                0x0000000008001c16       0x18 ./Core/Inc/USBD_CDC/usbd_core.o
                0x0000000008001c16                USBD_Start
 .text.USBD_RunTestMode
                0x0000000008001c2e       0x16 ./Core/Inc/USBD_CDC/usbd_core.o
                0x0000000008001c2e                USBD_RunTestMode
 .text.USBD_SetClassConfig
                0x0000000008001c44       0x38 ./Core/Inc/USBD_CDC/usbd_core.o
                0x0000000008001c44                USBD_SetClassConfig
 .text.USBD_ClrClassConfig
                0x0000000008001c7c       0x30 ./Core/Inc/USBD_CDC/usbd_core.o
                0x0000000008001c7c                USBD_ClrClassConfig
 .text.USBD_LL_SetupStage
                0x0000000008001cac       0xaa ./Core/Inc/USBD_CDC/usbd_core.o
                0x0000000008001cac                USBD_LL_SetupStage
 .text.USBD_LL_DataOutStage
                0x0000000008001d56       0xc6 ./Core/Inc/USBD_CDC/usbd_core.o
                0x0000000008001d56                USBD_LL_DataOutStage
 .text.USBD_LL_DataInStage
                0x0000000008001e1c      0x12c ./Core/Inc/USBD_CDC/usbd_core.o
                0x0000000008001e1c                USBD_LL_DataInStage
 .text.USBD_LL_Reset
                0x0000000008001f48       0x9c ./Core/Inc/USBD_CDC/usbd_core.o
                0x0000000008001f48                USBD_LL_Reset
 .text.USBD_LL_SetSpeed
                0x0000000008001fe4       0x20 ./Core/Inc/USBD_CDC/usbd_core.o
                0x0000000008001fe4                USBD_LL_SetSpeed
 .text.USBD_LL_Suspend
                0x0000000008002004       0x2c ./Core/Inc/USBD_CDC/usbd_core.o
                0x0000000008002004                USBD_LL_Suspend
 .text.USBD_LL_Resume
                0x0000000008002030       0x30 ./Core/Inc/USBD_CDC/usbd_core.o
                0x0000000008002030                USBD_LL_Resume
 .text.USBD_LL_SOF
                0x0000000008002060       0x44 ./Core/Inc/USBD_CDC/usbd_core.o
                0x0000000008002060                USBD_LL_SOF
 .text.USBD_LL_IsoINIncomplete
                0x00000000080020a4       0x4c ./Core/Inc/USBD_CDC/usbd_core.o
                0x00000000080020a4                USBD_LL_IsoINIncomplete
 .text.USBD_LL_IsoOUTIncomplete
                0x00000000080020f0       0x4c ./Core/Inc/USBD_CDC/usbd_core.o
                0x00000000080020f0                USBD_LL_IsoOUTIncomplete
 .text.USBD_LL_DevConnected
                0x000000000800213c       0x16 ./Core/Inc/USBD_CDC/usbd_core.o
                0x000000000800213c                USBD_LL_DevConnected
 .text.USBD_LL_DevDisconnected
                0x0000000008002152       0x38 ./Core/Inc/USBD_CDC/usbd_core.o
                0x0000000008002152                USBD_LL_DevDisconnected
 .text.SWAPBYTE
                0x000000000800218a       0x3c ./Core/Inc/USBD_CDC/usbd_ctlreq.o
 *fill*         0x00000000080021c6        0x2 
 .text.USBD_StdDevReq
                0x00000000080021c8       0xdc ./Core/Inc/USBD_CDC/usbd_ctlreq.o
                0x00000000080021c8                USBD_StdDevReq
 .text.USBD_StdItfReq
                0x00000000080022a4       0x92 ./Core/Inc/USBD_CDC/usbd_ctlreq.o
                0x00000000080022a4                USBD_StdItfReq
 .text.USBD_StdEPReq
                0x0000000008002336      0x2c4 ./Core/Inc/USBD_CDC/usbd_ctlreq.o
                0x0000000008002336                USBD_StdEPReq
 *fill*         0x00000000080025fa        0x2 
 .text.USBD_GetDescriptor
                0x00000000080025fc      0x2d4 ./Core/Inc/USBD_CDC/usbd_ctlreq.o
 .text.USBD_SetAddress
                0x00000000080028d0       0x88 ./Core/Inc/USBD_CDC/usbd_ctlreq.o
 .text.USBD_SetConfig
                0x0000000008002958      0x14c ./Core/Inc/USBD_CDC/usbd_ctlreq.o
 .text.USBD_GetConfig
                0x0000000008002aa4       0x6c ./Core/Inc/USBD_CDC/usbd_ctlreq.o
 .text.USBD_GetStatus
                0x0000000008002b10       0x68 ./Core/Inc/USBD_CDC/usbd_ctlreq.o
 .text.USBD_SetFeature
                0x0000000008002b78       0x28 ./Core/Inc/USBD_CDC/usbd_ctlreq.o
 .text.USBD_ClrFeature
                0x0000000008002ba0       0x44 ./Core/Inc/USBD_CDC/usbd_ctlreq.o
 .text.USBD_ParseSetupRequest
                0x0000000008002be4       0x74 ./Core/Inc/USBD_CDC/usbd_ctlreq.o
                0x0000000008002be4                USBD_ParseSetupRequest
 .text.USBD_CtlError
                0x0000000008002c58       0x22 ./Core/Inc/USBD_CDC/usbd_ctlreq.o
                0x0000000008002c58                USBD_CtlError
 .text.USBD_GetString
                0x0000000008002c7a       0x8c ./Core/Inc/USBD_CDC/usbd_ctlreq.o
                0x0000000008002c7a                USBD_GetString
 .text.USBD_GetLen
                0x0000000008002d06       0x34 ./Core/Inc/USBD_CDC/usbd_ctlreq.o
 *fill*         0x0000000008002d3a        0x2 
 .text.USBD_FS_DeviceDescriptor
                0x0000000008002d3c       0x24 ./Core/Inc/USBD_CDC/usbd_desc.o
                0x0000000008002d3c                USBD_FS_DeviceDescriptor
 .text.USBD_FS_LangIDStrDescriptor
                0x0000000008002d60       0x24 ./Core/Inc/USBD_CDC/usbd_desc.o
                0x0000000008002d60                USBD_FS_LangIDStrDescriptor
 .text.USBD_FS_ProductStrDescriptor
                0x0000000008002d84       0x3c ./Core/Inc/USBD_CDC/usbd_desc.o
                0x0000000008002d84                USBD_FS_ProductStrDescriptor
 .text.USBD_FS_ManufacturerStrDescriptor
                0x0000000008002dc0       0x28 ./Core/Inc/USBD_CDC/usbd_desc.o
                0x0000000008002dc0                USBD_FS_ManufacturerStrDescriptor
 .text.USBD_FS_SerialStrDescriptor
                0x0000000008002de8       0x24 ./Core/Inc/USBD_CDC/usbd_desc.o
                0x0000000008002de8                USBD_FS_SerialStrDescriptor
 .text.USBD_FS_ConfigStrDescriptor
                0x0000000008002e0c       0x3c ./Core/Inc/USBD_CDC/usbd_desc.o
                0x0000000008002e0c                USBD_FS_ConfigStrDescriptor
 .text.USBD_FS_InterfaceStrDescriptor
                0x0000000008002e48       0x3c ./Core/Inc/USBD_CDC/usbd_desc.o
                0x0000000008002e48                USBD_FS_InterfaceStrDescriptor
 .text.Get_SerialNum
                0x0000000008002e84       0x58 ./Core/Inc/USBD_CDC/usbd_desc.o
 .text.IntToUnicode
                0x0000000008002edc       0x7e ./Core/Inc/USBD_CDC/usbd_desc.o
 .text.USBD_CtlSendData
                0x0000000008002f5a       0x36 ./Core/Inc/USBD_CDC/usbd_ioreq.o
                0x0000000008002f5a                USBD_CtlSendData
 .text.USBD_CtlContinueSendData
                0x0000000008002f90       0x22 ./Core/Inc/USBD_CDC/usbd_ioreq.o
                0x0000000008002f90                USBD_CtlContinueSendData
 .text.USBD_CtlPrepareRx
                0x0000000008002fb2       0x3a ./Core/Inc/USBD_CDC/usbd_ioreq.o
                0x0000000008002fb2                USBD_CtlPrepareRx
 .text.USBD_CtlContinueRx
                0x0000000008002fec       0x22 ./Core/Inc/USBD_CDC/usbd_ioreq.o
                0x0000000008002fec                USBD_CtlContinueRx
 .text.USBD_CtlSendStatus
                0x000000000800300e       0x26 ./Core/Inc/USBD_CDC/usbd_ioreq.o
                0x000000000800300e                USBD_CtlSendStatus
 .text.USBD_CtlReceiveStatus
                0x0000000008003034       0x26 ./Core/Inc/USBD_CDC/usbd_ioreq.o
                0x0000000008003034                USBD_CtlReceiveStatus
 *fill*         0x000000000800305a        0x2 
 .text.main     0x000000000800305c      0x198 ./Core/Src/main.o
                0x000000000800305c                main
 .text.gyro_init
                0x00000000080031f4       0x98 ./Core/Src/main.o
                0x00000000080031f4                gyro_init
 .text.EXTI2_IRQHandler
                0x000000000800328c        0xe ./Core/Src/main.o
                0x000000000800328c                EXTI2_IRQHandler
 *fill*         0x000000000800329a        0x2 
 .text.HAL_MspInit
                0x000000000800329c       0x34 ./Core/Src/stm32h7xx_hal_msp.o
                0x000000000800329c                HAL_MspInit
 .text.NMI_Handler
                0x00000000080032d0        0x6 ./Core/Src/stm32h7xx_it.o
                0x00000000080032d0                NMI_Handler
 .text.HardFault_Handler
                0x00000000080032d6        0x6 ./Core/Src/stm32h7xx_it.o
                0x00000000080032d6                HardFault_Handler
 .text.MemManage_Handler
                0x00000000080032dc        0x6 ./Core/Src/stm32h7xx_it.o
                0x00000000080032dc                MemManage_Handler
 .text.BusFault_Handler
                0x00000000080032e2        0x6 ./Core/Src/stm32h7xx_it.o
                0x00000000080032e2                BusFault_Handler
 .text.UsageFault_Handler
                0x00000000080032e8        0x6 ./Core/Src/stm32h7xx_it.o
                0x00000000080032e8                UsageFault_Handler
 .text.SVC_Handler
                0x00000000080032ee        0xe ./Core/Src/stm32h7xx_it.o
                0x00000000080032ee                SVC_Handler
 .text.DebugMon_Handler
                0x00000000080032fc        0xe ./Core/Src/stm32h7xx_it.o
                0x00000000080032fc                DebugMon_Handler
 .text.PendSV_Handler
                0x000000000800330a        0xe ./Core/Src/stm32h7xx_it.o
                0x000000000800330a                PendSV_Handler
 .text.SysTick_Handler
                0x0000000008003318        0xc ./Core/Src/stm32h7xx_it.o
                0x0000000008003318                SysTick_Handler
 .text.OTG_FS_IRQHandler
                0x0000000008003324       0x14 ./Core/Src/stm32h7xx_it.o
                0x0000000008003324                OTG_FS_IRQHandler
 .text._sbrk    0x0000000008003338       0x6c ./Core/Src/sysmem.o
                0x0000000008003338                _sbrk
 .text.SystemInit
                0x00000000080033a4      0x110 ./Core/Src/system_stm32h7xx.o
                0x00000000080033a4                SystemInit
 .text.Reset_Handler
                0x00000000080034b4       0x50 ./Core/Startup/startup_stm32h743vihx.o
                0x00000000080034b4                Reset_Handler
 .text.Default_Handler
                0x0000000008003504        0x2 ./Core/Startup/startup_stm32h743vihx.o
                0x0000000008003504                DMA1_Stream3_IRQHandler
                0x0000000008003504                TIM8_CC_IRQHandler
                0x0000000008003504                HRTIM1_Master_IRQHandler
                0x0000000008003504                UART8_IRQHandler
                0x0000000008003504                SPI4_IRQHandler
                0x0000000008003504                TIM1_CC_IRQHandler
                0x0000000008003504                BDMA_Channel6_IRQHandler
                0x0000000008003504                DMA2_Stream5_IRQHandler
                0x0000000008003504                HRTIM1_FLT_IRQHandler
                0x0000000008003504                JPEG_IRQHandler
                0x0000000008003504                DMA1_Stream5_IRQHandler
                0x0000000008003504                BDMA_Channel1_IRQHandler
                0x0000000008003504                HRTIM1_TIMD_IRQHandler
                0x0000000008003504                TAMP_STAMP_IRQHandler
                0x0000000008003504                EXTI3_IRQHandler
                0x0000000008003504                LPTIM4_IRQHandler
                0x0000000008003504                TIM8_TRG_COM_TIM14_IRQHandler
                0x0000000008003504                LPTIM2_IRQHandler
                0x0000000008003504                DFSDM1_FLT1_IRQHandler
                0x0000000008003504                DMAMUX2_OVR_IRQHandler
                0x0000000008003504                TIM8_UP_TIM13_IRQHandler
                0x0000000008003504                I2C3_ER_IRQHandler
                0x0000000008003504                DFSDM1_FLT2_IRQHandler
                0x0000000008003504                MDMA_IRQHandler
                0x0000000008003504                LPTIM3_IRQHandler
                0x0000000008003504                HSEM1_IRQHandler
                0x0000000008003504                EXTI0_IRQHandler
                0x0000000008003504                I2C2_EV_IRQHandler
                0x0000000008003504                DMA1_Stream2_IRQHandler
                0x0000000008003504                FPU_IRQHandler
                0x0000000008003504                OTG_HS_WKUP_IRQHandler
                0x0000000008003504                FDCAN1_IT1_IRQHandler
                0x0000000008003504                LTDC_ER_IRQHandler
                0x0000000008003504                DMA2_Stream2_IRQHandler
                0x0000000008003504                HRTIM1_TIME_IRQHandler
                0x0000000008003504                SPI1_IRQHandler
                0x0000000008003504                TIM6_DAC_IRQHandler
                0x0000000008003504                DCMI_IRQHandler
                0x0000000008003504                HRTIM1_TIMC_IRQHandler
                0x0000000008003504                DMA2_Stream3_IRQHandler
                0x0000000008003504                SAI2_IRQHandler
                0x0000000008003504                DFSDM1_FLT3_IRQHandler
                0x0000000008003504                USART6_IRQHandler
                0x0000000008003504                TIM17_IRQHandler
                0x0000000008003504                USART3_IRQHandler
                0x0000000008003504                BDMA_Channel7_IRQHandler
                0x0000000008003504                LPTIM5_IRQHandler
                0x0000000008003504                UART5_IRQHandler
                0x0000000008003504                ADC3_IRQHandler
                0x0000000008003504                DMA2_Stream0_IRQHandler
                0x0000000008003504                TIM4_IRQHandler
                0x0000000008003504                BDMA_Channel2_IRQHandler
                0x0000000008003504                QUADSPI_IRQHandler
                0x0000000008003504                I2C1_EV_IRQHandler
                0x0000000008003504                DMA1_Stream6_IRQHandler
                0x0000000008003504                DMAMUX1_OVR_IRQHandler
                0x0000000008003504                DMA1_Stream1_IRQHandler
                0x0000000008003504                TIM16_IRQHandler
                0x0000000008003504                UART4_IRQHandler
                0x0000000008003504                BDMA_Channel5_IRQHandler
                0x0000000008003504                TIM3_IRQHandler
                0x0000000008003504                RCC_IRQHandler
                0x0000000008003504                TIM8_BRK_TIM12_IRQHandler
                0x0000000008003504                TIM1_TRG_COM_IRQHandler
                0x0000000008003504                Default_Handler
                0x0000000008003504                ECC_IRQHandler
                0x0000000008003504                CEC_IRQHandler
                0x0000000008003504                EXTI15_10_IRQHandler
                0x0000000008003504                BDMA_Channel0_IRQHandler
                0x0000000008003504                ADC_IRQHandler
                0x0000000008003504                DMA1_Stream7_IRQHandler
                0x0000000008003504                HRTIM1_TIMA_IRQHandler
                0x0000000008003504                SPI5_IRQHandler
                0x0000000008003504                TIM7_IRQHandler
                0x0000000008003504                SDMMC1_IRQHandler
                0x0000000008003504                TIM5_IRQHandler
                0x0000000008003504                DMA2_Stream7_IRQHandler
                0x0000000008003504                TIM15_IRQHandler
                0x0000000008003504                PVD_AVD_IRQHandler
                0x0000000008003504                I2C3_EV_IRQHandler
                0x0000000008003504                EXTI9_5_IRQHandler
                0x0000000008003504                RTC_WKUP_IRQHandler
                0x0000000008003504                LTDC_IRQHandler
                0x0000000008003504                SAI3_IRQHandler
                0x0000000008003504                ETH_WKUP_IRQHandler
                0x0000000008003504                SPDIF_RX_IRQHandler
                0x0000000008003504                SPI2_IRQHandler
                0x0000000008003504                OTG_HS_EP1_IN_IRQHandler
                0x0000000008003504                DMA1_Stream0_IRQHandler
                0x0000000008003504                CRS_IRQHandler
                0x0000000008003504                EXTI4_IRQHandler
                0x0000000008003504                RNG_IRQHandler
                0x0000000008003504                HRTIM1_TIMB_IRQHandler
                0x0000000008003504                FDCAN2_IT1_IRQHandler
                0x0000000008003504                ETH_IRQHandler
                0x0000000008003504                TIM1_UP_IRQHandler
                0x0000000008003504                BDMA_Channel4_IRQHandler
                0x0000000008003504                OTG_HS_EP1_OUT_IRQHandler
                0x0000000008003504                WWDG_IRQHandler
                0x0000000008003504                SPI6_IRQHandler
                0x0000000008003504                MDIOS_IRQHandler
                0x0000000008003504                I2C4_EV_IRQHandler
                0x0000000008003504                FDCAN2_IT0_IRQHandler
                0x0000000008003504                LPUART1_IRQHandler
                0x0000000008003504                FDCAN1_IT0_IRQHandler
                0x0000000008003504                TIM2_IRQHandler
                0x0000000008003504                OTG_FS_WKUP_IRQHandler
                0x0000000008003504                OTG_HS_IRQHandler
                0x0000000008003504                DMA2D_IRQHandler
                0x0000000008003504                TIM1_BRK_IRQHandler
                0x0000000008003504                EXTI1_IRQHandler
                0x0000000008003504                SDMMC2_IRQHandler
                0x0000000008003504                OTG_FS_EP1_OUT_IRQHandler
                0x0000000008003504                BDMA_Channel3_IRQHandler
                0x0000000008003504                UART7_IRQHandler
                0x0000000008003504                MDIOS_WKUP_IRQHandler
                0x0000000008003504                USART2_IRQHandler
                0x0000000008003504                DFSDM1_FLT0_IRQHandler
                0x0000000008003504                SAI4_IRQHandler
                0x0000000008003504                I2C2_ER_IRQHandler
                0x0000000008003504                DMA2_Stream1_IRQHandler
                0x0000000008003504                FLASH_IRQHandler
                0x0000000008003504                DMA2_Stream4_IRQHandler
                0x0000000008003504                USART1_IRQHandler
                0x0000000008003504                SPI3_IRQHandler
                0x0000000008003504                WAKEUP_PIN_IRQHandler
                0x0000000008003504                DMA1_Stream4_IRQHandler
                0x0000000008003504                OTG_FS_EP1_IN_IRQHandler
                0x0000000008003504                I2C1_ER_IRQHandler
                0x0000000008003504                FMC_IRQHandler
                0x0000000008003504                FDCAN_CAL_IRQHandler
                0x0000000008003504                SWPMI1_IRQHandler
                0x0000000008003504                COMP1_IRQHandler
                0x0000000008003504                LPTIM1_IRQHandler
                0x0000000008003504                I2C4_ER_IRQHandler
                0x0000000008003504                DMA2_Stream6_IRQHandler
                0x0000000008003504                SAI1_IRQHandler
                0x0000000008003504                RTC_Alarm_IRQHandler
 *fill*         0x0000000008003506        0x2 
 .text.HAL_Init
                0x0000000008003508       0x78 ./Drivers/STM32H7xx_HAL_Driver/Src/stm32h7xx_hal.o
                0x0000000008003508                HAL_Init
 .text.HAL_InitTick
                0x0000000008003580       0x6c ./Drivers/STM32H7xx_HAL_Driver/Src/stm32h7xx_hal.o
                0x0000000008003580                HAL_InitTick
 .text.HAL_Delay
                0x00000000080035ec       0x48 ./Drivers/STM32H7xx_HAL_Driver/Src/stm32h7xx_hal.o
                0x00000000080035ec                HAL_Delay
 .text.HAL_GetREVID
                0x0000000008003634       0x18 ./Drivers/STM32H7xx_HAL_Driver/Src/stm32h7xx_hal.o
                0x0000000008003634                HAL_GetREVID
 .text.__NVIC_SetPriorityGrouping
                0x000000000800364c       0x48 ./Drivers/STM32H7xx_HAL_Driver/Src/stm32h7xx_hal_cortex.o
 .text.__NVIC_GetPriorityGrouping
                0x0000000008003694       0x1c ./Drivers/STM32H7xx_HAL_Driver/Src/stm32h7xx_hal_cortex.o
 .text.__NVIC_EnableIRQ
                0x00000000080036b0       0x3c ./Drivers/STM32H7xx_HAL_Driver/Src/stm32h7xx_hal_cortex.o
 .text.__NVIC_SetPriority
                0x00000000080036ec       0x54 ./Drivers/STM32H7xx_HAL_Driver/Src/stm32h7xx_hal_cortex.o
 .text.NVIC_EncodePriority
                0x0000000008003740       0x66 ./Drivers/STM32H7xx_HAL_Driver/Src/stm32h7xx_hal_cortex.o
 *fill*         0x00000000080037a6        0x2 
 .text.SysTick_Config
                0x00000000080037a8       0x44 ./Drivers/STM32H7xx_HAL_Driver/Src/stm32h7xx_hal_cortex.o
 .text.HAL_NVIC_SetPriorityGrouping
                0x00000000080037ec       0x16 ./Drivers/STM32H7xx_HAL_Driver/Src/stm32h7xx_hal_cortex.o
                0x00000000080037ec                HAL_NVIC_SetPriorityGrouping
 .text.HAL_NVIC_SetPriority
                0x0000000008003802       0x34 ./Drivers/STM32H7xx_HAL_Driver/Src/stm32h7xx_hal_cortex.o
                0x0000000008003802                HAL_NVIC_SetPriority
 .text.HAL_NVIC_EnableIRQ
                0x0000000008003836       0x1c ./Drivers/STM32H7xx_HAL_Driver/Src/stm32h7xx_hal_cortex.o
                0x0000000008003836                HAL_NVIC_EnableIRQ
 .text.HAL_SYSTICK_Config
                0x0000000008003852       0x18 ./Drivers/STM32H7xx_HAL_Driver/Src/stm32h7xx_hal_cortex.o
                0x0000000008003852                HAL_SYSTICK_Config
 *fill*         0x000000000800386a        0x2 
 .text.HAL_GPIO_Init
                0x000000000800386c      0x360 ./Drivers/STM32H7xx_HAL_Driver/Src/stm32h7xx_hal_gpio.o
                0x000000000800386c                HAL_GPIO_Init
 .text.HAL_GPIO_EXTI_IRQHandler
                0x0000000008003bcc       0x34 ./Drivers/STM32H7xx_HAL_Driver/Src/stm32h7xx_hal_gpio.o
                0x0000000008003bcc                HAL_GPIO_EXTI_IRQHandler
 .text.HAL_GPIO_EXTI_Callback
                0x0000000008003c00       0x16 ./Drivers/STM32H7xx_HAL_Driver/Src/stm32h7xx_hal_gpio.o
                0x0000000008003c00                HAL_GPIO_EXTI_Callback
 .text.HAL_PCD_Init
                0x0000000008003c16      0x248 ./Drivers/STM32H7xx_HAL_Driver/Src/stm32h7xx_hal_pcd.o
                0x0000000008003c16                HAL_PCD_Init
 .text.HAL_PCD_Start
                0x0000000008003e5e       0x66 ./Drivers/STM32H7xx_HAL_Driver/Src/stm32h7xx_hal_pcd.o
                0x0000000008003e5e                HAL_PCD_Start
 .text.HAL_PCD_IRQHandler
                0x0000000008003ec4      0x7a6 ./Drivers/STM32H7xx_HAL_Driver/Src/stm32h7xx_hal_pcd.o
                0x0000000008003ec4                HAL_PCD_IRQHandler
 .text.HAL_PCD_SetAddress
                0x000000000800466a       0x4a ./Drivers/STM32H7xx_HAL_Driver/Src/stm32h7xx_hal_pcd.o
                0x000000000800466a                HAL_PCD_SetAddress
 .text.HAL_PCD_EP_Open
                0x00000000080046b4       0xd0 ./Drivers/STM32H7xx_HAL_Driver/Src/stm32h7xx_hal_pcd.o
                0x00000000080046b4                HAL_PCD_EP_Open
 .text.HAL_PCD_EP_Close
                0x0000000008004784       0x94 ./Drivers/STM32H7xx_HAL_Driver/Src/stm32h7xx_hal_pcd.o
                0x0000000008004784                HAL_PCD_EP_Close
 .text.HAL_PCD_EP_Receive
                0x0000000008004818       0x96 ./Drivers/STM32H7xx_HAL_Driver/Src/stm32h7xx_hal_pcd.o
                0x0000000008004818                HAL_PCD_EP_Receive
 .text.HAL_PCD_EP_GetRxCount
                0x00000000080048ae       0x30 ./Drivers/STM32H7xx_HAL_Driver/Src/stm32h7xx_hal_pcd.o
                0x00000000080048ae                HAL_PCD_EP_GetRxCount
 .text.HAL_PCD_EP_Transmit
                0x00000000080048de       0x94 ./Drivers/STM32H7xx_HAL_Driver/Src/stm32h7xx_hal_pcd.o
                0x00000000080048de                HAL_PCD_EP_Transmit
 .text.HAL_PCD_EP_SetStall
                0x0000000008004972       0xc8 ./Drivers/STM32H7xx_HAL_Driver/Src/stm32h7xx_hal_pcd.o
                0x0000000008004972                HAL_PCD_EP_SetStall
 .text.HAL_PCD_EP_ClrStall
                0x0000000008004a3a       0xac ./Drivers/STM32H7xx_HAL_Driver/Src/stm32h7xx_hal_pcd.o
                0x0000000008004a3a                HAL_PCD_EP_ClrStall
 .text.PCD_WriteEmptyTxFifo
                0x0000000008004ae6      0x11a ./Drivers/STM32H7xx_HAL_Driver/Src/stm32h7xx_hal_pcd.o
 .text.PCD_EP_OutXfrComplete_int
                0x0000000008004c00      0x218 ./Drivers/STM32H7xx_HAL_Driver/Src/stm32h7xx_hal_pcd.o
 .text.PCD_EP_OutSetupPacket_int
                0x0000000008004e18       0x8c ./Drivers/STM32H7xx_HAL_Driver/Src/stm32h7xx_hal_pcd.o
 .text.HAL_PCDEx_SetTxFiFo
                0x0000000008004ea4       0x8e ./Drivers/STM32H7xx_HAL_Driver/Src/stm32h7xx_hal_pcd_ex.o
                0x0000000008004ea4                HAL_PCDEx_SetTxFiFo
 .text.HAL_PCDEx_SetRxFiFo
                0x0000000008004f32       0x22 ./Drivers/STM32H7xx_HAL_Driver/Src/stm32h7xx_hal_pcd_ex.o
                0x0000000008004f32                HAL_PCDEx_SetRxFiFo
 .text.HAL_PCDEx_ActivateLPM
                0x0000000008004f54       0x48 ./Drivers/STM32H7xx_HAL_Driver/Src/stm32h7xx_hal_pcd_ex.o
                0x0000000008004f54                HAL_PCDEx_ActivateLPM
 .text.HAL_PCDEx_LPM_Callback
                0x0000000008004f9c       0x18 ./Drivers/STM32H7xx_HAL_Driver/Src/stm32h7xx_hal_pcd_ex.o
                0x0000000008004f9c                HAL_PCDEx_LPM_Callback
 .text.HAL_PWREx_ConfigSupply
                0x0000000008004fb4       0x74 ./Drivers/STM32H7xx_HAL_Driver/Src/stm32h7xx_hal_pwr_ex.o
                0x0000000008004fb4                HAL_PWREx_ConfigSupply
 .text.HAL_PWREx_EnableUSBVoltageDetector
                0x0000000008005028       0x20 ./Drivers/STM32H7xx_HAL_Driver/Src/stm32h7xx_hal_pwr_ex.o
                0x0000000008005028                HAL_PWREx_EnableUSBVoltageDetector
 .text.HAL_RCC_OscConfig
                0x0000000008005048      0x858 ./Drivers/STM32H7xx_HAL_Driver/Src/stm32h7xx_hal_rcc.o
                0x0000000008005048                HAL_RCC_OscConfig
 .text.HAL_RCC_ClockConfig
                0x00000000080058a0      0x36c ./Drivers/STM32H7xx_HAL_Driver/Src/stm32h7xx_hal_rcc.o
                0x00000000080058a0                HAL_RCC_ClockConfig
 .text.HAL_RCC_GetSysClockFreq
                0x0000000008005c0c      0x2f4 ./Drivers/STM32H7xx_HAL_Driver/Src/stm32h7xx_hal_rcc.o
                0x0000000008005c0c                HAL_RCC_GetSysClockFreq
 .text.HAL_RCC_GetHCLKFreq
                0x0000000008005f00       0x60 ./Drivers/STM32H7xx_HAL_Driver/Src/stm32h7xx_hal_rcc.o
                0x0000000008005f00                HAL_RCC_GetHCLKFreq
 .text.HAL_RCC_GetPCLK1Freq
                0x0000000008005f60       0x2c ./Drivers/STM32H7xx_HAL_Driver/Src/stm32h7xx_hal_rcc.o
                0x0000000008005f60                HAL_RCC_GetPCLK1Freq
 .text.HAL_RCC_GetPCLK2Freq
                0x0000000008005f8c       0x2c ./Drivers/STM32H7xx_HAL_Driver/Src/stm32h7xx_hal_rcc.o
                0x0000000008005f8c                HAL_RCC_GetPCLK2Freq
 .text.HAL_RCCEx_PeriphCLKConfig
                0x0000000008005fb8      0xe80 ./Drivers/STM32H7xx_HAL_Driver/Src/stm32h7xx_hal_rcc_ex.o
                0x0000000008005fb8                HAL_RCCEx_PeriphCLKConfig
 .text.RCCEx_PLL2_Config
                0x0000000008006e38      0x164 ./Drivers/STM32H7xx_HAL_Driver/Src/stm32h7xx_hal_rcc_ex.o
 .text.RCCEx_PLL3_Config
                0x0000000008006f9c      0x164 ./Drivers/STM32H7xx_HAL_Driver/Src/stm32h7xx_hal_rcc_ex.o
 .text.USB_CoreInit
                0x0000000008007100       0xdc ./Drivers/STM32H7xx_HAL_Driver/Src/stm32h7xx_ll_usb.o
                0x0000000008007100                USB_CoreInit
 .text.USB_SetTurnaroundTime
                0x00000000080071dc      0x144 ./Drivers/STM32H7xx_HAL_Driver/Src/stm32h7xx_ll_usb.o
                0x00000000080071dc                USB_SetTurnaroundTime
 .text.USB_EnableGlobalInt
                0x0000000008007320       0x22 ./Drivers/STM32H7xx_HAL_Driver/Src/stm32h7xx_ll_usb.o
                0x0000000008007320                USB_EnableGlobalInt
 .text.USB_DisableGlobalInt
                0x0000000008007342       0x22 ./Drivers/STM32H7xx_HAL_Driver/Src/stm32h7xx_ll_usb.o
                0x0000000008007342                USB_DisableGlobalInt
 .text.USB_SetCurrentMode
                0x0000000008007364       0x98 ./Drivers/STM32H7xx_HAL_Driver/Src/stm32h7xx_ll_usb.o
                0x0000000008007364                USB_SetCurrentMode
 .text.USB_DevInit
                0x00000000080073fc      0x2bc ./Drivers/STM32H7xx_HAL_Driver/Src/stm32h7xx_ll_usb.o
                0x00000000080073fc                USB_DevInit
 .text.USB_FlushTxFifo
                0x00000000080076b8       0x64 ./Drivers/STM32H7xx_HAL_Driver/Src/stm32h7xx_ll_usb.o
                0x00000000080076b8                USB_FlushTxFifo
 .text.USB_FlushRxFifo
                0x000000000800771c       0x5c ./Drivers/STM32H7xx_HAL_Driver/Src/stm32h7xx_ll_usb.o
                0x000000000800771c                USB_FlushRxFifo
 .text.USB_SetDevSpeed
                0x0000000008007778       0x32 ./Drivers/STM32H7xx_HAL_Driver/Src/stm32h7xx_ll_usb.o
                0x0000000008007778                USB_SetDevSpeed
 .text.USB_GetDevSpeed
                0x00000000080077aa       0x4a ./Drivers/STM32H7xx_HAL_Driver/Src/stm32h7xx_ll_usb.o
                0x00000000080077aa                USB_GetDevSpeed
 .text.USB_ActivateEndpoint
                0x00000000080077f4      0x110 ./Drivers/STM32H7xx_HAL_Driver/Src/stm32h7xx_ll_usb.o
                0x00000000080077f4                USB_ActivateEndpoint
 .text.USB_DeactivateEndpoint
                0x0000000008007904      0x1b8 ./Drivers/STM32H7xx_HAL_Driver/Src/stm32h7xx_ll_usb.o
                0x0000000008007904                USB_DeactivateEndpoint
 .text.USB_EPStartXfer
                0x0000000008007abc      0x498 ./Drivers/STM32H7xx_HAL_Driver/Src/stm32h7xx_ll_usb.o
                0x0000000008007abc                USB_EPStartXfer
 .text.USB_EP0StartXfer
                0x0000000008007f54      0x2b0 ./Drivers/STM32H7xx_HAL_Driver/Src/stm32h7xx_ll_usb.o
                0x0000000008007f54                USB_EP0StartXfer
 .text.USB_WritePacket
                0x0000000008008204       0x7c ./Drivers/STM32H7xx_HAL_Driver/Src/stm32h7xx_ll_usb.o
                0x0000000008008204                USB_WritePacket
 .text.USB_ReadPacket
                0x0000000008008280       0xb0 ./Drivers/STM32H7xx_HAL_Driver/Src/stm32h7xx_ll_usb.o
                0x0000000008008280                USB_ReadPacket
 .text.USB_EPSetStall
                0x0000000008008330       0xdc ./Drivers/STM32H7xx_HAL_Driver/Src/stm32h7xx_ll_usb.o
                0x0000000008008330                USB_EPSetStall
 .text.USB_EPClearStall
                0x000000000800840c       0xcc ./Drivers/STM32H7xx_HAL_Driver/Src/stm32h7xx_ll_usb.o
                0x000000000800840c                USB_EPClearStall
 .text.USB_SetDevAddress
                0x00000000080084d8       0x4c ./Drivers/STM32H7xx_HAL_Driver/Src/stm32h7xx_ll_usb.o
                0x00000000080084d8                USB_SetDevAddress
 .text.USB_DevConnect
                0x0000000008008524       0x42 ./Drivers/STM32H7xx_HAL_Driver/Src/stm32h7xx_ll_usb.o
                0x0000000008008524                USB_DevConnect
 .text.USB_DevDisconnect
                0x0000000008008566       0x42 ./Drivers/STM32H7xx_HAL_Driver/Src/stm32h7xx_ll_usb.o
                0x0000000008008566                USB_DevDisconnect
 .text.USB_ReadInterrupts
                0x00000000080085a8       0x26 ./Drivers/STM32H7xx_HAL_Driver/Src/stm32h7xx_ll_usb.o
                0x00000000080085a8                USB_ReadInterrupts
 .text.USB_ReadDevAllOutEpInterrupt
                0x00000000080085ce       0x34 ./Drivers/STM32H7xx_HAL_Driver/Src/stm32h7xx_ll_usb.o
                0x00000000080085ce                USB_ReadDevAllOutEpInterrupt
 .text.USB_ReadDevAllInEpInterrupt
                0x0000000008008602       0x34 ./Drivers/STM32H7xx_HAL_Driver/Src/stm32h7xx_ll_usb.o
                0x0000000008008602                USB_ReadDevAllInEpInterrupt
 .text.USB_ReadDevOutEPInterrupt
                0x0000000008008636       0x3c ./Drivers/STM32H7xx_HAL_Driver/Src/stm32h7xx_ll_usb.o
                0x0000000008008636                USB_ReadDevOutEPInterrupt
 .text.USB_ReadDevInEPInterrupt
                0x0000000008008672       0x5c ./Drivers/STM32H7xx_HAL_Driver/Src/stm32h7xx_ll_usb.o
                0x0000000008008672                USB_ReadDevInEPInterrupt
 .text.USB_GetMode
                0x00000000080086ce       0x1c ./Drivers/STM32H7xx_HAL_Driver/Src/stm32h7xx_ll_usb.o
                0x00000000080086ce                USB_GetMode
 *fill*         0x00000000080086ea        0x2 
 .text.USB_ActivateSetup
                0x00000000080086ec       0x48 ./Drivers/STM32H7xx_HAL_Driver/Src/stm32h7xx_ll_usb.o
                0x00000000080086ec                USB_ActivateSetup
 .text.USB_EP0_OutStart
                0x0000000008008734       0xbc ./Drivers/STM32H7xx_HAL_Driver/Src/stm32h7xx_ll_usb.o
                0x0000000008008734                USB_EP0_OutStart
 .text.USB_CoreReset
                0x00000000080087f0       0x64 ./Drivers/STM32H7xx_HAL_Driver/Src/stm32h7xx_ll_usb.o
 .text.__errno  0x0000000008008854        0xc /Applications/STM32CubeIDE.app/Contents/Eclipse/plugins/com.st.stm32cube.ide.mcu.externaltools.gnu-tools-for-stm32.9-2020-q2-update.macos64_2.0.0.202105311346/tools/bin/../lib/gcc/arm-none-eabi/9.3.1/../../../../arm-none-eabi/lib/thumb/v7e-m+dp/hard/libc_nano.a(lib_a-errno.o)
                0x0000000008008854                __errno
 .text.__libc_init_array
                0x0000000008008860       0x48 /Applications/STM32CubeIDE.app/Contents/Eclipse/plugins/com.st.stm32cube.ide.mcu.externaltools.gnu-tools-for-stm32.9-2020-q2-update.macos64_2.0.0.202105311346/tools/bin/../lib/gcc/arm-none-eabi/9.3.1/../../../../arm-none-eabi/lib/thumb/v7e-m+dp/hard/libc_nano.a(lib_a-init.o)
                0x0000000008008860                __libc_init_array
 .text.malloc   0x00000000080088a8       0x10 /Applications/STM32CubeIDE.app/Contents/Eclipse/plugins/com.st.stm32cube.ide.mcu.externaltools.gnu-tools-for-stm32.9-2020-q2-update.macos64_2.0.0.202105311346/tools/bin/../lib/gcc/arm-none-eabi/9.3.1/../../../../arm-none-eabi/lib/thumb/v7e-m+dp/hard/libc_nano.a(lib_a-malloc.o)
                0x00000000080088a8                malloc
 .text.memset   0x00000000080088b8       0x10 /Applications/STM32CubeIDE.app/Contents/Eclipse/plugins/com.st.stm32cube.ide.mcu.externaltools.gnu-tools-for-stm32.9-2020-q2-update.macos64_2.0.0.202105311346/tools/bin/../lib/gcc/arm-none-eabi/9.3.1/../../../../arm-none-eabi/lib/thumb/v7e-m+dp/hard/libc_nano.a(lib_a-memset.o)
                0x00000000080088b8                memset
 .text._malloc_r
                0x00000000080088c8       0xb4 /Applications/STM32CubeIDE.app/Contents/Eclipse/plugins/com.st.stm32cube.ide.mcu.externaltools.gnu-tools-for-stm32.9-2020-q2-update.macos64_2.0.0.202105311346/tools/bin/../lib/gcc/arm-none-eabi/9.3.1/../../../../arm-none-eabi/lib/thumb/v7e-m+dp/hard/libc_nano.a(lib_a-nano-mallocr.o)
                0x00000000080088c8                _malloc_r
 .text._sbrk_r  0x000000000800897c       0x20 /Applications/STM32CubeIDE.app/Contents/Eclipse/plugins/com.st.stm32cube.ide.mcu.externaltools.gnu-tools-for-stm32.9-2020-q2-update.macos64_2.0.0.202105311346/tools/bin/../lib/gcc/arm-none-eabi/9.3.1/../../../../arm-none-eabi/lib/thumb/v7e-m+dp/hard/libc_nano.a(lib_a-sbrkr.o)
                0x000000000800897c                _sbrk_r
 .text.__malloc_lock
                0x000000000800899c        0xc /Applications/STM32CubeIDE.app/Contents/Eclipse/plugins/com.st.stm32cube.ide.mcu.externaltools.gnu-tools-for-stm32.9-2020-q2-update.macos64_2.0.0.202105311346/tools/bin/../lib/gcc/arm-none-eabi/9.3.1/../../../../arm-none-eabi/lib/thumb/v7e-m+dp/hard/libc_nano.a(lib_a-mlock.o)
                0x000000000800899c                __malloc_lock
 .text.__malloc_unlock
                0x00000000080089a8        0xc /Applications/STM32CubeIDE.app/Contents/Eclipse/plugins/com.st.stm32cube.ide.mcu.externaltools.gnu-tools-for-stm32.9-2020-q2-update.macos64_2.0.0.202105311346/tools/bin/../lib/gcc/arm-none-eabi/9.3.1/../../../../arm-none-eabi/lib/thumb/v7e-m+dp/hard/libc_nano.a(lib_a-mlock.o)
                0x00000000080089a8                __malloc_unlock
 .text.__retarget_lock_acquire_recursive
                0x00000000080089b4        0x2 /Applications/STM32CubeIDE.app/Contents/Eclipse/plugins/com.st.stm32cube.ide.mcu.externaltools.gnu-tools-for-stm32.9-2020-q2-update.macos64_2.0.0.202105311346/tools/bin/../lib/gcc/arm-none-eabi/9.3.1/../../../../arm-none-eabi/lib/thumb/v7e-m+dp/hard/libc_nano.a(lib_a-lock.o)
                0x00000000080089b4                __retarget_lock_acquire_recursive
 .text.__retarget_lock_release_recursive
                0x00000000080089b6        0x2 /Applications/STM32CubeIDE.app/Contents/Eclipse/plugins/com.st.stm32cube.ide.mcu.externaltools.gnu-tools-for-stm32.9-2020-q2-update.macos64_2.0.0.202105311346/tools/bin/../lib/gcc/arm-none-eabi/9.3.1/../../../../arm-none-eabi/lib/thumb/v7e-m+dp/hard/libc_nano.a(lib_a-lock.o)
                0x00000000080089b6                __retarget_lock_release_recursive
 *(.glue_7)
 .glue_7        0x00000000080089b8        0x0 linker stubs
 *(.glue_7t)
 .glue_7t       0x00000000080089b8        0x0 linker stubs
 *(.eh_frame)
 .eh_frame      0x00000000080089b8        0x0 /Applications/STM32CubeIDE.app/Contents/Eclipse/plugins/com.st.stm32cube.ide.mcu.externaltools.gnu-tools-for-stm32.9-2020-q2-update.macos64_2.0.0.202105311346/tools/bin/../lib/gcc/arm-none-eabi/9.3.1/thumb/v7e-m+dp/hard/crtbegin.o
 *(.init)
 .init          0x00000000080089b8        0x4 /Applications/STM32CubeIDE.app/Contents/Eclipse/plugins/com.st.stm32cube.ide.mcu.externaltools.gnu-tools-for-stm32.9-2020-q2-update.macos64_2.0.0.202105311346/tools/bin/../lib/gcc/arm-none-eabi/9.3.1/thumb/v7e-m+dp/hard/crti.o
                0x00000000080089b8                _init
 .init          0x00000000080089bc        0x8 /Applications/STM32CubeIDE.app/Contents/Eclipse/plugins/com.st.stm32cube.ide.mcu.externaltools.gnu-tools-for-stm32.9-2020-q2-update.macos64_2.0.0.202105311346/tools/bin/../lib/gcc/arm-none-eabi/9.3.1/thumb/v7e-m+dp/hard/crtn.o
 *(.fini)
 .fini          0x00000000080089c4        0x4 /Applications/STM32CubeIDE.app/Contents/Eclipse/plugins/com.st.stm32cube.ide.mcu.externaltools.gnu-tools-for-stm32.9-2020-q2-update.macos64_2.0.0.202105311346/tools/bin/../lib/gcc/arm-none-eabi/9.3.1/thumb/v7e-m+dp/hard/crti.o
                0x00000000080089c4                _fini
 .fini          0x00000000080089c8        0x8 /Applications/STM32CubeIDE.app/Contents/Eclipse/plugins/com.st.stm32cube.ide.mcu.externaltools.gnu-tools-for-stm32.9-2020-q2-update.macos64_2.0.0.202105311346/tools/bin/../lib/gcc/arm-none-eabi/9.3.1/thumb/v7e-m+dp/hard/crtn.o
                0x00000000080089d0                . = ALIGN (0x4)
                0x00000000080089d0                _etext = .

.vfp11_veneer   0x00000000080089d0        0x0
 .vfp11_veneer  0x00000000080089d0        0x0 linker stubs

.v4_bx          0x00000000080089d0        0x0
 .v4_bx         0x00000000080089d0        0x0 linker stubs

.iplt           0x00000000080089d0        0x0
 .iplt          0x00000000080089d0        0x0 /Applications/STM32CubeIDE.app/Contents/Eclipse/plugins/com.st.stm32cube.ide.mcu.externaltools.gnu-tools-for-stm32.9-2020-q2-update.macos64_2.0.0.202105311346/tools/bin/../lib/gcc/arm-none-eabi/9.3.1/thumb/v7e-m+dp/hard/crtbegin.o

.rodata         0x00000000080089d0       0x7c
                0x00000000080089d0                . = ALIGN (0x4)
 *(.rodata)
 .rodata        0x00000000080089d0       0x46 ./Core/Inc/USBD_CDC/usbd_desc.o
 *fill*         0x0000000008008a16        0x2 
 .rodata        0x0000000008008a18       0x22 ./Core/Src/main.o
 *(.rodata*)
 *fill*         0x0000000008008a3a        0x2 
 .rodata.D1CorePrescTable
                0x0000000008008a3c       0x10 ./Core/Src/system_stm32h7xx.o
                0x0000000008008a3c                D1CorePrescTable
                0x0000000008008a4c                . = ALIGN (0x4)

.rel.dyn        0x0000000008008a4c        0x0
 .rel.iplt      0x0000000008008a4c        0x0 /Applications/STM32CubeIDE.app/Contents/Eclipse/plugins/com.st.stm32cube.ide.mcu.externaltools.gnu-tools-for-stm32.9-2020-q2-update.macos64_2.0.0.202105311346/tools/bin/../lib/gcc/arm-none-eabi/9.3.1/thumb/v7e-m+dp/hard/crtbegin.o

.ARM.extab
 *(.ARM.extab* .gnu.linkonce.armextab.*)

.ARM            0x0000000008008a4c        0x0
                0x0000000008008a4c                __exidx_start = .
 *(.ARM.exidx*)
                0x0000000008008a4c                __exidx_end = .

.preinit_array  0x0000000008008a4c        0x0
                0x0000000008008a4c                PROVIDE (__preinit_array_start = .)
 *(.preinit_array*)
                0x0000000008008a4c                PROVIDE (__preinit_array_end = .)

.init_array     0x0000000008008a4c        0x4
                0x0000000008008a4c                PROVIDE (__init_array_start = .)
 *(SORT_BY_NAME(.init_array.*))
 *(.init_array*)
 .init_array    0x0000000008008a4c        0x4 /Applications/STM32CubeIDE.app/Contents/Eclipse/plugins/com.st.stm32cube.ide.mcu.externaltools.gnu-tools-for-stm32.9-2020-q2-update.macos64_2.0.0.202105311346/tools/bin/../lib/gcc/arm-none-eabi/9.3.1/thumb/v7e-m+dp/hard/crtbegin.o
                0x0000000008008a50                PROVIDE (__init_array_end = .)

.fini_array     0x0000000008008a50        0x4
                [!provide]                        PROVIDE (__fini_array_start = .)
 *(SORT_BY_NAME(.fini_array.*))
 *(.fini_array*)
 .fini_array    0x0000000008008a50        0x4 /Applications/STM32CubeIDE.app/Contents/Eclipse/plugins/com.st.stm32cube.ide.mcu.externaltools.gnu-tools-for-stm32.9-2020-q2-update.macos64_2.0.0.202105311346/tools/bin/../lib/gcc/arm-none-eabi/9.3.1/thumb/v7e-m+dp/hard/crtbegin.o
                [!provide]                        PROVIDE (__fini_array_end = .)
                0x0000000008008a54                _sidata = LOADADDR (.data)

.data           0x0000000024000000      0x1e8 load address 0x0000000008008a54
                0x0000000024000000                . = ALIGN (0x4)
                0x0000000024000000                _sdata = .
 *(.data)
 *(.data*)
 .data.USBD_CDC_DeviceQualifierDesc
                0x0000000024000000        0xa ./Core/Inc/USBD_CDC/usbd_cdc.o
 *fill*         0x000000002400000a        0x2 
 .data.USBD_CDC
                0x000000002400000c       0x38 ./Core/Inc/USBD_CDC/usbd_cdc.o
                0x000000002400000c                USBD_CDC
 .data.USBD_CDC_CfgHSDesc
                0x0000000024000044       0x43 ./Core/Inc/USBD_CDC/usbd_cdc.o
 *fill*         0x0000000024000087        0x1 
 .data.USBD_CDC_CfgFSDesc
                0x0000000024000088       0x43 ./Core/Inc/USBD_CDC/usbd_cdc.o
 *fill*         0x00000000240000cb        0x1 
 .data.USBD_CDC_OtherSpeedCfgDesc
                0x00000000240000cc       0x43 ./Core/Inc/USBD_CDC/usbd_cdc.o
 *fill*         0x000000002400010f        0x1 
 .data.USBD_Interface_fops_FS
                0x0000000024000110       0x14 ./Core/Inc/USBD_CDC/usbd_cdc_if.o
                0x0000000024000110                USBD_Interface_fops_FS
 .data.FS_Desc  0x0000000024000124       0x1c ./Core/Inc/USBD_CDC/usbd_desc.o
                0x0000000024000124                FS_Desc
 .data.USBD_FS_DeviceDesc
                0x0000000024000140       0x12 ./Core/Inc/USBD_CDC/usbd_desc.o
                0x0000000024000140                USBD_FS_DeviceDesc
 *fill*         0x0000000024000152        0x2 
 .data.USBD_LangIDDesc
                0x0000000024000154        0x4 ./Core/Inc/USBD_CDC/usbd_desc.o
                0x0000000024000154                USBD_LangIDDesc
 .data.USBD_StringSerial
                0x0000000024000158       0x1a ./Core/Inc/USBD_CDC/usbd_desc.o
                0x0000000024000158                USBD_StringSerial
 *fill*         0x0000000024000172        0x2 
 .data.SystemCoreClock
                0x0000000024000174        0x4 ./Core/Src/system_stm32h7xx.o
                0x0000000024000174                SystemCoreClock
 .data.SystemD2Clock
                0x0000000024000178        0x4 ./Core/Src/system_stm32h7xx.o
                0x0000000024000178                SystemD2Clock
 .data.uwTickPrio
                0x000000002400017c        0x4 ./Drivers/STM32H7xx_HAL_Driver/Src/stm32h7xx_hal.o
                0x000000002400017c                uwTickPrio
 .data.uwTickFreq
                0x0000000024000180        0x1 ./Drivers/STM32H7xx_HAL_Driver/Src/stm32h7xx_hal.o
                0x0000000024000180                uwTickFreq
 *fill*         0x0000000024000181        0x3 
 .data._impure_ptr
                0x0000000024000184        0x4 /Applications/STM32CubeIDE.app/Contents/Eclipse/plugins/com.st.stm32cube.ide.mcu.externaltools.gnu-tools-for-stm32.9-2020-q2-update.macos64_2.0.0.202105311346/tools/bin/../lib/gcc/arm-none-eabi/9.3.1/../../../../arm-none-eabi/lib/thumb/v7e-m+dp/hard/libc_nano.a(lib_a-impure.o)
                0x0000000024000184                _impure_ptr
 .data.impure_data
                0x0000000024000188       0x60 /Applications/STM32CubeIDE.app/Contents/Eclipse/plugins/com.st.stm32cube.ide.mcu.externaltools.gnu-tools-for-stm32.9-2020-q2-update.macos64_2.0.0.202105311346/tools/bin/../lib/gcc/arm-none-eabi/9.3.1/../../../../arm-none-eabi/lib/thumb/v7e-m+dp/hard/libc_nano.a(lib_a-impure.o)
 *(.RamFunc)
 *(.RamFunc*)
                0x00000000240001e8                . = ALIGN (0x4)
                0x00000000240001e8                _edata = .

.igot.plt       0x00000000240001e8        0x0 load address 0x0000000008008c3c
 .igot.plt      0x00000000240001e8        0x0 /Applications/STM32CubeIDE.app/Contents/Eclipse/plugins/com.st.stm32cube.ide.mcu.externaltools.gnu-tools-for-stm32.9-2020-q2-update.macos64_2.0.0.202105311346/tools/bin/../lib/gcc/arm-none-eabi/9.3.1/thumb/v7e-m+dp/hard/crtbegin.o
                0x00000000240001e8                . = ALIGN (0x4)

.bss            0x00000000240001e8     0x1f8c load address 0x0000000008008c3c
                0x00000000240001e8                _sbss = .
                0x00000000240001e8                __bss_start__ = _sbss
 *(.bss)
 .bss           0x00000000240001e8       0x1c /Applications/STM32CubeIDE.app/Contents/Eclipse/plugins/com.st.stm32cube.ide.mcu.externaltools.gnu-tools-for-stm32.9-2020-q2-update.macos64_2.0.0.202105311346/tools/bin/../lib/gcc/arm-none-eabi/9.3.1/thumb/v7e-m+dp/hard/crtbegin.o
 *(.bss*)
 .bss.spi_variables
                0x0000000024000204       0x24 ./Core/Inc/CK_SPI.o
                0x0000000024000204                spi_variables
 .bss.sysTickCounter
                0x0000000024000228        0x4 ./Core/Inc/CK_TIME_HAL.o
                0x0000000024000228                sysTickCounter
 .bss.mem.14127
                0x000000002400022c      0x220 ./Core/Inc/USBD_CDC/usbd_conf.o
 .bss.cfgidx.14059
                0x000000002400044c        0x1 ./Core/Inc/USBD_CDC/usbd_ctlreq.o
 *fill*         0x000000002400044d        0x3 
 .bss.__sbrk_heap_end
                0x0000000024000450        0x4 ./Core/Src/sysmem.o
 .bss.__malloc_free_list
                0x0000000024000454        0x4 /Applications/STM32CubeIDE.app/Contents/Eclipse/plugins/com.st.stm32cube.ide.mcu.externaltools.gnu-tools-for-stm32.9-2020-q2-update.macos64_2.0.0.202105311346/tools/bin/../lib/gcc/arm-none-eabi/9.3.1/../../../../arm-none-eabi/lib/thumb/v7e-m+dp/hard/libc_nano.a(lib_a-nano-mallocr.o)
                0x0000000024000454                __malloc_free_list
 .bss.__malloc_sbrk_start
                0x0000000024000458        0x4 /Applications/STM32CubeIDE.app/Contents/Eclipse/plugins/com.st.stm32cube.ide.mcu.externaltools.gnu-tools-for-stm32.9-2020-q2-update.macos64_2.0.0.202105311346/tools/bin/../lib/gcc/arm-none-eabi/9.3.1/../../../../arm-none-eabi/lib/thumb/v7e-m+dp/hard/libc_nano.a(lib_a-nano-mallocr.o)
                0x0000000024000458                __malloc_sbrk_start
 *(COMMON)
 COMMON         0x000000002400045c        0x4 ./Core/Inc/CK_SYSTEM.o
                0x000000002400045c                F_CPU
 COMMON         0x0000000024000460        0x4 ./Core/Inc/CK_TIME_HAL.o
                0x0000000024000460                timeout_num
 COMMON         0x0000000024000464      0x6e8 ./Core/Inc/USBD_CDC/usb_device.o
                0x0000000024000464                hUsbDeviceFS
                0x0000000024000734                copy_rx_length
                0x0000000024000738                copy_buffer
                0x0000000024000938                usbd_receive_cb
                0x0000000024000948                copy_buffer_rx
                0x0000000024000b48                copy_length
 COMMON         0x0000000024000b4c     0x1000 ./Core/Inc/USBD_CDC/usbd_cdc_if.o
                0x0000000024000b4c                UserRxBufferFS
                0x000000002400134c                UserTxBufferFS
 COMMON         0x0000000024001b4c      0x408 ./Core/Inc/USBD_CDC/usbd_conf.o
                0x0000000024001b4c                hpcd_USB_OTG_FS
 COMMON         0x0000000024001f54      0x200 ./Core/Inc/USBD_CDC/usbd_desc.o
                0x0000000024001f54                USBD_StrDesc
 COMMON         0x0000000024002154       0x10 ./Core/Src/main.o
                0x0000000024002154                rxArray
 COMMON         0x0000000024002164        0x4 /Applications/STM32CubeIDE.app/Contents/Eclipse/plugins/com.st.stm32cube.ide.mcu.externaltools.gnu-tools-for-stm32.9-2020-q2-update.macos64_2.0.0.202105311346/tools/bin/../lib/gcc/arm-none-eabi/9.3.1/../../../../arm-none-eabi/lib/thumb/v7e-m+dp/hard/libc_nano.a(lib_a-reent.o)
                0x0000000024002164                errno
 COMMON         0x0000000024002168        0x9 /Applications/STM32CubeIDE.app/Contents/Eclipse/plugins/com.st.stm32cube.ide.mcu.externaltools.gnu-tools-for-stm32.9-2020-q2-update.macos64_2.0.0.202105311346/tools/bin/../lib/gcc/arm-none-eabi/9.3.1/../../../../arm-none-eabi/lib/thumb/v7e-m+dp/hard/libc_nano.a(lib_a-lock.o)
                0x0000000024002168                __lock___atexit_recursive_mutex
                0x0000000024002169                __lock___arc4random_mutex
                0x000000002400216a                __lock___env_recursive_mutex
                0x000000002400216b                __lock___sinit_recursive_mutex
                0x000000002400216c                __lock___malloc_recursive_mutex
                0x000000002400216d                __lock___at_quick_exit_mutex
                0x000000002400216e                __lock___dd_hash_mutex
                0x000000002400216f                __lock___tz_mutex
                0x0000000024002170                __lock___sfp_recursive_mutex
                0x0000000024002174                . = ALIGN (0x4)
 *fill*         0x0000000024002171        0x3 
                0x0000000024002174                _ebss = .
                0x0000000024002174                __bss_end__ = _ebss

._user_heap_stack
                0x0000000024002174      0x604 load address 0x0000000008008c3c
                0x0000000024002178                . = ALIGN (0x8)
 *fill*         0x0000000024002174        0x4 
                [!provide]                        PROVIDE (end = .)
                0x0000000024002178                PROVIDE (_end = .)
                0x0000000024002378                . = (. + _Min_Heap_Size)
 *fill*         0x0000000024002178      0x200 
                0x0000000024002778                . = (. + _Min_Stack_Size)
 *fill*         0x0000000024002378      0x400 
                0x0000000024002778                . = ALIGN (0x8)

/DISCARD/
 libc.a(*)
 libm.a(*)
 libgcc.a(*)

.ARM.attributes
                0x0000000000000000       0x2e
 *(.ARM.attributes)
 .ARM.attributes
                0x0000000000000000       0x1e /Applications/STM32CubeIDE.app/Contents/Eclipse/plugins/com.st.stm32cube.ide.mcu.externaltools.gnu-tools-for-stm32.9-2020-q2-update.macos64_2.0.0.202105311346/tools/bin/../lib/gcc/arm-none-eabi/9.3.1/thumb/v7e-m+dp/hard/crti.o
 .ARM.attributes
                0x000000000000001e       0x32 /Applications/STM32CubeIDE.app/Contents/Eclipse/plugins/com.st.stm32cube.ide.mcu.externaltools.gnu-tools-for-stm32.9-2020-q2-update.macos64_2.0.0.202105311346/tools/bin/../lib/gcc/arm-none-eabi/9.3.1/thumb/v7e-m+dp/hard/crtbegin.o
 .ARM.attributes
                0x0000000000000050       0x32 ./Core/Inc/CK_GPIO.o
 .ARM.attributes
                0x0000000000000082       0x32 ./Core/Inc/CK_SPI.o
 .ARM.attributes
                0x00000000000000b4       0x32 ./Core/Inc/CK_SYSTEM.o
 .ARM.attributes
                0x00000000000000e6       0x32 ./Core/Inc/CK_TIME_HAL.o
 .ARM.attributes
                0x0000000000000118       0x32 ./Core/Inc/USBD_CDC/CK_USBD_BUFFER.o
 .ARM.attributes
                0x000000000000014a       0x32 ./Core/Inc/USBD_CDC/usb_device.o
 .ARM.attributes
                0x000000000000017c       0x32 ./Core/Inc/USBD_CDC/usbd_cdc.o
 .ARM.attributes
                0x00000000000001ae       0x32 ./Core/Inc/USBD_CDC/usbd_cdc_if.o
 .ARM.attributes
                0x00000000000001e0       0x32 ./Core/Inc/USBD_CDC/usbd_conf.o
 .ARM.attributes
                0x0000000000000212       0x32 ./Core/Inc/USBD_CDC/usbd_core.o
 .ARM.attributes
                0x0000000000000244       0x32 ./Core/Inc/USBD_CDC/usbd_ctlreq.o
 .ARM.attributes
                0x0000000000000276       0x32 ./Core/Inc/USBD_CDC/usbd_desc.o
 .ARM.attributes
                0x00000000000002a8       0x32 ./Core/Inc/USBD_CDC/usbd_ioreq.o
 .ARM.attributes
                0x00000000000002da       0x32 ./Core/Src/main.o
 .ARM.attributes
                0x000000000000030c       0x32 ./Core/Src/stm32h7xx_hal_msp.o
 .ARM.attributes
                0x000000000000033e       0x32 ./Core/Src/stm32h7xx_it.o
 .ARM.attributes
                0x0000000000000370       0x32 ./Core/Src/sysmem.o
 .ARM.attributes
                0x00000000000003a2       0x32 ./Core/Src/system_stm32h7xx.o
 .ARM.attributes
                0x00000000000003d4       0x21 ./Core/Startup/startup_stm32h743vihx.o
 .ARM.attributes
                0x00000000000003f5       0x32 ./Drivers/STM32H7xx_HAL_Driver/Src/stm32h7xx_hal.o
 .ARM.attributes
                0x0000000000000427       0x32 ./Drivers/STM32H7xx_HAL_Driver/Src/stm32h7xx_hal_cortex.o
 .ARM.attributes
                0x0000000000000459       0x32 ./Drivers/STM32H7xx_HAL_Driver/Src/stm32h7xx_hal_gpio.o
 .ARM.attributes
                0x000000000000048b       0x32 ./Drivers/STM32H7xx_HAL_Driver/Src/stm32h7xx_hal_pcd.o
 .ARM.attributes
                0x00000000000004bd       0x32 ./Drivers/STM32H7xx_HAL_Driver/Src/stm32h7xx_hal_pcd_ex.o
 .ARM.attributes
                0x00000000000004ef       0x32 ./Drivers/STM32H7xx_HAL_Driver/Src/stm32h7xx_hal_pwr_ex.o
 .ARM.attributes
                0x0000000000000521       0x32 ./Drivers/STM32H7xx_HAL_Driver/Src/stm32h7xx_hal_rcc.o
 .ARM.attributes
                0x0000000000000553       0x32 ./Drivers/STM32H7xx_HAL_Driver/Src/stm32h7xx_hal_rcc_ex.o
 .ARM.attributes
                0x0000000000000585       0x32 ./Drivers/STM32H7xx_HAL_Driver/Src/stm32h7xx_ll_usb.o
 .ARM.attributes
                0x00000000000005b7       0x32 /Applications/STM32CubeIDE.app/Contents/Eclipse/plugins/com.st.stm32cube.ide.mcu.externaltools.gnu-tools-for-stm32.9-2020-q2-update.macos64_2.0.0.202105311346/tools/bin/../lib/gcc/arm-none-eabi/9.3.1/../../../../arm-none-eabi/lib/thumb/v7e-m+dp/hard/libc_nano.a(lib_a-errno.o)
 .ARM.attributes
                0x00000000000005e9       0x30 /Applications/STM32CubeIDE.app/Contents/Eclipse/plugins/com.st.stm32cube.ide.mcu.externaltools.gnu-tools-for-stm32.9-2020-q2-update.macos64_2.0.0.202105311346/tools/bin/../lib/gcc/arm-none-eabi/9.3.1/../../../../arm-none-eabi/lib/thumb/v7e-m+dp/hard/libc_nano.a(lib_a-impure.o)
 .ARM.attributes
                0x0000000000000619       0x32 /Applications/STM32CubeIDE.app/Contents/Eclipse/plugins/com.st.stm32cube.ide.mcu.externaltools.gnu-tools-for-stm32.9-2020-q2-update.macos64_2.0.0.202105311346/tools/bin/../lib/gcc/arm-none-eabi/9.3.1/../../../../arm-none-eabi/lib/thumb/v7e-m+dp/hard/libc_nano.a(lib_a-init.o)
 .ARM.attributes
                0x000000000000064b       0x32 /Applications/STM32CubeIDE.app/Contents/Eclipse/plugins/com.st.stm32cube.ide.mcu.externaltools.gnu-tools-for-stm32.9-2020-q2-update.macos64_2.0.0.202105311346/tools/bin/../lib/gcc/arm-none-eabi/9.3.1/../../../../arm-none-eabi/lib/thumb/v7e-m+dp/hard/libc_nano.a(lib_a-malloc.o)
 .ARM.attributes
                0x000000000000067d       0x32 /Applications/STM32CubeIDE.app/Contents/Eclipse/plugins/com.st.stm32cube.ide.mcu.externaltools.gnu-tools-for-stm32.9-2020-q2-update.macos64_2.0.0.202105311346/tools/bin/../lib/gcc/arm-none-eabi/9.3.1/../../../../arm-none-eabi/lib/thumb/v7e-m+dp/hard/libc_nano.a(lib_a-memset.o)
 .ARM.attributes
                0x00000000000006af       0x32 /Applications/STM32CubeIDE.app/Contents/Eclipse/plugins/com.st.stm32cube.ide.mcu.externaltools.gnu-tools-for-stm32.9-2020-q2-update.macos64_2.0.0.202105311346/tools/bin/../lib/gcc/arm-none-eabi/9.3.1/../../../../arm-none-eabi/lib/thumb/v7e-m+dp/hard/libc_nano.a(lib_a-nano-mallocr.o)
 .ARM.attributes
                0x00000000000006e1       0x32 /Applications/STM32CubeIDE.app/Contents/Eclipse/plugins/com.st.stm32cube.ide.mcu.externaltools.gnu-tools-for-stm32.9-2020-q2-update.macos64_2.0.0.202105311346/tools/bin/../lib/gcc/arm-none-eabi/9.3.1/../../../../arm-none-eabi/lib/thumb/v7e-m+dp/hard/libc_nano.a(lib_a-sbrkr.o)
 .ARM.attributes
                0x0000000000000713       0x17 /Applications/STM32CubeIDE.app/Contents/Eclipse/plugins/com.st.stm32cube.ide.mcu.externaltools.gnu-tools-for-stm32.9-2020-q2-update.macos64_2.0.0.202105311346/tools/bin/../lib/gcc/arm-none-eabi/9.3.1/../../../../arm-none-eabi/lib/thumb/v7e-m+dp/hard/libc_nano.a(lib_a-strlen.o)
 .ARM.attributes
                0x000000000000072a       0x32 /Applications/STM32CubeIDE.app/Contents/Eclipse/plugins/com.st.stm32cube.ide.mcu.externaltools.gnu-tools-for-stm32.9-2020-q2-update.macos64_2.0.0.202105311346/tools/bin/../lib/gcc/arm-none-eabi/9.3.1/../../../../arm-none-eabi/lib/thumb/v7e-m+dp/hard/libc_nano.a(lib_a-mlock.o)
 .ARM.attributes
                0x000000000000075c       0x32 /Applications/STM32CubeIDE.app/Contents/Eclipse/plugins/com.st.stm32cube.ide.mcu.externaltools.gnu-tools-for-stm32.9-2020-q2-update.macos64_2.0.0.202105311346/tools/bin/../lib/gcc/arm-none-eabi/9.3.1/../../../../arm-none-eabi/lib/thumb/v7e-m+dp/hard/libc_nano.a(lib_a-reent.o)
 .ARM.attributes
                0x000000000000078e       0x32 /Applications/STM32CubeIDE.app/Contents/Eclipse/plugins/com.st.stm32cube.ide.mcu.externaltools.gnu-tools-for-stm32.9-2020-q2-update.macos64_2.0.0.202105311346/tools/bin/../lib/gcc/arm-none-eabi/9.3.1/../../../../arm-none-eabi/lib/thumb/v7e-m+dp/hard/libc_nano.a(lib_a-lock.o)
 .ARM.attributes
                0x00000000000007c0       0x1e /Applications/STM32CubeIDE.app/Contents/Eclipse/plugins/com.st.stm32cube.ide.mcu.externaltools.gnu-tools-for-stm32.9-2020-q2-update.macos64_2.0.0.202105311346/tools/bin/../lib/gcc/arm-none-eabi/9.3.1/thumb/v7e-m+dp/hard/crtn.o
OUTPUT(STM32H743VI_SPI.elf elf32-littlearm)
LOAD linker stubs
LOAD /Applications/STM32CubeIDE.app/Contents/Eclipse/plugins/com.st.stm32cube.ide.mcu.externaltools.gnu-tools-for-stm32.9-2020-q2-update.macos64_2.0.0.202105311346/tools/bin/../lib/gcc/arm-none-eabi/9.3.1/../../../../arm-none-eabi/lib/thumb/v7e-m+dp/hard/libc.a
LOAD /Applications/STM32CubeIDE.app/Contents/Eclipse/plugins/com.st.stm32cube.ide.mcu.externaltools.gnu-tools-for-stm32.9-2020-q2-update.macos64_2.0.0.202105311346/tools/bin/../lib/gcc/arm-none-eabi/9.3.1/../../../../arm-none-eabi/lib/thumb/v7e-m+dp/hard/libm.a
LOAD /Applications/STM32CubeIDE.app/Contents/Eclipse/plugins/com.st.stm32cube.ide.mcu.externaltools.gnu-tools-for-stm32.9-2020-q2-update.macos64_2.0.0.202105311346/tools/bin/../lib/gcc/arm-none-eabi/9.3.1/thumb/v7e-m+dp/hard/libgcc.a

.debug_info     0x0000000000000000    0x26a05
 .debug_info    0x0000000000000000     0x12b2 ./Core/Inc/CK_GPIO.o
 .debug_info    0x00000000000012b2     0x1bba ./Core/Inc/CK_SPI.o
 .debug_info    0x0000000000002e6c     0x186a ./Core/Inc/CK_SYSTEM.o
 .debug_info    0x00000000000046d6      0xd01 ./Core/Inc/CK_TIME_HAL.o
 .debug_info    0x00000000000053d7      0xb83 ./Core/Inc/USBD_CDC/CK_USBD_BUFFER.o
 .debug_info    0x0000000000005f5a     0x15e2 ./Core/Inc/USBD_CDC/usb_device.o
 .debug_info    0x000000000000753c     0x1b00 ./Core/Inc/USBD_CDC/usbd_cdc.o
 .debug_info    0x000000000000903c     0x134d ./Core/Inc/USBD_CDC/usbd_cdc_if.o
 .debug_info    0x000000000000a389     0x2c47 ./Core/Inc/USBD_CDC/usbd_conf.o
 .debug_info    0x000000000000cfd0     0x14c5 ./Core/Inc/USBD_CDC/usbd_core.o
 .debug_info    0x000000000000e495     0x1491 ./Core/Inc/USBD_CDC/usbd_ctlreq.o
 .debug_info    0x000000000000f926      0xf0f ./Core/Inc/USBD_CDC/usbd_desc.o
 .debug_info    0x0000000000010835     0x11b3 ./Core/Inc/USBD_CDC/usbd_ioreq.o
 .debug_info    0x00000000000119e8     0x14f6 ./Core/Src/main.o
 .debug_info    0x0000000000012ede      0xf3b ./Core/Src/stm32h7xx_hal_msp.o
 .debug_info    0x0000000000013e19     0x10f0 ./Core/Src/stm32h7xx_it.o
 .debug_info    0x0000000000014f09      0xa25 ./Core/Src/sysmem.o
 .debug_info    0x000000000001592e     0x1748 ./Core/Src/system_stm32h7xx.o
 .debug_info    0x0000000000017076       0x22 ./Core/Startup/startup_stm32h743vihx.o
 .debug_info    0x0000000000017098     0x1f5e ./Drivers/STM32H7xx_HAL_Driver/Src/stm32h7xx_hal.o
 .debug_info    0x0000000000018ff6     0x1bd4 ./Drivers/STM32H7xx_HAL_Driver/Src/stm32h7xx_hal_cortex.o
 .debug_info    0x000000000001abca     0x17bf ./Drivers/STM32H7xx_HAL_Driver/Src/stm32h7xx_hal_gpio.o
 .debug_info    0x000000000001c389     0x1d06 ./Drivers/STM32H7xx_HAL_Driver/Src/stm32h7xx_hal_pcd.o
 .debug_info    0x000000000001e08f     0x130a ./Drivers/STM32H7xx_HAL_Driver/Src/stm32h7xx_hal_pcd_ex.o
 .debug_info    0x000000000001f399     0x1b06 ./Drivers/STM32H7xx_HAL_Driver/Src/stm32h7xx_hal_pwr_ex.o
 .debug_info    0x0000000000020e9f     0x192a ./Drivers/STM32H7xx_HAL_Driver/Src/stm32h7xx_hal_rcc.o
 .debug_info    0x00000000000227c9     0x1cc1 ./Drivers/STM32H7xx_HAL_Driver/Src/stm32h7xx_hal_rcc_ex.o
 .debug_info    0x000000000002448a     0x257b ./Drivers/STM32H7xx_HAL_Driver/Src/stm32h7xx_ll_usb.o

.debug_abbrev   0x0000000000000000     0x4d23
 .debug_abbrev  0x0000000000000000      0x260 ./Core/Inc/CK_GPIO.o
 .debug_abbrev  0x0000000000000260      0x356 ./Core/Inc/CK_SPI.o
 .debug_abbrev  0x00000000000005b6      0x2e3 ./Core/Inc/CK_SYSTEM.o
 .debug_abbrev  0x0000000000000899      0x2b6 ./Core/Inc/CK_TIME_HAL.o
 .debug_abbrev  0x0000000000000b4f      0x230 ./Core/Inc/USBD_CDC/CK_USBD_BUFFER.o
 .debug_abbrev  0x0000000000000d7f      0x34f ./Core/Inc/USBD_CDC/usb_device.o
 .debug_abbrev  0x00000000000010ce      0x31a ./Core/Inc/USBD_CDC/usbd_cdc.o
 .debug_abbrev  0x00000000000013e8      0x32a ./Core/Inc/USBD_CDC/usbd_cdc_if.o
 .debug_abbrev  0x0000000000001712      0x341 ./Core/Inc/USBD_CDC/usbd_conf.o
 .debug_abbrev  0x0000000000001a53      0x2d5 ./Core/Inc/USBD_CDC/usbd_core.o
 .debug_abbrev  0x0000000000001d28      0x31a ./Core/Inc/USBD_CDC/usbd_ctlreq.o
 .debug_abbrev  0x0000000000002042      0x2f7 ./Core/Inc/USBD_CDC/usbd_desc.o
 .debug_abbrev  0x0000000000002339      0x248 ./Core/Inc/USBD_CDC/usbd_ioreq.o
 .debug_abbrev  0x0000000000002581      0x258 ./Core/Src/main.o
 .debug_abbrev  0x00000000000027d9      0x20f ./Core/Src/stm32h7xx_hal_msp.o
 .debug_abbrev  0x00000000000029e8      0x21e ./Core/Src/stm32h7xx_it.o
 .debug_abbrev  0x0000000000002c06      0x1bf ./Core/Src/sysmem.o
 .debug_abbrev  0x0000000000002dc5      0x262 ./Core/Src/system_stm32h7xx.o
 .debug_abbrev  0x0000000000003027       0x12 ./Core/Startup/startup_stm32h743vihx.o
 .debug_abbrev  0x0000000000003039      0x31b ./Drivers/STM32H7xx_HAL_Driver/Src/stm32h7xx_hal.o
 .debug_abbrev  0x0000000000003354      0x409 ./Drivers/STM32H7xx_HAL_Driver/Src/stm32h7xx_hal_cortex.o
 .debug_abbrev  0x000000000000375d      0x2cb ./Drivers/STM32H7xx_HAL_Driver/Src/stm32h7xx_hal_gpio.o
 .debug_abbrev  0x0000000000003a28      0x33a ./Drivers/STM32H7xx_HAL_Driver/Src/stm32h7xx_hal_pcd.o
 .debug_abbrev  0x0000000000003d62      0x2e0 ./Drivers/STM32H7xx_HAL_Driver/Src/stm32h7xx_hal_pcd_ex.o
 .debug_abbrev  0x0000000000004042      0x350 ./Drivers/STM32H7xx_HAL_Driver/Src/stm32h7xx_hal_pwr_ex.o
 .debug_abbrev  0x0000000000004392      0x322 ./Drivers/STM32H7xx_HAL_Driver/Src/stm32h7xx_hal_rcc.o
 .debug_abbrev  0x00000000000046b4      0x31d ./Drivers/STM32H7xx_HAL_Driver/Src/stm32h7xx_hal_rcc_ex.o
 .debug_abbrev  0x00000000000049d1      0x352 ./Drivers/STM32H7xx_HAL_Driver/Src/stm32h7xx_ll_usb.o

.debug_aranges  0x0000000000000000     0x1088
 .debug_aranges
                0x0000000000000000       0x40 ./Core/Inc/CK_GPIO.o
 .debug_aranges
                0x0000000000000040       0x88 ./Core/Inc/CK_SPI.o
 .debug_aranges
                0x00000000000000c8       0x60 ./Core/Inc/CK_SYSTEM.o
 .debug_aranges
                0x0000000000000128       0x68 ./Core/Inc/CK_TIME_HAL.o
 .debug_aranges
                0x0000000000000190       0x58 ./Core/Inc/USBD_CDC/CK_USBD_BUFFER.o
 .debug_aranges
                0x00000000000001e8       0x70 ./Core/Inc/USBD_CDC/usb_device.o
 .debug_aranges
                0x0000000000000258       0x90 ./Core/Inc/USBD_CDC/usbd_cdc.o
 .debug_aranges
                0x00000000000002e8       0x48 ./Core/Inc/USBD_CDC/usbd_cdc_if.o
 .debug_aranges
                0x0000000000000330      0x110 ./Core/Inc/USBD_CDC/usbd_conf.o
 .debug_aranges
                0x0000000000000440       0xb8 ./Core/Inc/USBD_CDC/usbd_core.o
 .debug_aranges
                0x00000000000004f8       0x90 ./Core/Inc/USBD_CDC/usbd_ctlreq.o
 .debug_aranges
                0x0000000000000588       0x60 ./Core/Inc/USBD_CDC/usbd_desc.o
 .debug_aranges
                0x00000000000005e8       0x50 ./Core/Inc/USBD_CDC/usbd_ioreq.o
 .debug_aranges
                0x0000000000000638       0x30 ./Core/Src/main.o
 .debug_aranges
                0x0000000000000668       0x20 ./Core/Src/stm32h7xx_hal_msp.o
 .debug_aranges
                0x0000000000000688       0x68 ./Core/Src/stm32h7xx_it.o
 .debug_aranges
                0x00000000000006f0       0x20 ./Core/Src/sysmem.o
 .debug_aranges
                0x0000000000000710       0x28 ./Core/Src/system_stm32h7xx.o
 .debug_aranges
                0x0000000000000738       0x28 ./Core/Startup/startup_stm32h743vihx.o
 .debug_aranges
                0x0000000000000760      0x198 ./Drivers/STM32H7xx_HAL_Driver/Src/stm32h7xx_hal.o
 .debug_aranges
                0x00000000000008f8      0x120 ./Drivers/STM32H7xx_HAL_Driver/Src/stm32h7xx_hal_cortex.o
 .debug_aranges
                0x0000000000000a18       0x58 ./Drivers/STM32H7xx_HAL_Driver/Src/stm32h7xx_hal_gpio.o
 .debug_aranges
                0x0000000000000a70      0x140 ./Drivers/STM32H7xx_HAL_Driver/Src/stm32h7xx_hal_pcd.o
 .debug_aranges
                0x0000000000000bb0       0x60 ./Drivers/STM32H7xx_HAL_Driver/Src/stm32h7xx_hal_pcd_ex.o
 .debug_aranges
                0x0000000000000c10      0x158 ./Drivers/STM32H7xx_HAL_Driver/Src/stm32h7xx_hal_pwr_ex.o
 .debug_aranges
                0x0000000000000d68       0x88 ./Drivers/STM32H7xx_HAL_Driver/Src/stm32h7xx_hal_rcc.o
 .debug_aranges
                0x0000000000000df0       0xf8 ./Drivers/STM32H7xx_HAL_Driver/Src/stm32h7xx_hal_rcc_ex.o
 .debug_aranges
                0x0000000000000ee8      0x1a0 ./Drivers/STM32H7xx_HAL_Driver/Src/stm32h7xx_ll_usb.o

.debug_ranges   0x0000000000000000      0xed0
 .debug_ranges  0x0000000000000000       0x30 ./Core/Inc/CK_GPIO.o
 .debug_ranges  0x0000000000000030       0x78 ./Core/Inc/CK_SPI.o
 .debug_ranges  0x00000000000000a8       0x50 ./Core/Inc/CK_SYSTEM.o
 .debug_ranges  0x00000000000000f8       0x58 ./Core/Inc/CK_TIME_HAL.o
 .debug_ranges  0x0000000000000150       0x48 ./Core/Inc/USBD_CDC/CK_USBD_BUFFER.o
 .debug_ranges  0x0000000000000198       0x60 ./Core/Inc/USBD_CDC/usb_device.o
 .debug_ranges  0x00000000000001f8       0x80 ./Core/Inc/USBD_CDC/usbd_cdc.o
 .debug_ranges  0x0000000000000278       0x38 ./Core/Inc/USBD_CDC/usbd_cdc_if.o
 .debug_ranges  0x00000000000002b0      0x100 ./Core/Inc/USBD_CDC/usbd_conf.o
 .debug_ranges  0x00000000000003b0       0xa8 ./Core/Inc/USBD_CDC/usbd_core.o
 .debug_ranges  0x0000000000000458       0x80 ./Core/Inc/USBD_CDC/usbd_ctlreq.o
 .debug_ranges  0x00000000000004d8       0x50 ./Core/Inc/USBD_CDC/usbd_desc.o
 .debug_ranges  0x0000000000000528       0x40 ./Core/Inc/USBD_CDC/usbd_ioreq.o
 .debug_ranges  0x0000000000000568       0x20 ./Core/Src/main.o
 .debug_ranges  0x0000000000000588       0x10 ./Core/Src/stm32h7xx_hal_msp.o
 .debug_ranges  0x0000000000000598       0x58 ./Core/Src/stm32h7xx_it.o
 .debug_ranges  0x00000000000005f0       0x10 ./Core/Src/sysmem.o
 .debug_ranges  0x0000000000000600       0x18 ./Core/Src/system_stm32h7xx.o
 .debug_ranges  0x0000000000000618       0x20 ./Core/Startup/startup_stm32h743vihx.o
 .debug_ranges  0x0000000000000638      0x188 ./Drivers/STM32H7xx_HAL_Driver/Src/stm32h7xx_hal.o
 .debug_ranges  0x00000000000007c0      0x110 ./Drivers/STM32H7xx_HAL_Driver/Src/stm32h7xx_hal_cortex.o
 .debug_ranges  0x00000000000008d0       0x48 ./Drivers/STM32H7xx_HAL_Driver/Src/stm32h7xx_hal_gpio.o
 .debug_ranges  0x0000000000000918      0x130 ./Drivers/STM32H7xx_HAL_Driver/Src/stm32h7xx_hal_pcd.o
 .debug_ranges  0x0000000000000a48       0x50 ./Drivers/STM32H7xx_HAL_Driver/Src/stm32h7xx_hal_pcd_ex.o
 .debug_ranges  0x0000000000000a98      0x148 ./Drivers/STM32H7xx_HAL_Driver/Src/stm32h7xx_hal_pwr_ex.o
 .debug_ranges  0x0000000000000be0       0x78 ./Drivers/STM32H7xx_HAL_Driver/Src/stm32h7xx_hal_rcc.o
 .debug_ranges  0x0000000000000c58       0xe8 ./Drivers/STM32H7xx_HAL_Driver/Src/stm32h7xx_hal_rcc_ex.o
 .debug_ranges  0x0000000000000d40      0x190 ./Drivers/STM32H7xx_HAL_Driver/Src/stm32h7xx_ll_usb.o

.debug_macro    0x0000000000000000    0x3d431
 .debug_macro   0x0000000000000000      0x312 ./Core/Inc/CK_GPIO.o
 .debug_macro   0x0000000000000312      0xac0 ./Core/Inc/CK_GPIO.o
 .debug_macro   0x0000000000000dd2       0x2e ./Core/Inc/CK_GPIO.o
 .debug_macro   0x0000000000000e00       0x3b ./Core/Inc/CK_GPIO.o
 .debug_macro   0x0000000000000e3b       0x22 ./Core/Inc/CK_GPIO.o
 .debug_macro   0x0000000000000e5d       0x8e ./Core/Inc/CK_GPIO.o
 .debug_macro   0x0000000000000eeb       0x51 ./Core/Inc/CK_GPIO.o
 .debug_macro   0x0000000000000f3c      0x103 ./Core/Inc/CK_GPIO.o
 .debug_macro   0x000000000000103f       0x6a ./Core/Inc/CK_GPIO.o
 .debug_macro   0x00000000000010a9      0x1df ./Core/Inc/CK_GPIO.o
 .debug_macro   0x0000000000001288       0x1c ./Core/Inc/CK_GPIO.o
 .debug_macro   0x00000000000012a4       0x22 ./Core/Inc/CK_GPIO.o
 .debug_macro   0x00000000000012c6      0x101 ./Core/Inc/CK_GPIO.o
 .debug_macro   0x00000000000013c7     0x1305 ./Core/Inc/CK_GPIO.o
 .debug_macro   0x00000000000026cc      0x11f ./Core/Inc/CK_GPIO.o
 .debug_macro   0x00000000000027eb       0x27 ./Core/Inc/CK_GPIO.o
 .debug_macro   0x0000000000002812    0x25862 ./Core/Inc/CK_GPIO.o
 .debug_macro   0x0000000000028074       0x6d ./Core/Inc/CK_GPIO.o
 .debug_macro   0x00000000000280e1      0x24a ./Core/Inc/CK_GPIO.o
 .debug_macro   0x000000000002832b     0x3d1e ./Core/Inc/CK_GPIO.o
 .debug_macro   0x000000000002c049      0x174 ./Core/Inc/CK_GPIO.o
 .debug_macro   0x000000000002c1bd       0x52 ./Core/Inc/CK_GPIO.o
 .debug_macro   0x000000000002c20f       0x17 ./Core/Inc/CK_GPIO.o
 .debug_macro   0x000000000002c226       0x3c ./Core/Inc/CK_GPIO.o
 .debug_macro   0x000000000002c262       0x34 ./Core/Inc/CK_GPIO.o
 .debug_macro   0x000000000002c296       0x16 ./Core/Inc/CK_GPIO.o
 .debug_macro   0x000000000002c2ac       0x43 ./Core/Inc/CK_GPIO.o
 .debug_macro   0x000000000002c2ef       0x34 ./Core/Inc/CK_GPIO.o
 .debug_macro   0x000000000002c323       0x10 ./Core/Inc/CK_GPIO.o
 .debug_macro   0x000000000002c333       0x58 ./Core/Inc/CK_GPIO.o
 .debug_macro   0x000000000002c38b       0x71 ./Core/Inc/CK_GPIO.o
 .debug_macro   0x000000000002c3fc       0x1c ./Core/Inc/CK_GPIO.o
 .debug_macro   0x000000000002c418      0x12a ./Core/Inc/CK_GPIO.o
 .debug_macro   0x000000000002c542      0x333 ./Core/Inc/CK_GPIO.o
 .debug_macro   0x000000000002c875      0x1a9 ./Core/Inc/CK_GPIO.o
 .debug_macro   0x000000000002ca1e       0x5d ./Core/Inc/CK_GPIO.o
 .debug_macro   0x000000000002ca7b     0x2382 ./Core/Inc/CK_GPIO.o
 .debug_macro   0x000000000002edfd     0x1002 ./Core/Inc/CK_GPIO.o
 .debug_macro   0x000000000002fdff      0x14d ./Core/Inc/CK_GPIO.o
 .debug_macro   0x000000000002ff4c      0x114 ./Core/Inc/CK_GPIO.o
 .debug_macro   0x0000000000030060      0x3b2 ./Core/Inc/CK_GPIO.o
 .debug_macro   0x0000000000030412       0xac ./Core/Inc/CK_GPIO.o
 .debug_macro   0x00000000000304be      0x72d ./Core/Inc/CK_GPIO.o
 .debug_macro   0x0000000000030beb      0x228 ./Core/Inc/CK_GPIO.o
 .debug_macro   0x0000000000030e13       0x66 ./Core/Inc/CK_GPIO.o
 .debug_macro   0x0000000000030e79      0x3bb ./Core/Inc/CK_GPIO.o
 .debug_macro   0x0000000000031234      0x3e4 ./Core/Inc/CK_GPIO.o
 .debug_macro   0x0000000000031618      0x275 ./Core/Inc/CK_GPIO.o
 .debug_macro   0x000000000003188d     0x1036 ./Core/Inc/CK_GPIO.o
 .debug_macro   0x00000000000328c3      0x6c5 ./Core/Inc/CK_GPIO.o
 .debug_macro   0x0000000000032f88      0x36e ./Core/Inc/CK_GPIO.o