usb_device.c:24:6:CK_USBD_Init	8	static
usb_device.c:49:5:CK_USBD_Transmit	8	static
usb_device.c:60:5:CK_USBD_ReadData	16	static
usb_device.c:70:5:CK_USBD_WriteRxBuffer	32	static
usb_device.c:92:5:CK_USBD_WriteTxBuffer	16	static
usb_device.c:103:6:CK_USBD_IntPrint	72	static
usb_device.c:129:6:CK_USBD_IntPrintln	72	static
usb_device.c:157:6:CK_USBD_FloatPrintln	56	dynamic
usb_device.c:211:6:CK_USBD_FloatPrint	56	dynamic
usb_device.c:264:6:CK_USBD_StringPrintln	24	static
usb_device.c:273:6:CK_USBD_StringPrint	24	static
