stm32h7xx_hal_usart.c:276:19:HAL_USART_Init	16	static
stm32h7xx_hal_usart.c:338:19:HAL_USART_DeInit	16	static
stm32h7xx_hal_usart.c:381:13:HAL_USART_MspInit	16	static
stm32h7xx_hal_usart.c:396:13:HAL_USART_MspDeInit	16	static
stm32h7xx_hal_usart.c:751:19:HAL_USART_Transmit	48	static
stm32h7xx_hal_usart.c:848:19:HAL_USART_Receive	48	static
stm32h7xx_hal_usart.c:960:19:HAL_USART_TransmitReceive	64	static
stm32h7xx_hal_usart.c:1107:19:HAL_USART_Transmit_IT	24	static
stm32h7xx_hal_usart.c:1190:19:HAL_USART_Receive_IT	32	static
stm32h7xx_hal_usart.c:1304:19:HAL_USART_TransmitReceive_IT	24	static
stm32h7xx_hal_usart.c:1412:19:HAL_USART_Transmit_DMA	32	static
stm32h7xx_hal_usart.c:1497:19:HAL_USART_Receive_DMA	32	static
stm32h7xx_hal_usart.c:1617:19:HAL_USART_TransmitReceive_DMA	32	static
stm32h7xx_hal_usart.c:1737:19:HAL_USART_DMAPause	24	static
stm32h7xx_hal_usart.c:1784:19:HAL_USART_DMAResume	24	static
stm32h7xx_hal_usart.c:1831:19:HAL_USART_DMAStop	16	static
stm32h7xx_hal_usart.c:1891:19:HAL_USART_Abort	16	static
stm32h7xx_hal_usart.c:1989:19:HAL_USART_Abort_IT	24	static
stm32h7xx_hal_usart.c:2121:6:HAL_USART_IRQHandler	40	static
stm32h7xx_hal_usart.c:2361:13:HAL_USART_TxCpltCallback	16	static
stm32h7xx_hal_usart.c:2376:13:HAL_USART_TxHalfCpltCallback	16	static
stm32h7xx_hal_usart.c:2391:13:HAL_USART_RxCpltCallback	16	static
stm32h7xx_hal_usart.c:2406:13:HAL_USART_RxHalfCpltCallback	16	static
stm32h7xx_hal_usart.c:2421:13:HAL_USART_TxRxCpltCallback	16	static
stm32h7xx_hal_usart.c:2436:13:HAL_USART_ErrorCallback	16	static
stm32h7xx_hal_usart.c:2451:13:HAL_USART_AbortCpltCallback	16	static
stm32h7xx_hal_usart.c:2488:24:HAL_USART_GetState	16	static
stm32h7xx_hal_usart.c:2499:10:HAL_USART_GetError	16	static
stm32h7xx_hal_usart.c:2542:13:USART_EndTransfer	16	static
stm32h7xx_hal_usart.c:2558:13:USART_DMATransmitCplt	24	static
stm32h7xx_hal_usart.c:2598:13:USART_DMATxHalfCplt	24	static
stm32h7xx_hal_usart.c:2616:13:USART_DMAReceiveCplt	24	static
stm32h7xx_hal_usart.c:2691:13:USART_DMARxHalfCplt	24	static
stm32h7xx_hal_usart.c:2709:13:USART_DMAError	24	static
stm32h7xx_hal_usart.c:2735:13:USART_DMAAbortOnError	24	static
stm32h7xx_hal_usart.c:2758:13:USART_DMATxAbortCallback	24	static
stm32h7xx_hal_usart.c:2806:13:USART_DMARxAbortCallback	24	static
stm32h7xx_hal_usart.c:2855:26:USART_WaitOnFlagUntilTimeout	24	static
stm32h7xx_hal_usart.c:2883:26:USART_SetConfig	64	static
stm32h7xx_hal_usart.c:3005:26:USART_CheckIdleState	32	static
stm32h7xx_hal_usart.c:3055:13:USART_TxISR_8BIT	24	static
stm32h7xx_hal_usart.c:3090:13:USART_TxISR_16BIT	24	static
stm32h7xx_hal_usart.c:3126:13:USART_TxISR_8BIT_FIFOEN	24	static
stm32h7xx_hal_usart.c:3171:13:USART_TxISR_16BIT_FIFOEN	24	static
stm32h7xx_hal_usart.c:3214:13:USART_EndTransmit_IT	16	static
stm32h7xx_hal_usart.c:3271:13:USART_RxISR_8BIT	32	static
stm32h7xx_hal_usart.c:3362:13:USART_RxISR_16BIT	32	static
stm32h7xx_hal_usart.c:3455:13:USART_RxISR_8BIT_FIFOEN	32	static
stm32h7xx_hal_usart.c:3588:13:USART_RxISR_16BIT_FIFOEN	40	static
