CK_CRSF.c:156:6:CK_CRSF_Init	40	static
CK_CRSF.c:177:5:CK_CRSF_Update	24	static
CK_CRSF.c:214:6:CK_CRSF_SendTelemetry	24	static
CK_CRSF.c:235:6:CK_CRSF_AddByte	16	static
CK_CRSF.c:240:6:CK_CRSF_NewByte	24	static
CK_CRSF.c:290:6:CK_CRSF_Decode	8	static
CK_CRSF.c:314:6:CK_CRSF_Decode_11bit_Channels	16	static
CK_CRSF.c:340:6:CK_CRSF_Decode_LinkStatusFrame	24	static
CK_CRSF.c:357:5:CK_CRSF_GetChannelRaw	16	static
CK_CRSF.c:367:9:CK_CRSF_GetRSSI_dBm	4	static
CK_CRSF.c:371:13:CK_CRSF_GetRFMode	4	static
CK_CRSF.c:375:9:CK_CRSF_GetLinkQuality	4	static
CK_CRSF.c:381:6:USART6_IRQHandler	16	static
