core_cm7.h:1902:22:__NVIC_EnableIRQ	16	static,ignoring_inline_asm
CK_DSHOT.c:65:6:CK_DSHOT_Init	24	static
CK_DSHOT.c:102:6:CK_DSHOT_InitEndPoints	32	static
CK_DSHOT.c:116:7:CK_DSHOT_GetDigitalIdleOffset	4	static
CK_DSHOT.c:121:6:CK_DSHOT_SetMotor1	24	static
CK_DSHOT.c:131:6:CK_DSHOT_SetMotor2	24	static
CK_DSHOT.c:141:6:CK_DSHOT_SetMotor3	24	static
CK_DSHOT.c:151:6:CK_DSHOT_SetMotor4	24	static
CK_DSHOT.c:161:10:CK_DSHOT_PrepareDshotPacket	32	static
CK_DSHOT.c:181:6:CK_DSHOT_LoadDmaBufferDshot	32	static
CK_DSHOT.c:190:6:CK_DSHOT_Enable	4	static
CK_DSHOT.c:207:6:CK_DSHOT_Start1	16	static
CK_DSHOT.c:223:6:CK_DSHOT_Start2	16	static
CK_DSHOT.c:239:6:CK_DSHOT_Start3	16	static
CK_DSHOT.c:255:6:CK_DSHOT_Start4	16	static
CK_DSHOT.c:271:6:CK_DSHOT_Init1	40	static
CK_DSHOT.c:332:6:CK_DSHOT_Init2	40	static
CK_DSHOT.c:384:6:CK_DSHOT_Init3	40	static
CK_DSHOT.c:437:6:CK_DSHOT_Init4	40	static
CK_DSHOT.c:489:6:CK_DSHOT_InitInterrupt	24	static
CK_DSHOT.c:537:6:CK_DSHOT_DMA_ClearInterruptFlags	16	static
CK_DSHOT.c:566:10:CK_DSHOT_DMA_GetInterruptFlags	24	static
CK_DSHOT.c:598:9:CK_DSHOT_DMA_CheckTransferComplete	24	static
CK_DSHOT.c:630:6:TIM7_IRQHandler	8	static
CK_DSHOT.c:643:6:DMA1_Stream0_IRQHandler	4	static
CK_DSHOT.c:665:6:DMA1_Stream1_IRQHandler	4	static
CK_DSHOT.c:687:6:DMA1_Stream2_IRQHandler	4	static
CK_DSHOT.c:709:6:DMA1_Stream3_IRQHandler	4	static
