CK_MIXER.c:97:6:CK_MIXER_Init	16	static
CK_MIXER.c:128:6:CK_MIXER_Update	8	static
CK_MIXER.c:144:6:CK_MIXER_MixTable	64	static
CK_MIXER.c:221:6:CK_MIXER_ApplyMixToMotors	24	static
CK_MIXER.c:256:6:CK_MIXER_ApplyFinalToMotors	8	static
CK_MIXER.c:262:6:CK_MIXER_CalculateThrottleAndMotorRange	16	static
CK_MIXER.c:285:7:CK_MIXER_GetMixRange	4	static
CK_MIXER.c:289:6:CK_MIXER_IsMixerSaturated	4	static
CK_MIXER.c:294:5:CK_MIXER_GetMotorFinalResult	16	static
CK_MIXER.c:298:7:CK_MIXER_GetMotorMixResult	16	static
