CK_NAVIGATION.c:46:6:CK_NAVIGATION_GPSRescue	8	static
CK_NAVIGATION.c:118:6:CK_NAVIGATION_GPSDistancePID	8	static
CK_NAVIGATION.c:139:6:CK_NAVIGATION_GPSHeadingHold	4	static
CK_NAVIGATION.c:163:6:CK_NAVIGATION_GPSPositionHold	24	static
CK_NAVIGATION.c:238:6:CK_NAVIGATION_MAGHeadingHold	4	static
CK_NAVIGATION.c:278:7:CK_NAVIGATION_GetGPSHeadingSetpoint	4	static
CK_NAVIGATION.c:282:7:CK_NAVIGATION_GetGPSHeadingError	4	static
CK_NAVIGATION.c:286:7:CK_NAVIGATION_GetGPSHeadingCorrection	4	static
CK_NAVIGATION.c:290:7:CK_NAVIGATION_GetMAGHeadingSetpoint	4	static
CK_NAVIGATION.c:294:7:CK_NAVIGATION_GetMAGHeadingError	4	static
CK_NAVIGATION.c:298:7:CK_NAVIGATION_GetMAGHeadingCorrection	4	static
