CK_RECEIVER.c:62:6:CK_RECEIVER_Init	16	static
CK_RECEIVER.c:160:6:CK_RECEIVER_WaitARM	24	static
CK_RECEIVER.c:218:6:CK_RECEIVER_Update	16	static
CK_RECEIVER.c:253:5:CK_RECEIVER_IsNewData	16	static
CK_RECEIVER.c:262:6:CK_RECEIVER_GetAndScaleChannels	24	static
CK_RECEIVER.c:306:6:CK_RECEIVER_CheckAndSetFlags	8	static
CK_RECEIVER.c:544:9:CK_RECEIVER_isArmed	4	static
CK_RECEIVER.c:553:9:CK_RECEIVER_isFailSafe	4	static
CK_RECEIVER.c:562:9:CK_RECEIVER_GetFlightMode	4	static
CK_RECEIVER.c:577:9:CK_RECEIVER_GetAltitudeMode	4	static
CK_RECEIVER.c:589:9:CK_RECEIVER_GetNavigationMode	4	static
