CK_MAX7456.c:162:6:CK_MAX7456_Init	24	static
CK_MAX7456.c:175:6:CK_MAX7456_Config	16	static
CK_MAX7456.c:187:6:CK_MAX7456_ShowFonts	16	static
CK_MAX7456.c:230:9:CK_MAX7456_CharUpdate	16	static
CK_MAX7456.c:268:6:CK_MAX7456_WriteChar	24	static
CK_MAX7456.c:294:6:CK_MAX7456_Update	16	static
CK_MAX7456.c:365:6:DMA1_Stream5_IRQHandler	4	static
CK_MAX7456.c:391:6:CK_MAX7456_TimerPlot	56	static
CK_MAX7456.c:468:6:CK_MAX7456_VoltagePlot	64	static
CK_MAX7456.c:548:6:CK_MAX7456_CurrentPlot	64	static
CK_MAX7456.c:666:6:CK_MAX7456_MahPlot	72	static
CK_MAX7456.c:794:6:CK_MAX7456_LipoIconPlot	48	static
CK_MAX7456.c:929:6:CK_MAX7456_FirmwareRatePlot	56	static
CK_MAX7456.c:1011:6:CK_MAX7456_RssiPlot	64	static
CK_MAX7456.c:1122:6:CK_MAX7456_RssidBmPlot	56	static
CK_MAX7456.c:1234:6:CK_MAX7456_RssiLinkQualityPlot	56	static
CK_MAX7456.c:1344:6:CK_MAX7456_GpsSattelitePlot	48	static
CK_MAX7456.c:1454:6:CK_MAX7456_GpsDistanceToDestinationPlot	56	static
CK_MAX7456.c:1543:6:CK_MAX7456_GpsGroundSpeedPlot	56	static
CK_MAX7456.c:1635:6:CK_MAX7456_GpsHeadingToDestinationPlot	48	static
CK_MAX7456.c:1725:6:CK_MAX7456_GpsHeadingOfMotionPlot	48	static
CK_MAX7456.c:1814:6:CK_MAX7456_CoreTemperaturePlot	48	static
CK_MAX7456.c:1878:6:CK_MAX7456_AltitudePlot	56	static
CK_MAX7456.c:1990:6:CK_MAX7456_PidPlot	88	static
CK_MAX7456.c:2204:6:CK_MAX7456_TPAPlot	72	static
CK_MAX7456.c:2289:6:CK_MAX7456_ImuHeadingPlot	48	static
CK_MAX7456.c:2367:6:CK_MAX7456_FlightModePlot	24	static
CK_MAX7456.c:2415:6:CK_MAX7456_AltitudeModePlot	32	static
CK_MAX7456.c:2467:6:CK_MAX746_NavigationModePlot	32	static
CK_MAX7456.c:2526:6:CK_MAX7456_FailsafePlot	24	static
CK_MAX7456.c:2582:6:CK_MAX7456_CKFLIGHTPlot	40	static
CK_MAX7456.c:2696:6:CK_MAX7456_PrintLogo	32	static
CK_MAX7456.c:2721:6:CK_MAX7456_ClearLogo	24	static
CK_MAX7456.c:2745:6:CK_MAX7456_Write_BufferElements	32	static
CK_MAX7456.c:2774:6:CK_MAX7456_ClearBuffer	16	static
CK_MAX7456.c:2781:6:CK_MAX7456_OSD_DMA_Packet	24	static
CK_MAX7456.c:2801:6:CK_MAX7456_OSD_FillBuffer	40	static
CK_MAX7456.c:2816:6:CK_MAX7456_ClearScreen	8	static
CK_MAX7456.c:2826:6:CK_MAX7456_Reset	16	static
CK_MAX7456.c:2833:6:CK_MAX7456_CheckReset	32	static
CK_MAX7456.c:2857:9:CK_MAX7456_WriteRegister	24	static
CK_MAX7456.c:2869:5:CK_MAX7456_GetPlotIndex	32	static
CK_MAX7456.c:2886:9:CK_MAX7456_GetLipoAddress	24	static
CK_MAX7456.c:2920:9:CK_MAX7456_GetCharacterAddress	24	static
CK_MAX7456.c:2955:9:CK_MAX7456_GetSpecialCharacterAddress	24	static
CK_MAX7456.c:3064:9:CK_MAX7456_GetArrowCharacter	16	static
