core_cm7.h:2156:34:__NVIC_SystemReset	4	static,ignoring_inline_asm
CK_BLHELIPASS.c:38:6:CK_BLHELIPASS_Init	16	static
CK_BLHELIPASS.c:74:6:CK_BLHELIPASS_ESC1_Passthrough	8	static
CK_BLHELIPASS.c:117:6:CK_BLHELIPASS_ESC2_Passthrough	8	static
CK_BLHELIPASS.c:160:6:CK_BLHELIPASS_ESC3_Passthrough	8	static
CK_BLHELIPASS.c:203:6:CK_BLHELIPASS_ESC4_Passthrough	8	static
CK_BLHELIPASS.c:247:6:CK_BLHELIPASS_Set_ONEWIRE_Output	16	static
CK_BLHELIPASS.c:253:6:CK_BLHELIPASS_Set_ONEWIRE_Input	16	static
CK_BLHELIPASS.c:259:6:CK_BLHELIPASS_ONEWIRE_PULLUP	16	static
CK_BLHELIPASS.c:265:6:CK_BLHELIPASS_ONEWIRE_CLEARPULLUP	16	static
CK_BLHELIPASS.c:271:6:CK_BLHELIPASS_ReadUSBCommand	16	static
CK_BLHELIPASS.c:278:6:CK_BLHELIPASS_ApplyUSBCommand	8	static
