core_cm7.h:2156:34:__NVIC_SystemReset	4	static,ignoring_inline_asm
CK_PRINTER.c:38:6:CK_PRINTER_Init	16	static
CK_PRINTER.c:77:6:CK_PRINTER_Update	16	static
CK_PRINTER.c:211:6:CK_PRINTER_DecodeInputStream	16	static
CK_PRINTER.c:222:6:CK_PRINTER_Transfer	16	static
CK_PRINTER.c:231:6:CK_PRINTER_PrintString	16	static
CK_PRINTER.c:238:6:CK_PRINTER_PrintlnString	16	static
CK_PRINTER.c:245:6:CK_PRINTER_PrintInt	16	static
CK_PRINTER.c:252:6:CK_PRINTER_PrintlnInt	16	static
CK_PRINTER.c:259:6:CK_PRINTER_PrintFloat	16	static
CK_PRINTER.c:266:6:CK_PRINTER_PrintlnFloat	16	static
CK_PRINTER.c:273:6:CK_PRINTER_PrintFloatDecimal	16	static
CK_PRINTER.c:280:6:CK_PRINTER_PrintlnFloatDecimal	16	static
CK_PRINTER.c:287:6:CK_PRINTER_PrintADC	8	static
CK_PRINTER.c:298:6:CK_PRINTER_PrintPID	8	static
CK_PRINTER.c:312:6:CK_PRINTER_PrintRC	8	static
CK_PRINTER.c:326:6:CK_PRINTER_PrintNavigation	16	static
CK_PRINTER.c:358:6:CK_PRINTER_PrintGPS	16	static
CK_PRINTER.c:391:6:CK_PRINTER_PrintMotorFinalResults	16	static
CK_PRINTER.c:414:6:CK_PRINTER_PrintMotorMixResults	16	static
CK_PRINTER.c:437:6:CK_PRINTER_PrintFlags	16	static
CK_PRINTER.c:474:6:CK_PRINTER_PrintRCTrim	16	static
CK_PRINTER.c:493:6:CK_PRINTER_PrintRCSetpoint	16	static
CK_PRINTER.c:514:6:CK_PRINTER_PrintRCCommand	16	static
CK_PRINTER.c:553:6:CK_PRINTER_PrintRCData	16	static
CK_PRINTER.c:596:6:CK_PRINTER_PrintGyroADCf	16	static
CK_PRINTER.c:617:6:CK_PRINTER_PrintGyroADCZero	16	static
CK_PRINTER.c:638:6:CK_PRINTER_PrintGyroADCRaw	16	static
CK_PRINTER.c:660:6:CK_PRINTER_PrintAccADCf	16	static
CK_PRINTER.c:681:6:CK_PRINTER_PrintAccADCZero	16	static
CK_PRINTER.c:702:6:CK_PRINTER_PrintAccADCRaw	16	static
CK_PRINTER.c:723:6:CK_PRINTER_PrintMagADCf	16	static
CK_PRINTER.c:744:6:CK_PRINTER_PrintMagHardIron	16	static
CK_PRINTER.c:765:6:CK_PRINTER_PrintMagADCRaw	16	static
CK_PRINTER.c:786:6:CK_PRINTER_PrintAltitudeHold	16	static
CK_PRINTER.c:820:6:CK_PRINTER_PrintIMUAngles	16	static
CK_PRINTER.c:849:6:CK_PRINTER_PrintLoopTime	16	static
CK_PRINTER.c:865:6:CK_PRINTER_PrintDebugTimes	8	static
CK_PRINTER.c:891:6:CK_PRINTER_PrintMotionCalibration	16	static
CK_PRINTER.c:924:6:CK_PRINTER_PrintRXRefrashRate	16	static
CK_PRINTER.c:941:6:CK_PRINTER_PrintFeedforward	16	static
