CK_FLASH_W25Q128FV.c:61:6:CK_FLASH_W25Q128FV_Init	24	static
CK_FLASH_W25Q128FV.c:73:6:CK_FLASH_W25Q128FV_WritePage	32	static
CK_FLASH_W25Q128FV.c:116:6:CK_FLASH_W25Q128FV_FastRead	40	static
CK_FLASH_W25Q128FV.c:148:6:CK_FLASH_W25Q128FV_Read	40	static
CK_FLASH_W25Q128FV.c:175:6:CK_FLASH_W25Q128FV_StartBurstRead	16	static
CK_FLASH_W25Q128FV.c:196:6:CK_FLASH_W25Q128FV_SectorErase	16	static
CK_FLASH_W25Q128FV.c:215:6:CK_FLASH_W25Q128FV_BlockErase32KB	16	static
CK_FLASH_W25Q128FV.c:234:6:CK_FLASH_W25Q128FV_BlockErase64KB	16	static
CK_FLASH_W25Q128FV.c:253:6:CK_FLASH_W25Q128FV_ChipErase	8	static
CK_FLASH_W25Q128FV.c:271:6:CK_FLASH_W25Q128FV_WaitBusy	16	static
CK_FLASH_W25Q128FV.c:282:9:CK_FLASH_W25Q128FV_ReadStatusRegister	24	static
CK_FLASH_W25Q128FV.c:295:6:CK_FLASH_W25Q128FV_WriteEnable	8	static
CK_FLASH_W25Q128FV.c:312:6:CK_FLASH_W25Q128FV_WriteDisable	8	static
CK_FLASH_W25Q128FV.c:330:6:CK_FLASH_W25Q128FV_ReadID	16	static
CK_FLASH_W25Q128FV.c:353:10:CK_FLASH_W25Q128FV_GetAddress	24	static
CK_FLASH_W25Q128FV.c:367:6:CK_FLASH_W25Q128FV_SelectChip	8	static
CK_FLASH_W25Q128FV.c:372:6:CK_FLASH_W25Q128FV_DeselectChip	8	static
